19:10:29 **** Incremental Build of configuration Debug for project FSR ****
make -j12 all 
arm-none-eabi-gcc "../Src/adc.c" -mcpu=cortex-m4 -std=gnu11 -g3 -DDEBUG -DSTM32 -DSTM32F407G_DISC1 -DSTM32F4 -DSTM32F407VGTx -DARM_MATH_CM4 -DSTM32F407xx -DUSE_HAL_DRIVER -c -I../Inc -I"D:/PROJECTS/Git/HMI_MODEL_PROTHESIS_ARM/STM workspace/FSR/chip_headers/Drivers/CMSIS/Device/ST/STM32F4xx/Include" -I"D:/PROJECTS/Git/HMI_MODEL_PROTHESIS_ARM/STM workspace/FSR/chip_headers/Drivers/CMSIS/Include" -I"D:/PROJECTS/Git/HMI_MODEL_PROTHESIS_ARM/STM workspace/FSR/chip_headers/Drivers/CMSIS/DSP/Include" -I"D:/PROJECTS/Git/HMI_MODEL_PROTHESIS_ARM/STM workspace/FSR/chip_headers/Drivers/CMSIS/DSP/PrivateInclude" -I"D:/PROJECTS/Git/HMI_MODEL_PROTHESIS_ARM/STM workspace/FSR/chip_headers/Drivers/STM32F4xx_HAL_Driver/Inc" -O0 -ffunction-sections -fdata-sections -Wall -fstack-usage -fcyclomatic-complexity -MMD -MP -MF"Src/adc.d" -MT"Src/adc.o" --specs=nano.specs -mfpu=fpv4-sp-d16 -mfloat-abi=hard -mthumb -o "Src/adc.o"
arm-none-eabi-gcc -o "FSR.elf" @"objects.list"   -mcpu=cortex-m4 -T"D:\PROJECTS\Git\HMI_MODEL_PROTHESIS_ARM\STM workspace\FSR\STM32F407VGTX_FLASH.ld" --specs=nosys.specs -Wl,-Map="FSR.map" -Wl,--gc-sections -static --specs=nano.specs -mfpu=fpv4-sp-d16 -mfloat-abi=hard -mthumb -Wl,--start-group -lc -lm -Wl,--end-group
Finished building target: FSR.elf
 
arm-none-eabi-size  FSR.elf 
arm-none-eabi-objdump -h -S FSR.elf  > "FSR.list"
   text	   data	    bss	    dec	    hex	filename
   1152	      0	   1568	   2720	    aa0	FSR.elf
Finished building: default.size.stdout
 
Finished building: FSR.list
 

19:10:30 Build Finished. 0 errors, 0 warnings. (took 1s.127ms)

