21:03:21 **** Incremental Build of configuration Debug for project FSR ****
make -j12 all 
arm-none-eabi-gcc "../Src/main.c" -mcpu=cortex-m4 -std=gnu11 -g3 -DDEBUG -DSTM32 -DSTM32F407G_DISC1 -DSTM32F4 -DSTM32F407VGTx -DARM_MATH_CM4 -DSTM32F407xx -c -I../Inc -I"D:/PROJECTS/Git/HMI_MODEL_PROTHESIS_ARM/STM workspace/FSR/chip_headers/Drivers/CMSIS/Device/ST/STM32F4xx/Include" -I"D:/PROJECTS/Git/HMI_MODEL_PROTHESIS_ARM/STM workspace/FSR/chip_headers/Drivers/CMSIS/Include" -I"D:/PROJECTS/Git/HMI_MODEL_PROTHESIS_ARM/STM workspace/FSR/chip_headers/Drivers/CMSIS/DSP/Include" -I"D:/PROJECTS/Git/HMI_MODEL_PROTHESIS_ARM/STM workspace/FSR/chip_headers/Drivers/CMSIS/DSP/PrivateInclude" -O0 -ffunction-sections -fdata-sections -Wall -fstack-usage -fcyclomatic-complexity -MMD -MP -MF"Src/main.d" -MT"Src/main.o" --specs=nano.specs -mfpu=fpv4-sp-d16 -mfloat-abi=hard -mthumb -o "Src/main.o"
arm-none-eabi-gcc -o "FSR.elf" @"objects.list"   -mcpu=cortex-m4 -T"D:\PROJECTS\Git\HMI_MODEL_PROTHESIS_ARM\STM workspace\FSR\STM32F407VGTX_FLASH.ld" --specs=nosys.specs -Wl,-Map="FSR.map" -Wl,--gc-sections -static --specs=nano.specs -mfpu=fpv4-sp-d16 -mfloat-abi=hard -mthumb -Wl,--start-group -lc -lm -Wl,--end-group
Finished building target: FSR.elf
 
arm-none-eabi-size  FSR.elf 
arm-none-eabi-objdump -h -S FSR.elf  > "FSR.list"
   text	   data	    bss	    dec	    hex	filename
   1684	      0	   1576	   3260	    cbc	FSR.elf
Finished building: default.size.stdout
 
Finished building: FSR.list
 
21:03:29 **** Incremental Build of configuration Debug for project FSR ****
make -j12 all 
arm-none-eabi-size  FSR.elf 
   text	   data	    bss	    dec	    hex	filename
   1684	      0	   1576	   3260	    cbc	FSR.elf
Finished building: default.size.stdout
 
21:04:53 **** Incremental Build of configuration Debug for project FSR ****
make -j12 all 
arm-none-eabi-gcc "../Src/main.c" -mcpu=cortex-m4 -std=gnu11 -g3 -DDEBUG -DSTM32 -DSTM32F407G_DISC1 -DSTM32F4 -DSTM32F407VGTx -DARM_MATH_CM4 -DSTM32F407xx -c -I../Inc -I"D:/PROJECTS/Git/HMI_MODEL_PROTHESIS_ARM/STM workspace/FSR/chip_headers/Drivers/CMSIS/Device/ST/STM32F4xx/Include" -I"D:/PROJECTS/Git/HMI_MODEL_PROTHESIS_ARM/STM workspace/FSR/chip_headers/Drivers/CMSIS/Include" -I"D:/PROJECTS/Git/HMI_MODEL_PROTHESIS_ARM/STM workspace/FSR/chip_headers/Drivers/CMSIS/DSP/Include" -I"D:/PROJECTS/Git/HMI_MODEL_PROTHESIS_ARM/STM workspace/FSR/chip_headers/Drivers/CMSIS/DSP/PrivateInclude" -O0 -ffunction-sections -fdata-sections -Wall -fstack-usage -fcyclomatic-complexity -MMD -MP -MF"Src/main.d" -MT"Src/main.o" --specs=nano.specs -mfpu=fpv4-sp-d16 -mfloat-abi=hard -mthumb -o "Src/main.o"
../Src/main.c: In function 'main':
../Src/main.c:34:17: warning: implicit declaration of function 'delayms' [-Wimplicit-function-declaration]
   34 |                 delayms(500);
      |                 ^~~~~~~
arm-none-eabi-gcc -o "FSR.elf" @"objects.list"   -mcpu=cortex-m4 -T"D:\PROJECTS\Git\HMI_MODEL_PROTHESIS_ARM\STM workspace\FSR\STM32F407VGTX_FLASH.ld" --specs=nosys.specs -Wl,-Map="FSR.map" -Wl,--gc-sections -static --specs=nano.specs -mfpu=fpv4-sp-d16 -mfloat-abi=hard -mthumb -Wl,--start-group -lc -lm -Wl,--end-group
Finished building target: FSR.elf
 
arm-none-eabi-size  FSR.elf 
arm-none-eabi-objdump -h -S FSR.elf  > "FSR.list"
   text	   data	    bss	    dec	    hex	filename
   1824	      0	   1576	   3400	    d48	FSR.elf
Finished building: default.size.stdout
 
Finished building: FSR.list
 
21:19:47 **** Incremental Build of configuration Debug for project FSR ****
make -j12 all 
arm-none-eabi-gcc "../Src/adc.c" -mcpu=cortex-m4 -std=gnu11 -g3 -DDEBUG -DSTM32 -DSTM32F407G_DISC1 -DSTM32F4 -DSTM32F407VGTx -DARM_MATH_CM4 -DSTM32F407xx -c -I../Inc -I"D:/PROJECTS/Git/HMI_MODEL_PROTHESIS_ARM/STM workspace/FSR/chip_headers/Drivers/CMSIS/Device/ST/STM32F4xx/Include" -I"D:/PROJECTS/Git/HMI_MODEL_PROTHESIS_ARM/STM workspace/FSR/chip_headers/Drivers/CMSIS/Include" -I"D:/PROJECTS/Git/HMI_MODEL_PROTHESIS_ARM/STM workspace/FSR/chip_headers/Drivers/CMSIS/DSP/Include" -I"D:/PROJECTS/Git/HMI_MODEL_PROTHESIS_ARM/STM workspace/FSR/chip_headers/Drivers/CMSIS/DSP/PrivateInclude" -O0 -ffunction-sections -fdata-sections -Wall -fstack-usage -fcyclomatic-complexity -MMD -MP -MF"Src/adc.d" -MT"Src/adc.o" --specs=nano.specs -mfpu=fpv4-sp-d16 -mfloat-abi=hard -mthumb -o "Src/adc.o"
arm-none-eabi-gcc "../Src/main.c" -mcpu=cortex-m4 -std=gnu11 -g3 -DDEBUG -DSTM32 -DSTM32F407G_DISC1 -DSTM32F4 -DSTM32F407VGTx -DARM_MATH_CM4 -DSTM32F407xx -c -I../Inc -I"D:/PROJECTS/Git/HMI_MODEL_PROTHESIS_ARM/STM workspace/FSR/chip_headers/Drivers/CMSIS/Device/ST/STM32F4xx/Include" -I"D:/PROJECTS/Git/HMI_MODEL_PROTHESIS_ARM/STM workspace/FSR/chip_headers/Drivers/CMSIS/Include" -I"D:/PROJECTS/Git/HMI_MODEL_PROTHESIS_ARM/STM workspace/FSR/chip_headers/Drivers/CMSIS/DSP/Include" -I"D:/PROJECTS/Git/HMI_MODEL_PROTHESIS_ARM/STM workspace/FSR/chip_headers/Drivers/CMSIS/DSP/PrivateInclude" -O0 -ffunction-sections -fdata-sections -Wall -fstack-usage -fcyclomatic-complexity -MMD -MP -MF"Src/main.d" -MT"Src/main.o" --specs=nano.specs -mfpu=fpv4-sp-d16 -mfloat-abi=hard -mthumb -o "Src/main.o"
arm-none-eabi-gcc -o "FSR.elf" @"objects.list"   -mcpu=cortex-m4 -T"D:\PROJECTS\Git\HMI_MODEL_PROTHESIS_ARM\STM workspace\FSR\STM32F407VGTX_FLASH.ld" --specs=nosys.specs -Wl,-Map="FSR.map" -Wl,--gc-sections -static --specs=nano.specs -mfpu=fpv4-sp-d16 -mfloat-abi=hard -mthumb -Wl,--start-group -lc -lm -Wl,--end-group
Finished building target: FSR.elf
 
arm-none-eabi-size  FSR.elf 
arm-none-eabi-objdump -h -S FSR.elf  > "FSR.list"
   text	   data	    bss	    dec	    hex	filename
   1696	      0	   1576	   3272	    cc8	FSR.elf
Finished building: default.size.stdout
 
Finished building: FSR.list
 
21:21:08 **** Incremental Build of configuration Debug for project FSR ****
make -j12 all 
arm-none-eabi-gcc "../Src/adc.c" -mcpu=cortex-m4 -std=gnu11 -g3 -DDEBUG -DSTM32 -DSTM32F407G_DISC1 -DSTM32F4 -DSTM32F407VGTx -DARM_MATH_CM4 -DSTM32F407xx -c -I../Inc -I"D:/PROJECTS/Git/HMI_MODEL_PROTHESIS_ARM/STM workspace/FSR/chip_headers/Drivers/CMSIS/Device/ST/STM32F4xx/Include" -I"D:/PROJECTS/Git/HMI_MODEL_PROTHESIS_ARM/STM workspace/FSR/chip_headers/Drivers/CMSIS/Include" -I"D:/PROJECTS/Git/HMI_MODEL_PROTHESIS_ARM/STM workspace/FSR/chip_headers/Drivers/CMSIS/DSP/Include" -I"D:/PROJECTS/Git/HMI_MODEL_PROTHESIS_ARM/STM workspace/FSR/chip_headers/Drivers/CMSIS/DSP/PrivateInclude" -O0 -ffunction-sections -fdata-sections -Wall -fstack-usage -fcyclomatic-complexity -MMD -MP -MF"Src/adc.d" -MT"Src/adc.o" --specs=nano.specs -mfpu=fpv4-sp-d16 -mfloat-abi=hard -mthumb -o "Src/adc.o"
arm-none-eabi-gcc -o "FSR.elf" @"objects.list"   -mcpu=cortex-m4 -T"D:\PROJECTS\Git\HMI_MODEL_PROTHESIS_ARM\STM workspace\FSR\STM32F407VGTX_FLASH.ld" --specs=nosys.specs -Wl,-Map="FSR.map" -Wl,--gc-sections -static --specs=nano.specs -mfpu=fpv4-sp-d16 -mfloat-abi=hard -mthumb -Wl,--start-group -lc -lm -Wl,--end-group
Finished building target: FSR.elf
 
arm-none-eabi-size  FSR.elf 
arm-none-eabi-objdump -h -S FSR.elf  > "FSR.list"
   text	   data	    bss	    dec	    hex	filename
   1696	      0	   1576	   3272	    cc8	FSR.elf
Finished building: default.size.stdout
 
Finished building: FSR.list
 
21:28:04 **** Incremental Build of configuration Debug for project FSR ****
make -j12 all 
arm-none-eabi-gcc "../Src/adc.c" -mcpu=cortex-m4 -std=gnu11 -g3 -DDEBUG -DSTM32 -DSTM32F407G_DISC1 -DSTM32F4 -DSTM32F407VGTx -DARM_MATH_CM4 -DSTM32F407xx -c -I../Inc -I"D:/PROJECTS/Git/HMI_MODEL_PROTHESIS_ARM/STM workspace/FSR/chip_headers/Drivers/CMSIS/Device/ST/STM32F4xx/Include" -I"D:/PROJECTS/Git/HMI_MODEL_PROTHESIS_ARM/STM workspace/FSR/chip_headers/Drivers/CMSIS/Include" -I"D:/PROJECTS/Git/HMI_MODEL_PROTHESIS_ARM/STM workspace/FSR/chip_headers/Drivers/CMSIS/DSP/Include" -I"D:/PROJECTS/Git/HMI_MODEL_PROTHESIS_ARM/STM workspace/FSR/chip_headers/Drivers/CMSIS/DSP/PrivateInclude" -O0 -ffunction-sections -fdata-sections -Wall -fstack-usage -fcyclomatic-complexity -MMD -MP -MF"Src/adc.d" -MT"Src/adc.o" --specs=nano.specs -mfpu=fpv4-sp-d16 -mfloat-abi=hard -mthumb -o "Src/adc.o"
arm-none-eabi-gcc "../Src/main.c" -mcpu=cortex-m4 -std=gnu11 -g3 -DDEBUG -DSTM32 -DSTM32F407G_DISC1 -DSTM32F4 -DSTM32F407VGTx -DARM_MATH_CM4 -DSTM32F407xx -c -I../Inc -I"D:/PROJECTS/Git/HMI_MODEL_PROTHESIS_ARM/STM workspace/FSR/chip_headers/Drivers/CMSIS/Device/ST/STM32F4xx/Include" -I"D:/PROJECTS/Git/HMI_MODEL_PROTHESIS_ARM/STM workspace/FSR/chip_headers/Drivers/CMSIS/Include" -I"D:/PROJECTS/Git/HMI_MODEL_PROTHESIS_ARM/STM workspace/FSR/chip_headers/Drivers/CMSIS/DSP/Include" -I"D:/PROJECTS/Git/HMI_MODEL_PROTHESIS_ARM/STM workspace/FSR/chip_headers/Drivers/CMSIS/DSP/PrivateInclude" -O0 -ffunction-sections -fdata-sections -Wall -fstack-usage -fcyclomatic-complexity -MMD -MP -MF"Src/main.d" -MT"Src/main.o" --specs=nano.specs -mfpu=fpv4-sp-d16 -mfloat-abi=hard -mthumb -o "Src/main.o"
arm-none-eabi-gcc -o "FSR.elf" @"objects.list"   -mcpu=cortex-m4 -T"D:\PROJECTS\Git\HMI_MODEL_PROTHESIS_ARM\STM workspace\FSR\STM32F407VGTX_FLASH.ld" --specs=nosys.specs -Wl,-Map="FSR.map" -Wl,--gc-sections -static --specs=nano.specs -mfpu=fpv4-sp-d16 -mfloat-abi=hard -mthumb -Wl,--start-group -lc -lm -Wl,--end-group
Finished building target: FSR.elf
 
arm-none-eabi-size  FSR.elf 
arm-none-eabi-objdump -h -S FSR.elf  > "FSR.list"
   text	   data	    bss	    dec	    hex	filename
   1636	      0	   1576	   3212	    c8c	FSR.elf
Finished building: default.size.stdout
 
Finished building: FSR.list
 
21:40:11 **** Incremental Build of configuration Debug for project FSR ****
make -j12 all 
arm-none-eabi-gcc "../Src/adc.c" -mcpu=cortex-m4 -std=gnu11 -g3 -DDEBUG -DSTM32 -DSTM32F407G_DISC1 -DSTM32F4 -DSTM32F407VGTx -DARM_MATH_CM4 -DSTM32F407xx -c -I../Inc -I"D:/PROJECTS/Git/HMI_MODEL_PROTHESIS_ARM/STM workspace/FSR/chip_headers/Drivers/CMSIS/Device/ST/STM32F4xx/Include" -I"D:/PROJECTS/Git/HMI_MODEL_PROTHESIS_ARM/STM workspace/FSR/chip_headers/Drivers/CMSIS/Include" -I"D:/PROJECTS/Git/HMI_MODEL_PROTHESIS_ARM/STM workspace/FSR/chip_headers/Drivers/CMSIS/DSP/Include" -I"D:/PROJECTS/Git/HMI_MODEL_PROTHESIS_ARM/STM workspace/FSR/chip_headers/Drivers/CMSIS/DSP/PrivateInclude" -O0 -ffunction-sections -fdata-sections -Wall -fstack-usage -fcyclomatic-complexity -MMD -MP -MF"Src/adc.d" -MT"Src/adc.o" --specs=nano.specs -mfpu=fpv4-sp-d16 -mfloat-abi=hard -mthumb -o "Src/adc.o"
arm-none-eabi-gcc -o "FSR.elf" @"objects.list"   -mcpu=cortex-m4 -T"D:\PROJECTS\Git\HMI_MODEL_PROTHESIS_ARM\STM workspace\FSR\STM32F407VGTX_FLASH.ld" --specs=nosys.specs -Wl,-Map="FSR.map" -Wl,--gc-sections -static --specs=nano.specs -mfpu=fpv4-sp-d16 -mfloat-abi=hard -mthumb -Wl,--start-group -lc -lm -Wl,--end-group
Finished building target: FSR.elf
 
arm-none-eabi-size  FSR.elf 
arm-none-eabi-objdump -h -S FSR.elf  > "FSR.list"
   text	   data	    bss	    dec	    hex	filename
   1596	      0	   1576	   3172	    c64	FSR.elf
Finished building: default.size.stdout
 
Finished building: FSR.list
 
21:41:32 **** Incremental Build of configuration Debug for project FSR ****
make -j12 all 
arm-none-eabi-gcc "../Src/adc.c" -mcpu=cortex-m4 -std=gnu11 -g3 -DDEBUG -DSTM32 -DSTM32F407G_DISC1 -DSTM32F4 -DSTM32F407VGTx -DARM_MATH_CM4 -DSTM32F407xx -c -I../Inc -I"D:/PROJECTS/Git/HMI_MODEL_PROTHESIS_ARM/STM workspace/FSR/chip_headers/Drivers/CMSIS/Device/ST/STM32F4xx/Include" -I"D:/PROJECTS/Git/HMI_MODEL_PROTHESIS_ARM/STM workspace/FSR/chip_headers/Drivers/CMSIS/Include" -I"D:/PROJECTS/Git/HMI_MODEL_PROTHESIS_ARM/STM workspace/FSR/chip_headers/Drivers/CMSIS/DSP/Include" -I"D:/PROJECTS/Git/HMI_MODEL_PROTHESIS_ARM/STM workspace/FSR/chip_headers/Drivers/CMSIS/DSP/PrivateInclude" -O0 -ffunction-sections -fdata-sections -Wall -fstack-usage -fcyclomatic-complexity -MMD -MP -MF"Src/adc.d" -MT"Src/adc.o" --specs=nano.specs -mfpu=fpv4-sp-d16 -mfloat-abi=hard -mthumb -o "Src/adc.o"
arm-none-eabi-gcc -o "FSR.elf" @"objects.list"   -mcpu=cortex-m4 -T"D:\PROJECTS\Git\HMI_MODEL_PROTHESIS_ARM\STM workspace\FSR\STM32F407VGTX_FLASH.ld" --specs=nosys.specs -Wl,-Map="FSR.map" -Wl,--gc-sections -static --specs=nano.specs -mfpu=fpv4-sp-d16 -mfloat-abi=hard -mthumb -Wl,--start-group -lc -lm -Wl,--end-group
Finished building target: FSR.elf
 
arm-none-eabi-size  FSR.elf 
arm-none-eabi-objdump -h -S FSR.elf  > "FSR.list"
   text	   data	    bss	    dec	    hex	filename
   1596	      0	   1576	   3172	    c64	FSR.elf
Finished building: default.size.stdout
 
Finished building: FSR.list
 
21:42:51 **** Incremental Build of configuration Debug for project FSR ****
make -j12 all 
arm-none-eabi-gcc "../Src/adc.c" -mcpu=cortex-m4 -std=gnu11 -g3 -DDEBUG -DSTM32 -DSTM32F407G_DISC1 -DSTM32F4 -DSTM32F407VGTx -DARM_MATH_CM4 -DSTM32F407xx -c -I../Inc -I"D:/PROJECTS/Git/HMI_MODEL_PROTHESIS_ARM/STM workspace/FSR/chip_headers/Drivers/CMSIS/Device/ST/STM32F4xx/Include" -I"D:/PROJECTS/Git/HMI_MODEL_PROTHESIS_ARM/STM workspace/FSR/chip_headers/Drivers/CMSIS/Include" -I"D:/PROJECTS/Git/HMI_MODEL_PROTHESIS_ARM/STM workspace/FSR/chip_headers/Drivers/CMSIS/DSP/Include" -I"D:/PROJECTS/Git/HMI_MODEL_PROTHESIS_ARM/STM workspace/FSR/chip_headers/Drivers/CMSIS/DSP/PrivateInclude" -O0 -ffunction-sections -fdata-sections -Wall -fstack-usage -fcyclomatic-complexity -MMD -MP -MF"Src/adc.d" -MT"Src/adc.o" --specs=nano.specs -mfpu=fpv4-sp-d16 -mfloat-abi=hard -mthumb -o "Src/adc.o"
arm-none-eabi-gcc -o "FSR.elf" @"objects.list"   -mcpu=cortex-m4 -T"D:\PROJECTS\Git\HMI_MODEL_PROTHESIS_ARM\STM workspace\FSR\STM32F407VGTX_FLASH.ld" --specs=nosys.specs -Wl,-Map="FSR.map" -Wl,--gc-sections -static --specs=nano.specs -mfpu=fpv4-sp-d16 -mfloat-abi=hard -mthumb -Wl,--start-group -lc -lm -Wl,--end-group
Finished building target: FSR.elf
 
arm-none-eabi-size  FSR.elf 
arm-none-eabi-objdump -h -S FSR.elf  > "FSR.list"
   text	   data	    bss	    dec	    hex	filename
   1596	      0	   1576	   3172	    c64	FSR.elf
Finished building: default.size.stdout
 
Finished building: FSR.list
 
