19:03:14 **** Incremental Build of configuration Debug for project FSR ****
make -j12 all 
arm-none-eabi-gcc "../Src/adc.c" -mcpu=cortex-m4 -std=gnu11 -g3 -DDEBUG -DSTM32 -DSTM32F407G_DISC1 -DSTM32F4 -DSTM32F407VGTx -DARM_MATH_CM4 -DSTM32F407xx -DUSE_HAL_DRIVER -c -I../Inc -I"D:/PROJECTS/Git/HMI_MODEL_PROTHESIS_ARM/STM workspace/FSR/chip_headers/Drivers/CMSIS/Device/ST/STM32F4xx/Include" -I"D:/PROJECTS/Git/HMI_MODEL_PROTHESIS_ARM/STM workspace/FSR/chip_headers/Drivers/CMSIS/Include" -I"D:/PROJECTS/Git/HMI_MODEL_PROTHESIS_ARM/STM workspace/FSR/chip_headers/Drivers/CMSIS/DSP/Include" -I"D:/PROJECTS/Git/HMI_MODEL_PROTHESIS_ARM/STM workspace/FSR/chip_headers/Drivers/CMSIS/DSP/PrivateInclude" -I"D:/PROJECTS/Git/HMI_MODEL_PROTHESIS_ARM/STM workspace/FSR/chip_headers/Drivers/STM32F4xx_HAL_Driver/Inc" -O0 -ffunction-sections -fdata-sections -Wall -fstack-usage -fcyclomatic-complexity -MMD -MP -MF"Src/adc.d" -MT"Src/adc.o" --specs=nano.specs -mfpu=fpv4-sp-d16 -mfloat-abi=hard -mthumb -o "Src/adc.o"
arm-none-eabi-gcc "../Src/main.c" -mcpu=cortex-m4 -std=gnu11 -g3 -DDEBUG -DSTM32 -DSTM32F407G_DISC1 -DSTM32F4 -DSTM32F407VGTx -DARM_MATH_CM4 -DSTM32F407xx -DUSE_HAL_DRIVER -c -I../Inc -I"D:/PROJECTS/Git/HMI_MODEL_PROTHESIS_ARM/STM workspace/FSR/chip_headers/Drivers/CMSIS/Device/ST/STM32F4xx/Include" -I"D:/PROJECTS/Git/HMI_MODEL_PROTHESIS_ARM/STM workspace/FSR/chip_headers/Drivers/CMSIS/Include" -I"D:/PROJECTS/Git/HMI_MODEL_PROTHESIS_ARM/STM workspace/FSR/chip_headers/Drivers/CMSIS/DSP/Include" -I"D:/PROJECTS/Git/HMI_MODEL_PROTHESIS_ARM/STM workspace/FSR/chip_headers/Drivers/CMSIS/DSP/PrivateInclude" -I"D:/PROJECTS/Git/HMI_MODEL_PROTHESIS_ARM/STM workspace/FSR/chip_headers/Drivers/STM32F4xx_HAL_Driver/Inc" -O0 -ffunction-sections -fdata-sections -Wall -fstack-usage -fcyclomatic-complexity -MMD -MP -MF"Src/main.d" -MT"Src/main.o" --specs=nano.specs -mfpu=fpv4-sp-d16 -mfloat-abi=hard -mthumb -o "Src/main.o"
arm-none-eabi-gcc -o "FSR.elf" @"objects.list"   -mcpu=cortex-m4 -T"D:\PROJECTS\Git\HMI_MODEL_PROTHESIS_ARM\STM workspace\FSR\STM32F407VGTX_FLASH.ld" --specs=nosys.specs -Wl,-Map="FSR.map" -Wl,--gc-sections -static --specs=nano.specs -mfpu=fpv4-sp-d16 -mfloat-abi=hard -mthumb -Wl,--start-group -lc -lm -Wl,--end-group
Finished building target: FSR.elf
 
arm-none-eabi-size  FSR.elf 
arm-none-eabi-objdump -h -S FSR.elf  > "FSR.list"
   text	   data	    bss	    dec	    hex	filename
   1168	      0	   1568	   2736	    ab0	FSR.elf
Finished building: default.size.stdout
 
Finished building: FSR.list
 
19:03:18 **** Incremental Build of configuration Debug for project FSR ****
make -j12 all 
arm-none-eabi-size  FSR.elf 
   text	   data	    bss	    dec	    hex	filename
   1168	      0	   1568	   2736	    ab0	FSR.elf
Finished building: default.size.stdout
 
19:05:19 **** Incremental Build of configuration Debug for project FSR ****
make -j12 all 
arm-none-eabi-gcc "../Src/adc.c" -mcpu=cortex-m4 -std=gnu11 -g3 -DDEBUG -DSTM32 -DSTM32F407G_DISC1 -DSTM32F4 -DSTM32F407VGTx -DARM_MATH_CM4 -DSTM32F407xx -DUSE_HAL_DRIVER -c -I../Inc -I"D:/PROJECTS/Git/HMI_MODEL_PROTHESIS_ARM/STM workspace/FSR/chip_headers/Drivers/CMSIS/Device/ST/STM32F4xx/Include" -I"D:/PROJECTS/Git/HMI_MODEL_PROTHESIS_ARM/STM workspace/FSR/chip_headers/Drivers/CMSIS/Include" -I"D:/PROJECTS/Git/HMI_MODEL_PROTHESIS_ARM/STM workspace/FSR/chip_headers/Drivers/CMSIS/DSP/Include" -I"D:/PROJECTS/Git/HMI_MODEL_PROTHESIS_ARM/STM workspace/FSR/chip_headers/Drivers/CMSIS/DSP/PrivateInclude" -I"D:/PROJECTS/Git/HMI_MODEL_PROTHESIS_ARM/STM workspace/FSR/chip_headers/Drivers/STM32F4xx_HAL_Driver/Inc" -O0 -ffunction-sections -fdata-sections -Wall -fstack-usage -fcyclomatic-complexity -MMD -MP -MF"Src/adc.d" -MT"Src/adc.o" --specs=nano.specs -mfpu=fpv4-sp-d16 -mfloat-abi=hard -mthumb -o "Src/adc.o"
arm-none-eabi-gcc "../Src/main.c" -mcpu=cortex-m4 -std=gnu11 -g3 -DDEBUG -DSTM32 -DSTM32F407G_DISC1 -DSTM32F4 -DSTM32F407VGTx -DARM_MATH_CM4 -DSTM32F407xx -DUSE_HAL_DRIVER -c -I../Inc -I"D:/PROJECTS/Git/HMI_MODEL_PROTHESIS_ARM/STM workspace/FSR/chip_headers/Drivers/CMSIS/Device/ST/STM32F4xx/Include" -I"D:/PROJECTS/Git/HMI_MODEL_PROTHESIS_ARM/STM workspace/FSR/chip_headers/Drivers/CMSIS/Include" -I"D:/PROJECTS/Git/HMI_MODEL_PROTHESIS_ARM/STM workspace/FSR/chip_headers/Drivers/CMSIS/DSP/Include" -I"D:/PROJECTS/Git/HMI_MODEL_PROTHESIS_ARM/STM workspace/FSR/chip_headers/Drivers/CMSIS/DSP/PrivateInclude" -I"D:/PROJECTS/Git/HMI_MODEL_PROTHESIS_ARM/STM workspace/FSR/chip_headers/Drivers/STM32F4xx_HAL_Driver/Inc" -O0 -ffunction-sections -fdata-sections -Wall -fstack-usage -fcyclomatic-complexity -MMD -MP -MF"Src/main.d" -MT"Src/main.o" --specs=nano.specs -mfpu=fpv4-sp-d16 -mfloat-abi=hard -mthumb -o "Src/main.o"
../Src/main.c:42:1: error: expected identifier or '(' before '}' token
   42 | }
      | ^
make: *** [Src/subdir.mk:31: Src/main.o] Error 1
make: *** Waiting for unfinished jobs....
"make -j12 all" terminated with exit code 2. Build might be incomplete.
19:05:27 **** Incremental Build of configuration Debug for project FSR ****
make -j12 all 
arm-none-eabi-gcc "../Src/main.c" -mcpu=cortex-m4 -std=gnu11 -g3 -DDEBUG -DSTM32 -DSTM32F407G_DISC1 -DSTM32F4 -DSTM32F407VGTx -DARM_MATH_CM4 -DSTM32F407xx -DUSE_HAL_DRIVER -c -I../Inc -I"D:/PROJECTS/Git/HMI_MODEL_PROTHESIS_ARM/STM workspace/FSR/chip_headers/Drivers/CMSIS/Device/ST/STM32F4xx/Include" -I"D:/PROJECTS/Git/HMI_MODEL_PROTHESIS_ARM/STM workspace/FSR/chip_headers/Drivers/CMSIS/Include" -I"D:/PROJECTS/Git/HMI_MODEL_PROTHESIS_ARM/STM workspace/FSR/chip_headers/Drivers/CMSIS/DSP/Include" -I"D:/PROJECTS/Git/HMI_MODEL_PROTHESIS_ARM/STM workspace/FSR/chip_headers/Drivers/CMSIS/DSP/PrivateInclude" -I"D:/PROJECTS/Git/HMI_MODEL_PROTHESIS_ARM/STM workspace/FSR/chip_headers/Drivers/STM32F4xx_HAL_Driver/Inc" -O0 -ffunction-sections -fdata-sections -Wall -fstack-usage -fcyclomatic-complexity -MMD -MP -MF"Src/main.d" -MT"Src/main.o" --specs=nano.specs -mfpu=fpv4-sp-d16 -mfloat-abi=hard -mthumb -o "Src/main.o"
../Src/main.c:42:1: error: expected identifier or '(' before '}' token
   42 | }
      | ^
make: *** [Src/subdir.mk:31: Src/main.o] Error 1
"make -j12 all" terminated with exit code 2. Build might be incomplete.
19:05:39 **** Incremental Build of configuration Debug for project FSR ****
make -j12 all 
arm-none-eabi-gcc "../Src/main.c" -mcpu=cortex-m4 -std=gnu11 -g3 -DDEBUG -DSTM32 -DSTM32F407G_DISC1 -DSTM32F4 -DSTM32F407VGTx -DARM_MATH_CM4 -DSTM32F407xx -DUSE_HAL_DRIVER -c -I../Inc -I"D:/PROJECTS/Git/HMI_MODEL_PROTHESIS_ARM/STM workspace/FSR/chip_headers/Drivers/CMSIS/Device/ST/STM32F4xx/Include" -I"D:/PROJECTS/Git/HMI_MODEL_PROTHESIS_ARM/STM workspace/FSR/chip_headers/Drivers/CMSIS/Include" -I"D:/PROJECTS/Git/HMI_MODEL_PROTHESIS_ARM/STM workspace/FSR/chip_headers/Drivers/CMSIS/DSP/Include" -I"D:/PROJECTS/Git/HMI_MODEL_PROTHESIS_ARM/STM workspace/FSR/chip_headers/Drivers/CMSIS/DSP/PrivateInclude" -I"D:/PROJECTS/Git/HMI_MODEL_PROTHESIS_ARM/STM workspace/FSR/chip_headers/Drivers/STM32F4xx_HAL_Driver/Inc" -O0 -ffunction-sections -fdata-sections -Wall -fstack-usage -fcyclomatic-complexity -MMD -MP -MF"Src/main.d" -MT"Src/main.o" --specs=nano.specs -mfpu=fpv4-sp-d16 -mfloat-abi=hard -mthumb -o "Src/main.o"
../Src/main.c:42:1: error: expected identifier or '(' before '}' token
   42 | }
      | ^
make: *** [Src/subdir.mk:31: Src/main.o] Error 1
"make -j12 all" terminated with exit code 2. Build might be incomplete.
19:06:10 **** Incremental Build of configuration Debug for project FSR ****
make -j12 all 
arm-none-eabi-gcc "../Src/main.c" -mcpu=cortex-m4 -std=gnu11 -g3 -DDEBUG -DSTM32 -DSTM32F407G_DISC1 -DSTM32F4 -DSTM32F407VGTx -DARM_MATH_CM4 -DSTM32F407xx -DUSE_HAL_DRIVER -c -I../Inc -I"D:/PROJECTS/Git/HMI_MODEL_PROTHESIS_ARM/STM workspace/FSR/chip_headers/Drivers/CMSIS/Device/ST/STM32F4xx/Include" -I"D:/PROJECTS/Git/HMI_MODEL_PROTHESIS_ARM/STM workspace/FSR/chip_headers/Drivers/CMSIS/Include" -I"D:/PROJECTS/Git/HMI_MODEL_PROTHESIS_ARM/STM workspace/FSR/chip_headers/Drivers/CMSIS/DSP/Include" -I"D:/PROJECTS/Git/HMI_MODEL_PROTHESIS_ARM/STM workspace/FSR/chip_headers/Drivers/CMSIS/DSP/PrivateInclude" -I"D:/PROJECTS/Git/HMI_MODEL_PROTHESIS_ARM/STM workspace/FSR/chip_headers/Drivers/STM32F4xx_HAL_Driver/Inc" -O0 -ffunction-sections -fdata-sections -Wall -fstack-usage -fcyclomatic-complexity -MMD -MP -MF"Src/main.d" -MT"Src/main.o" --specs=nano.specs -mfpu=fpv4-sp-d16 -mfloat-abi=hard -mthumb -o "Src/main.o"
../Src/main.c:42:1: error: expected identifier or '(' before '}' token
   42 | }
      | ^
make: *** [Src/subdir.mk:31: Src/main.o] Error 1
"make -j12 all" terminated with exit code 2. Build might be incomplete.
19:06:23 **** Clean-only build of configuration Debug for project FSR ****
make -j12 clean 
rm -rf ./chip_headers/Drivers/STM32F4xx_HAL_Driver/Src/Legacy/stm32f4xx_hal_can.cyclo ./chip_headers/Drivers/STM32F4xx_HAL_Driver/Src/Legacy/stm32f4xx_hal_can.d ./chip_headers/Drivers/STM32F4xx_HAL_Driver/Src/Legacy/stm32f4xx_hal_can.o ./chip_headers/Drivers/STM32F4xx_HAL_Driver/Src/Legacy/stm32f4xx_hal_can.su ./chip_headers/Drivers/STM32F4xx_HAL_Driver/Src/Legacy/stm32f4xx_hal_eth.cyclo ./chip_headers/Drivers/STM32F4xx_HAL_Driver/Src/Legacy/stm32f4xx_hal_eth.d ./chip_headers/Drivers/STM32F4xx_HAL_Driver/Src/Legacy/stm32f4xx_hal_eth.o ./chip_headers/Drivers/STM32F4xx_HAL_Driver/Src/Legacy/stm32f4xx_hal_eth.su
rm -rf ./chip_headers/Drivers/STM32F4xx_HAL_Driver/Src/stm32f4xx_hal.cyclo ./chip_headers/Drivers/STM32F4xx_HAL_Driver/Src/stm32f4xx_hal.d ./chip_headers/Drivers/STM32F4xx_HAL_Driver/Src/stm32f4xx_hal.o ./chip_headers/Drivers/STM32F4xx_HAL_Driver/Src/stm32f4xx_hal.su ./chip_headers/Drivers/STM32F4xx_HAL_Driver/Src/stm32f4xx_hal_adc.cyclo ./chip_headers/Drivers/STM32F4xx_HAL_Driver/Src/stm32f4xx_hal_adc.d ./chip_headers/Drivers/STM32F4xx_HAL_Driver/Src/stm32f4xx_hal_adc.o ./chip_headers/Drivers/STM32F4xx_HAL_Driver/Src/stm32f4xx_hal_adc.su ./chip_headers/Drivers/STM32F4xx_HAL_Driver/Src/stm32f4xx_hal_adc_ex.cyclo ./chip_headers/Drivers/STM32F4xx_HAL_Driver/Src/stm32f4xx_hal_adc_ex.d ./chip_headers/Drivers/STM32F4xx_HAL_Driver/Src/stm32f4xx_hal_adc_ex.o ./chip_headers/Drivers/STM32F4xx_HAL_Driver/Src/stm32f4xx_hal_adc_ex.su ./chip_headers/Drivers/STM32F4xx_HAL_Driver/Src/stm32f4xx_hal_can.cyclo ./chip_headers/Drivers/STM32F4xx_HAL_Driver/Src/stm32f4xx_hal_can.d ./chip_headers/Drivers/STM32F4xx_HAL_Driver/Src/stm32f4xx_hal_can.o ./chip_headers/Drivers/STM32F4xx_HAL_Driver/Src/stm32f4xx_hal_can.su ./chip_headers/Drivers/STM32F4xx_HAL_Driver/Src/stm32f4xx_hal_cec.cyclo ./chip_headers/Drivers/STM32F4xx_HAL_Driver/Src/stm32f4xx_hal_cec.d ./chip_headers/Drivers/STM32F4xx_HAL_Driver/Src/stm32f4xx_hal_cec.o ./chip_headers/Drivers/STM32F4xx_HAL_Driver/Src/stm32f4xx_hal_cec.su ./chip_headers/Drivers/STM32F4xx_HAL_Driver/Src/stm32f4xx_hal_cortex.cyclo ./chip_headers/Drivers/STM32F4xx_HAL_Driver/Src/stm32f4xx_hal_cortex.d ./chip_headers/Drivers/STM32F4xx_HAL_Driver/Src/stm32f4xx_hal_cortex.o ./chip_headers/Drivers/STM32F4xx_HAL_Driver/Src/stm32f4xx_hal_cortex.su ./chip_headers/Drivers/STM32F4xx_HAL_Driver/Src/stm32f4xx_hal_crc.cyclo ./chip_headers/Drivers/STM32F4xx_HAL_Driver/Src/stm32f4xx_hal_crc.d ./chip_headers/Drivers/STM32F4xx_HAL_Driver/Src/stm32f4xx_hal_crc.o ./chip_headers/Drivers/STM32F4xx_HAL_Driver/Src/stm32f4xx_hal_crc.su ./chip_headers/Drivers/STM32F4xx_HAL_Driver/Src/stm32f4xx_hal_cryp.cyclo ./chip_headers/Drivers/STM32F4xx_HAL_Driver/Src/stm32f4xx_hal_cryp.d ./chip_headers/Drivers/STM32F4xx_HAL_Driver/Src/stm32f4xx_hal_cryp.o ./chip_headers/Drivers/STM32F4xx_HAL_Driver/Src/stm32f4xx_hal_cryp.su ./chip_headers/Drivers/STM32F4xx_HAL_Driver/Src/stm32f4xx_hal_cryp_ex.cyclo ./chip_headers/Drivers/STM32F4xx_HAL_Driver/Src/stm32f4xx_hal_cryp_ex.d ./chip_headers/Drivers/STM32F4xx_HAL_Driver/Src/stm32f4xx_hal_cryp_ex.o ./chip_headers/Drivers/STM32F4xx_HAL_Driver/Src/stm32f4xx_hal_cryp_ex.su ./chip_headers/Drivers/STM32F4xx_HAL_Driver/Src/stm32f4xx_hal_dac.cyclo ./chip_headers/Drivers/STM32F4xx_HAL_Driver/Src/stm32f4xx_hal_dac.d ./chip_headers/Drivers/STM32F4xx_HAL_Driver/Src/stm32f4xx_hal_dac.o ./chip_headers/Drivers/STM32F4xx_HAL_Driver/Src/stm32f4xx_hal_dac.su ./chip_headers/Drivers/STM32F4xx_HAL_Driver/Src/stm32f4xx_hal_dac_ex.cyclo ./chip_headers/Drivers/STM32F4xx_HAL_Driver/Src/stm32f4xx_hal_dac_ex.d ./chip_headers/Drivers/STM32F4xx_HAL_Driver/Src/stm32f4xx_hal_dac_ex.o ./chip_headers/Drivers/STM32F4xx_HAL_Driver/Src/stm32f4xx_hal_dac_ex.su ./chip_headers/Drivers/STM32F4xx_HAL_Driver/Src/stm32f4xx_hal_dcmi.cyclo ./chip_headers/Drivers/STM32F4xx_HAL_Driver/Src/stm32f4xx_hal_dcmi.d ./chip_headers/Drivers/STM32F4xx_HAL_Driver/Src/stm32f4xx_hal_dcmi.o ./chip_headers/Drivers/STM32F4xx_HAL_Driver/Src/stm32f4xx_hal_dcmi.su ./chip_headers/Drivers/STM32F4xx_HAL_Driver/Src/stm32f4xx_hal_dcmi_ex.cyclo ./chip_headers/Drivers/STM32F4xx_HAL_Driver/Src/stm32f4xx_hal_dcmi_ex.d ./chip_headers/Drivers/STM32F4xx_HAL_Driver/Src/stm32f4xx_hal_dcmi_ex.o ./chip_headers/Drivers/STM32F4xx_HAL_Driver/Src/stm32f4xx_hal_dcmi_ex.su ./chip_headers/Drivers/STM32F4xx_HAL_Driver/Src/stm32f4xx_hal_dfsdm.cyclo ./chip_headers/Drivers/STM32F4xx_HAL_Driver/Src/stm32f4xx_hal_dfsdm.d ./chip_headers/Drivers/STM32F4xx_HAL_Driver/Src/stm32f4xx_hal_dfsdm.o ./chip_headers/Drivers/STM32F4xx_HAL_Driver/Src/stm32f4xx_hal_dfsdm.su ./chip_headers/Drivers/STM32F4xx_HAL_Driver/Src/stm32f4xx_hal_dma.cyclo ./chip_headers/Drivers/STM32F4xx_HAL_Driver/Src/stm32f4xx_hal_dma.d ./chip_headers/Drivers/STM32F4xx_HAL_Driver/Src/stm32f4xx_hal_dma.o ./chip_headers/Drivers/STM32F4xx_HAL_Driver/Src/stm32f4xx_hal_dma.su ./chip_headers/Drivers/STM32F4xx_HAL_Driver/Src/stm32f4xx_hal_dma2d.cyclo ./chip_headers/Drivers/STM32F4xx_HAL_Driver/Src/stm32f4xx_hal_dma2d.d ./chip_headers/Drivers/STM32F4xx_HAL_Driver/Src/stm32f4xx_hal_dma2d.o ./chip_headers/Drivers/STM32F4xx_HAL_Driver/Src/stm32f4xx_hal_dma2d.su ./chip_headers/Drivers/STM32F4xx_HAL_Driver/Src/stm32f4xx_hal_dma_ex.cyclo ./chip_headers/Drivers/STM32F4xx_HAL_Driver/Src/stm32f4xx_hal_dma_ex.d ./chip_headers/Drivers/STM32F4xx_HAL_Driver/Src/stm32f4xx_hal_dma_ex.o ./chip_headers/Drivers/STM32F4xx_HAL_Driver/Src/stm32f4xx_hal_dma_ex.su ./chip_headers/Drivers/STM32F4xx_HAL_Driver/Src/stm32f4xx_hal_dsi.cyclo ./chip_headers/Drivers/STM32F4xx_HAL_Driver/Src/stm32f4xx_hal_dsi.d ./chip_headers/Drivers/STM32F4xx_HAL_Driver/Src/stm32f4xx_hal_dsi.o ./chip_headers/Drivers/STM32F4xx_HAL_Driver/Src/stm32f4xx_hal_dsi.su ./chip_headers/Drivers/STM32F4xx_HAL_Driver/Src/stm32f4xx_hal_eth.cyclo ./chip_headers/Drivers/STM32F4xx_HAL_Driver/Src/stm32f4xx_hal_eth.d ./chip_headers/Drivers/STM32F4xx_HAL_Driver/Src/stm32f4xx_hal_eth.o ./chip_headers/Drivers/STM32F4xx_HAL_Driver/Src/stm32f4xx_hal_eth.su ./chip_headers/Drivers/STM32F4xx_HAL_Driver/Src/stm32f4xx_hal_exti.cyclo ./chip_headers/Drivers/STM32F4xx_HAL_Driver/Src/stm32f4xx_hal_exti.d ./chip_headers/Drivers/STM32F4xx_HAL_Driver/Src/stm32f4xx_hal_exti.o ./chip_headers/Drivers/STM32F4xx_HAL_Driver/Src/stm32f4xx_hal_exti.su ./chip_headers/Drivers/STM32F4xx_HAL_Driver/Src/stm32f4xx_hal_flash.cyclo ./chip_headers/Drivers/STM32F4xx_HAL_Driver/Src/stm32f4xx_hal_flash.d ./chip_headers/Drivers/STM32F4xx_HAL_Driver/Src/stm32f4xx_hal_flash.o ./chip_headers/Drivers/STM32F4xx_HAL_Driver/Src/stm32f4xx_hal_flash.su ./chip_headers/Drivers/STM32F4xx_HAL_Driver/Src/stm32f4xx_hal_flash_ex.cyclo
rm -rf ./Startup/startup_stm32f407vgtx.d ./Startup/startup_stm32f407vgtx.o
rm -rf ./Src/adc.cyclo ./Src/adc.d ./Src/adc.o ./Src/adc.su ./Src/main.cyclo ./Src/main.d ./Src/main.o ./Src/main.su ./Src/syscalls.cyclo ./Src/syscalls.d ./Src/syscalls.o ./Src/syscalls.su ./Src/sysmem.cyclo ./Src/sysmem.d ./Src/sysmem.o ./Src/sysmem.su ./Src/system_stm32f4xx.cyclo ./Src/system_stm32f4xx.d ./Src/system_stm32f4xx.o ./Src/system_stm32f4xx.su
rm -rf ./chip_headers/Drivers/STM32F4xx_HAL_Driver/Src/stm32f4xx_hal_flash_ex.d ./chip_headers/Drivers/STM32F4xx_HAL_Driver/Src/stm32f4xx_hal_flash_ex.o ./chip_headers/Drivers/STM32F4xx_HAL_Driver/Src/stm32f4xx_hal_flash_ex.su ./chip_headers/Drivers/STM32F4xx_HAL_Driver/Src/stm32f4xx_hal_flash_ramfunc.cyclo ./chip_headers/Drivers/STM32F4xx_HAL_Driver/Src/stm32f4xx_hal_flash_ramfunc.d ./chip_headers/Drivers/STM32F4xx_HAL_Driver/Src/stm32f4xx_hal_flash_ramfunc.o ./chip_headers/Drivers/STM32F4xx_HAL_Driver/Src/stm32f4xx_hal_flash_ramfunc.su ./chip_headers/Drivers/STM32F4xx_HAL_Driver/Src/stm32f4xx_hal_fmpi2c.cyclo ./chip_headers/Drivers/STM32F4xx_HAL_Driver/Src/stm32f4xx_hal_fmpi2c.d ./chip_headers/Drivers/STM32F4xx_HAL_Driver/Src/stm32f4xx_hal_fmpi2c.o ./chip_headers/Drivers/STM32F4xx_HAL_Driver/Src/stm32f4xx_hal_fmpi2c.su ./chip_headers/Drivers/STM32F4xx_HAL_Driver/Src/stm32f4xx_hal_fmpi2c_ex.cyclo ./chip_headers/Drivers/STM32F4xx_HAL_Driver/Src/stm32f4xx_hal_fmpi2c_ex.d ./chip_headers/Drivers/STM32F4xx_HAL_Driver/Src/stm32f4xx_hal_fmpi2c_ex.o ./chip_headers/Drivers/STM32F4xx_HAL_Driver/Src/stm32f4xx_hal_fmpi2c_ex.su ./chip_headers/Drivers/STM32F4xx_HAL_Driver/Src/stm32f4xx_hal_fmpsmbus.cyclo ./chip_headers/Drivers/STM32F4xx_HAL_Driver/Src/stm32f4xx_hal_fmpsmbus.d ./chip_headers/Drivers/STM32F4xx_HAL_Driver/Src/stm32f4xx_hal_fmpsmbus.o ./chip_headers/Drivers/STM32F4xx_HAL_Driver/Src/stm32f4xx_hal_fmpsmbus.su ./chip_headers/Drivers/STM32F4xx_HAL_Driver/Src/stm32f4xx_hal_fmpsmbus_ex.cyclo ./chip_headers/Drivers/STM32F4xx_HAL_Driver/Src/stm32f4xx_hal_fmpsmbus_ex.d ./chip_headers/Drivers/STM32F4xx_HAL_Driver/Src/stm32f4xx_hal_fmpsmbus_ex.o ./chip_headers/Drivers/STM32F4xx_HAL_Driver/Src/stm32f4xx_hal_fmpsmbus_ex.su ./chip_headers/Drivers/STM32F4xx_HAL_Driver/Src/stm32f4xx_hal_gpio.cyclo ./chip_headers/Drivers/STM32F4xx_HAL_Driver/Src/stm32f4xx_hal_gpio.d ./chip_headers/Drivers/STM32F4xx_HAL_Driver/Src/stm32f4xx_hal_gpio.o ./chip_headers/Drivers/STM32F4xx_HAL_Driver/Src/stm32f4xx_hal_gpio.su ./chip_headers/Drivers/STM32F4xx_HAL_Driver/Src/stm32f4xx_hal_hash.cyclo ./chip_headers/Drivers/STM32F4xx_HAL_Driver/Src/stm32f4xx_hal_hash.d ./chip_headers/Drivers/STM32F4xx_HAL_Driver/Src/stm32f4xx_hal_hash.o ./chip_headers/Drivers/STM32F4xx_HAL_Driver/Src/stm32f4xx_hal_hash.su ./chip_headers/Drivers/STM32F4xx_HAL_Driver/Src/stm32f4xx_hal_hash_ex.cyclo ./chip_headers/Drivers/STM32F4xx_HAL_Driver/Src/stm32f4xx_hal_hash_ex.d ./chip_headers/Drivers/STM32F4xx_HAL_Driver/Src/stm32f4xx_hal_hash_ex.o ./chip_headers/Drivers/STM32F4xx_HAL_Driver/Src/stm32f4xx_hal_hash_ex.su ./chip_headers/Drivers/STM32F4xx_HAL_Driver/Src/stm32f4xx_hal_hcd.cyclo ./chip_headers/Drivers/STM32F4xx_HAL_Driver/Src/stm32f4xx_hal_hcd.d ./chip_headers/Drivers/STM32F4xx_HAL_Driver/Src/stm32f4xx_hal_hcd.o ./chip_headers/Drivers/STM32F4xx_HAL_Driver/Src/stm32f4xx_hal_hcd.su ./chip_headers/Drivers/STM32F4xx_HAL_Driver/Src/stm32f4xx_hal_i2c.cyclo ./chip_headers/Drivers/STM32F4xx_HAL_Driver/Src/stm32f4xx_hal_i2c.d ./chip_headers/Drivers/STM32F4xx_HAL_Driver/Src/stm32f4xx_hal_i2c.o ./chip_headers/Drivers/STM32F4xx_HAL_Driver/Src/stm32f4xx_hal_i2c.su ./chip_headers/Drivers/STM32F4xx_HAL_Driver/Src/stm32f4xx_hal_i2c_ex.cyclo ./chip_headers/Drivers/STM32F4xx_HAL_Driver/Src/stm32f4xx_hal_i2c_ex.d ./chip_headers/Drivers/STM32F4xx_HAL_Driver/Src/stm32f4xx_hal_i2c_ex.o ./chip_headers/Drivers/STM32F4xx_HAL_Driver/Src/stm32f4xx_hal_i2c_ex.su ./chip_headers/Drivers/STM32F4xx_HAL_Driver/Src/stm32f4xx_hal_i2s.cyclo ./chip_headers/Drivers/STM32F4xx_HAL_Driver/Src/stm32f4xx_hal_i2s.d ./chip_headers/Drivers/STM32F4xx_HAL_Driver/Src/stm32f4xx_hal_i2s.o ./chip_headers/Drivers/STM32F4xx_HAL_Driver/Src/stm32f4xx_hal_i2s.su ./chip_headers/Drivers/STM32F4xx_HAL_Driver/Src/stm32f4xx_hal_i2s_ex.cyclo ./chip_headers/Drivers/STM32F4xx_HAL_Driver/Src/stm32f4xx_hal_i2s_ex.d ./chip_headers/Drivers/STM32F4xx_HAL_Driver/Src/stm32f4xx_hal_i2s_ex.o ./chip_headers/Drivers/STM32F4xx_HAL_Driver/Src/stm32f4xx_hal_i2s_ex.su ./chip_headers/Drivers/STM32F4xx_HAL_Driver/Src/stm32f4xx_hal_irda.cyclo ./chip_headers/Drivers/STM32F4xx_HAL_Driver/Src/stm32f4xx_hal_irda.d ./chip_headers/Drivers/STM32F4xx_HAL_Driver/Src/stm32f4xx_hal_irda.o ./chip_headers/Drivers/STM32F4xx_HAL_Driver/Src/stm32f4xx_hal_irda.su ./chip_headers/Drivers/STM32F4xx_HAL_Driver/Src/stm32f4xx_hal_iwdg.cyclo ./chip_headers/Drivers/STM32F4xx_HAL_Driver/Src/stm32f4xx_hal_iwdg.d ./chip_headers/Drivers/STM32F4xx_HAL_Driver/Src/stm32f4xx_hal_iwdg.o ./chip_headers/Drivers/STM32F4xx_HAL_Driver/Src/stm32f4xx_hal_iwdg.su ./chip_headers/Drivers/STM32F4xx_HAL_Driver/Src/stm32f4xx_hal_lptim.cyclo ./chip_headers/Drivers/STM32F4xx_HAL_Driver/Src/stm32f4xx_hal_lptim.d ./chip_headers/Drivers/STM32F4xx_HAL_Driver/Src/stm32f4xx_hal_lptim.o ./chip_headers/Drivers/STM32F4xx_HAL_Driver/Src/stm32f4xx_hal_lptim.su ./chip_headers/Drivers/STM32F4xx_HAL_Driver/Src/stm32f4xx_hal_ltdc.cyclo ./chip_headers/Drivers/STM32F4xx_HAL_Driver/Src/stm32f4xx_hal_ltdc.d ./chip_headers/Drivers/STM32F4xx_HAL_Driver/Src/stm32f4xx_hal_ltdc.o ./chip_headers/Drivers/STM32F4xx_HAL_Driver/Src/stm32f4xx_hal_ltdc.su ./chip_headers/Drivers/STM32F4xx_HAL_Driver/Src/stm32f4xx_hal_ltdc_ex.cyclo ./chip_headers/Drivers/STM32F4xx_HAL_Driver/Src/stm32f4xx_hal_ltdc_ex.d ./chip_headers/Drivers/STM32F4xx_HAL_Driver/Src/stm32f4xx_hal_ltdc_ex.o ./chip_headers/Drivers/STM32F4xx_HAL_Driver/Src/stm32f4xx_hal_ltdc_ex.su ./chip_headers/Drivers/STM32F4xx_HAL_Driver/Src/stm32f4xx_hal_mmc.cyclo ./chip_headers/Drivers/STM32F4xx_HAL_Driver/Src/stm32f4xx_hal_mmc.d ./chip_headers/Drivers/STM32F4xx_HAL_Driver/Src/stm32f4xx_hal_mmc.o ./chip_headers/Drivers/STM32F4xx_HAL_Driver/Src/stm32f4xx_hal_mmc.su ./chip_headers/Drivers/STM32F4xx_HAL_Driver/Src/stm32f4xx_hal_msp_template.cyclo ./chip_headers/Drivers/STM32F4xx_HAL_Driver/Src/stm32f4xx_hal_msp_template.d ./chip_headers/Drivers/STM32F4xx_HAL_Driver/Src/stm32f4xx_hal_msp_template.o
rm -rf ./chip_headers/Drivers/STM32F4xx_HAL_Driver/Src/stm32f4xx_hal_msp_template.su ./chip_headers/Drivers/STM32F4xx_HAL_Driver/Src/stm32f4xx_hal_nand.cyclo ./chip_headers/Drivers/STM32F4xx_HAL_Driver/Src/stm32f4xx_hal_nand.d ./chip_headers/Drivers/STM32F4xx_HAL_Driver/Src/stm32f4xx_hal_nand.o ./chip_headers/Drivers/STM32F4xx_HAL_Driver/Src/stm32f4xx_hal_nand.su ./chip_headers/Drivers/STM32F4xx_HAL_Driver/Src/stm32f4xx_hal_nor.cyclo ./chip_headers/Drivers/STM32F4xx_HAL_Driver/Src/stm32f4xx_hal_nor.d ./chip_headers/Drivers/STM32F4xx_HAL_Driver/Src/stm32f4xx_hal_nor.o ./chip_headers/Drivers/STM32F4xx_HAL_Driver/Src/stm32f4xx_hal_nor.su ./chip_headers/Drivers/STM32F4xx_HAL_Driver/Src/stm32f4xx_hal_pccard.cyclo ./chip_headers/Drivers/STM32F4xx_HAL_Driver/Src/stm32f4xx_hal_pccard.d ./chip_headers/Drivers/STM32F4xx_HAL_Driver/Src/stm32f4xx_hal_pccard.o ./chip_headers/Drivers/STM32F4xx_HAL_Driver/Src/stm32f4xx_hal_pccard.su ./chip_headers/Drivers/STM32F4xx_HAL_Driver/Src/stm32f4xx_hal_pcd.cyclo ./chip_headers/Drivers/STM32F4xx_HAL_Driver/Src/stm32f4xx_hal_pcd.d ./chip_headers/Drivers/STM32F4xx_HAL_Driver/Src/stm32f4xx_hal_pcd.o ./chip_headers/Drivers/STM32F4xx_HAL_Driver/Src/stm32f4xx_hal_pcd.su ./chip_headers/Drivers/STM32F4xx_HAL_Driver/Src/stm32f4xx_hal_pcd_ex.cyclo ./chip_headers/Drivers/STM32F4xx_HAL_Driver/Src/stm32f4xx_hal_pcd_ex.d ./chip_headers/Drivers/STM32F4xx_HAL_Driver/Src/stm32f4xx_hal_pcd_ex.o ./chip_headers/Drivers/STM32F4xx_HAL_Driver/Src/stm32f4xx_hal_pcd_ex.su ./chip_headers/Drivers/STM32F4xx_HAL_Driver/Src/stm32f4xx_hal_pwr.cyclo ./chip_headers/Drivers/STM32F4xx_HAL_Driver/Src/stm32f4xx_hal_pwr.d ./chip_headers/Drivers/STM32F4xx_HAL_Driver/Src/stm32f4xx_hal_pwr.o ./chip_headers/Drivers/STM32F4xx_HAL_Driver/Src/stm32f4xx_hal_pwr.su ./chip_headers/Drivers/STM32F4xx_HAL_Driver/Src/stm32f4xx_hal_pwr_ex.cyclo ./chip_headers/Drivers/STM32F4xx_HAL_Driver/Src/stm32f4xx_hal_pwr_ex.d ./chip_headers/Drivers/STM32F4xx_HAL_Driver/Src/stm32f4xx_hal_pwr_ex.o ./chip_headers/Drivers/STM32F4xx_HAL_Driver/Src/stm32f4xx_hal_pwr_ex.su ./chip_headers/Drivers/STM32F4xx_HAL_Driver/Src/stm32f4xx_hal_qspi.cyclo ./chip_headers/Drivers/STM32F4xx_HAL_Driver/Src/stm32f4xx_hal_qspi.d ./chip_headers/Drivers/STM32F4xx_HAL_Driver/Src/stm32f4xx_hal_qspi.o ./chip_headers/Drivers/STM32F4xx_HAL_Driver/Src/stm32f4xx_hal_qspi.su ./chip_headers/Drivers/STM32F4xx_HAL_Driver/Src/stm32f4xx_hal_rcc.cyclo ./chip_headers/Drivers/STM32F4xx_HAL_Driver/Src/stm32f4xx_hal_rcc.d ./chip_headers/Drivers/STM32F4xx_HAL_Driver/Src/stm32f4xx_hal_rcc.o ./chip_headers/Drivers/STM32F4xx_HAL_Driver/Src/stm32f4xx_hal_rcc.su ./chip_headers/Drivers/STM32F4xx_HAL_Driver/Src/stm32f4xx_hal_rcc_ex.cyclo ./chip_headers/Drivers/STM32F4xx_HAL_Driver/Src/stm32f4xx_hal_rcc_ex.d ./chip_headers/Drivers/STM32F4xx_HAL_Driver/Src/stm32f4xx_hal_rcc_ex.o ./chip_headers/Drivers/STM32F4xx_HAL_Driver/Src/stm32f4xx_hal_rcc_ex.su ./chip_headers/Drivers/STM32F4xx_HAL_Driver/Src/stm32f4xx_hal_rng.cyclo ./chip_headers/Drivers/STM32F4xx_HAL_Driver/Src/stm32f4xx_hal_rng.d ./chip_headers/Drivers/STM32F4xx_HAL_Driver/Src/stm32f4xx_hal_rng.o ./chip_headers/Drivers/STM32F4xx_HAL_Driver/Src/stm32f4xx_hal_rng.su ./chip_headers/Drivers/STM32F4xx_HAL_Driver/Src/stm32f4xx_hal_rtc.cyclo ./chip_headers/Drivers/STM32F4xx_HAL_Driver/Src/stm32f4xx_hal_rtc.d ./chip_headers/Drivers/STM32F4xx_HAL_Driver/Src/stm32f4xx_hal_rtc.o ./chip_headers/Drivers/STM32F4xx_HAL_Driver/Src/stm32f4xx_hal_rtc.su ./chip_headers/Drivers/STM32F4xx_HAL_Driver/Src/stm32f4xx_hal_rtc_ex.cyclo ./chip_headers/Drivers/STM32F4xx_HAL_Driver/Src/stm32f4xx_hal_rtc_ex.d ./chip_headers/Drivers/STM32F4xx_HAL_Driver/Src/stm32f4xx_hal_rtc_ex.o ./chip_headers/Drivers/STM32F4xx_HAL_Driver/Src/stm32f4xx_hal_rtc_ex.su ./chip_headers/Drivers/STM32F4xx_HAL_Driver/Src/stm32f4xx_hal_sai.cyclo ./chip_headers/Drivers/STM32F4xx_HAL_Driver/Src/stm32f4xx_hal_sai.d ./chip_headers/Drivers/STM32F4xx_HAL_Driver/Src/stm32f4xx_hal_sai.o ./chip_headers/Drivers/STM32F4xx_HAL_Driver/Src/stm32f4xx_hal_sai.su ./chip_headers/Drivers/STM32F4xx_HAL_Driver/Src/stm32f4xx_hal_sai_ex.cyclo ./chip_headers/Drivers/STM32F4xx_HAL_Driver/Src/stm32f4xx_hal_sai_ex.d ./chip_headers/Drivers/STM32F4xx_HAL_Driver/Src/stm32f4xx_hal_sai_ex.o ./chip_headers/Drivers/STM32F4xx_HAL_Driver/Src/stm32f4xx_hal_sai_ex.su ./chip_headers/Drivers/STM32F4xx_HAL_Driver/Src/stm32f4xx_hal_sd.cyclo ./chip_headers/Drivers/STM32F4xx_HAL_Driver/Src/stm32f4xx_hal_sd.d ./chip_headers/Drivers/STM32F4xx_HAL_Driver/Src/stm32f4xx_hal_sd.o ./chip_headers/Drivers/STM32F4xx_HAL_Driver/Src/stm32f4xx_hal_sd.su ./chip_headers/Drivers/STM32F4xx_HAL_Driver/Src/stm32f4xx_hal_sdram.cyclo ./chip_headers/Drivers/STM32F4xx_HAL_Driver/Src/stm32f4xx_hal_sdram.d ./chip_headers/Drivers/STM32F4xx_HAL_Driver/Src/stm32f4xx_hal_sdram.o ./chip_headers/Drivers/STM32F4xx_HAL_Driver/Src/stm32f4xx_hal_sdram.su ./chip_headers/Drivers/STM32F4xx_HAL_Driver/Src/stm32f4xx_hal_smartcard.cyclo ./chip_headers/Drivers/STM32F4xx_HAL_Driver/Src/stm32f4xx_hal_smartcard.d ./chip_headers/Drivers/STM32F4xx_HAL_Driver/Src/stm32f4xx_hal_smartcard.o ./chip_headers/Drivers/STM32F4xx_HAL_Driver/Src/stm32f4xx_hal_smartcard.su ./chip_headers/Drivers/STM32F4xx_HAL_Driver/Src/stm32f4xx_hal_smbus.cyclo ./chip_headers/Drivers/STM32F4xx_HAL_Driver/Src/stm32f4xx_hal_smbus.d ./chip_headers/Drivers/STM32F4xx_HAL_Driver/Src/stm32f4xx_hal_smbus.o ./chip_headers/Drivers/STM32F4xx_HAL_Driver/Src/stm32f4xx_hal_smbus.su ./chip_headers/Drivers/STM32F4xx_HAL_Driver/Src/stm32f4xx_hal_spdifrx.cyclo ./chip_headers/Drivers/STM32F4xx_HAL_Driver/Src/stm32f4xx_hal_spdifrx.d ./chip_headers/Drivers/STM32F4xx_HAL_Driver/Src/stm32f4xx_hal_spdifrx.o ./chip_headers/Drivers/STM32F4xx_HAL_Driver/Src/stm32f4xx_hal_spdifrx.su ./chip_headers/Drivers/STM32F4xx_HAL_Driver/Src/stm32f4xx_hal_spi.cyclo ./chip_headers/Drivers/STM32F4xx_HAL_Driver/Src/stm32f4xx_hal_spi.d ./chip_headers/Drivers/STM32F4xx_HAL_Driver/Src/stm32f4xx_hal_spi.o
rm -rf ./chip_headers/Drivers/STM32F4xx_HAL_Driver/Src/stm32f4xx_hal_spi.su ./chip_headers/Drivers/STM32F4xx_HAL_Driver/Src/stm32f4xx_hal_sram.cyclo ./chip_headers/Drivers/STM32F4xx_HAL_Driver/Src/stm32f4xx_hal_sram.d ./chip_headers/Drivers/STM32F4xx_HAL_Driver/Src/stm32f4xx_hal_sram.o ./chip_headers/Drivers/STM32F4xx_HAL_Driver/Src/stm32f4xx_hal_sram.su ./chip_headers/Drivers/STM32F4xx_HAL_Driver/Src/stm32f4xx_hal_tim.cyclo ./chip_headers/Drivers/STM32F4xx_HAL_Driver/Src/stm32f4xx_hal_tim.d ./chip_headers/Drivers/STM32F4xx_HAL_Driver/Src/stm32f4xx_hal_tim.o ./chip_headers/Drivers/STM32F4xx_HAL_Driver/Src/stm32f4xx_hal_tim.su ./chip_headers/Drivers/STM32F4xx_HAL_Driver/Src/stm32f4xx_hal_tim_ex.cyclo ./chip_headers/Drivers/STM32F4xx_HAL_Driver/Src/stm32f4xx_hal_tim_ex.d ./chip_headers/Drivers/STM32F4xx_HAL_Driver/Src/stm32f4xx_hal_tim_ex.o ./chip_headers/Drivers/STM32F4xx_HAL_Driver/Src/stm32f4xx_hal_tim_ex.su ./chip_headers/Drivers/STM32F4xx_HAL_Driver/Src/stm32f4xx_hal_uart.cyclo ./chip_headers/Drivers/STM32F4xx_HAL_Driver/Src/stm32f4xx_hal_uart.d ./chip_headers/Drivers/STM32F4xx_HAL_Driver/Src/stm32f4xx_hal_uart.o ./chip_headers/Drivers/STM32F4xx_HAL_Driver/Src/stm32f4xx_hal_uart.su ./chip_headers/Drivers/STM32F4xx_HAL_Driver/Src/stm32f4xx_hal_usart.cyclo ./chip_headers/Drivers/STM32F4xx_HAL_Driver/Src/stm32f4xx_hal_usart.d ./chip_headers/Drivers/STM32F4xx_HAL_Driver/Src/stm32f4xx_hal_usart.o ./chip_headers/Drivers/STM32F4xx_HAL_Driver/Src/stm32f4xx_hal_usart.su ./chip_headers/Drivers/STM32F4xx_HAL_Driver/Src/stm32f4xx_hal_wwdg.cyclo ./chip_headers/Drivers/STM32F4xx_HAL_Driver/Src/stm32f4xx_hal_wwdg.d ./chip_headers/Drivers/STM32F4xx_HAL_Driver/Src/stm32f4xx_hal_wwdg.o ./chip_headers/Drivers/STM32F4xx_HAL_Driver/Src/stm32f4xx_hal_wwdg.su ./chip_headers/Drivers/STM32F4xx_HAL_Driver/Src/stm32f4xx_ll_adc.cyclo ./chip_headers/Drivers/STM32F4xx_HAL_Driver/Src/stm32f4xx_ll_adc.d ./chip_headers/Drivers/STM32F4xx_HAL_Driver/Src/stm32f4xx_ll_adc.o ./chip_headers/Drivers/STM32F4xx_HAL_Driver/Src/stm32f4xx_ll_adc.su ./chip_headers/Drivers/STM32F4xx_HAL_Driver/Src/stm32f4xx_ll_crc.cyclo ./chip_headers/Drivers/STM32F4xx_HAL_Driver/Src/stm32f4xx_ll_crc.d ./chip_headers/Drivers/STM32F4xx_HAL_Driver/Src/stm32f4xx_ll_crc.o ./chip_headers/Drivers/STM32F4xx_HAL_Driver/Src/stm32f4xx_ll_crc.su ./chip_headers/Drivers/STM32F4xx_HAL_Driver/Src/stm32f4xx_ll_dac.cyclo ./chip_headers/Drivers/STM32F4xx_HAL_Driver/Src/stm32f4xx_ll_dac.d ./chip_headers/Drivers/STM32F4xx_HAL_Driver/Src/stm32f4xx_ll_dac.o ./chip_headers/Drivers/STM32F4xx_HAL_Driver/Src/stm32f4xx_ll_dac.su ./chip_headers/Drivers/STM32F4xx_HAL_Driver/Src/stm32f4xx_ll_dma.cyclo ./chip_headers/Drivers/STM32F4xx_HAL_Driver/Src/stm32f4xx_ll_dma.d ./chip_headers/Drivers/STM32F4xx_HAL_Driver/Src/stm32f4xx_ll_dma.o ./chip_headers/Drivers/STM32F4xx_HAL_Driver/Src/stm32f4xx_ll_dma.su ./chip_headers/Drivers/STM32F4xx_HAL_Driver/Src/stm32f4xx_ll_dma2d.cyclo ./chip_headers/Drivers/STM32F4xx_HAL_Driver/Src/stm32f4xx_ll_dma2d.d ./chip_headers/Drivers/STM32F4xx_HAL_Driver/Src/stm32f4xx_ll_dma2d.o ./chip_headers/Drivers/STM32F4xx_HAL_Driver/Src/stm32f4xx_ll_dma2d.su ./chip_headers/Drivers/STM32F4xx_HAL_Driver/Src/stm32f4xx_ll_exti.cyclo ./chip_headers/Drivers/STM32F4xx_HAL_Driver/Src/stm32f4xx_ll_exti.d ./chip_headers/Drivers/STM32F4xx_HAL_Driver/Src/stm32f4xx_ll_exti.o ./chip_headers/Drivers/STM32F4xx_HAL_Driver/Src/stm32f4xx_ll_exti.su ./chip_headers/Drivers/STM32F4xx_HAL_Driver/Src/stm32f4xx_ll_fmc.cyclo ./chip_headers/Drivers/STM32F4xx_HAL_Driver/Src/stm32f4xx_ll_fmc.d ./chip_headers/Drivers/STM32F4xx_HAL_Driver/Src/stm32f4xx_ll_fmc.o ./chip_headers/Drivers/STM32F4xx_HAL_Driver/Src/stm32f4xx_ll_fmc.su ./chip_headers/Drivers/STM32F4xx_HAL_Driver/Src/stm32f4xx_ll_fmpi2c.cyclo ./chip_headers/Drivers/STM32F4xx_HAL_Driver/Src/stm32f4xx_ll_fmpi2c.d ./chip_headers/Drivers/STM32F4xx_HAL_Driver/Src/stm32f4xx_ll_fmpi2c.o ./chip_headers/Drivers/STM32F4xx_HAL_Driver/Src/stm32f4xx_ll_fmpi2c.su ./chip_headers/Drivers/STM32F4xx_HAL_Driver/Src/stm32f4xx_ll_fsmc.cyclo ./chip_headers/Drivers/STM32F4xx_HAL_Driver/Src/stm32f4xx_ll_fsmc.d ./chip_headers/Drivers/STM32F4xx_HAL_Driver/Src/stm32f4xx_ll_fsmc.o ./chip_headers/Drivers/STM32F4xx_HAL_Driver/Src/stm32f4xx_ll_fsmc.su ./chip_headers/Drivers/STM32F4xx_HAL_Driver/Src/stm32f4xx_ll_gpio.cyclo ./chip_headers/Drivers/STM32F4xx_HAL_Driver/Src/stm32f4xx_ll_gpio.d ./chip_headers/Drivers/STM32F4xx_HAL_Driver/Src/stm32f4xx_ll_gpio.o ./chip_headers/Drivers/STM32F4xx_HAL_Driver/Src/stm32f4xx_ll_gpio.su ./chip_headers/Drivers/STM32F4xx_HAL_Driver/Src/stm32f4xx_ll_i2c.cyclo ./chip_headers/Drivers/STM32F4xx_HAL_Driver/Src/stm32f4xx_ll_i2c.d ./chip_headers/Drivers/STM32F4xx_HAL_Driver/Src/stm32f4xx_ll_i2c.o ./chip_headers/Drivers/STM32F4xx_HAL_Driver/Src/stm32f4xx_ll_i2c.su ./chip_headers/Drivers/STM32F4xx_HAL_Driver/Src/stm32f4xx_ll_lptim.cyclo ./chip_headers/Drivers/STM32F4xx_HAL_Driver/Src/stm32f4xx_ll_lptim.d ./chip_headers/Drivers/STM32F4xx_HAL_Driver/Src/stm32f4xx_ll_lptim.o ./chip_headers/Drivers/STM32F4xx_HAL_Driver/Src/stm32f4xx_ll_lptim.su ./chip_headers/Drivers/STM32F4xx_HAL_Driver/Src/stm32f4xx_ll_pwr.cyclo ./chip_headers/Drivers/STM32F4xx_HAL_Driver/Src/stm32f4xx_ll_pwr.d ./chip_headers/Drivers/STM32F4xx_HAL_Driver/Src/stm32f4xx_ll_pwr.o ./chip_headers/Drivers/STM32F4xx_HAL_Driver/Src/stm32f4xx_ll_pwr.su ./chip_headers/Drivers/STM32F4xx_HAL_Driver/Src/stm32f4xx_ll_rcc.cyclo ./chip_headers/Drivers/STM32F4xx_HAL_Driver/Src/stm32f4xx_ll_rcc.d ./chip_headers/Drivers/STM32F4xx_HAL_Driver/Src/stm32f4xx_ll_rcc.o ./chip_headers/Drivers/STM32F4xx_HAL_Driver/Src/stm32f4xx_ll_rcc.su ./chip_headers/Drivers/STM32F4xx_HAL_Driver/Src/stm32f4xx_ll_rng.cyclo ./chip_headers/Drivers/STM32F4xx_HAL_Driver/Src/stm32f4xx_ll_rng.d ./chip_headers/Drivers/STM32F4xx_HAL_Driver/Src/stm32f4xx_ll_rng.o ./chip_headers/Drivers/STM32F4xx_HAL_Driver/Src/stm32f4xx_ll_rng.su ./chip_headers/Drivers/STM32F4xx_HAL_Driver/Src/stm32f4xx_ll_rtc.cyclo
rm -rf ./chip_headers/Drivers/STM32F4xx_HAL_Driver/Src/stm32f4xx_ll_rtc.d ./chip_headers/Drivers/STM32F4xx_HAL_Driver/Src/stm32f4xx_ll_rtc.o ./chip_headers/Drivers/STM32F4xx_HAL_Driver/Src/stm32f4xx_ll_rtc.su ./chip_headers/Drivers/STM32F4xx_HAL_Driver/Src/stm32f4xx_ll_sdmmc.cyclo ./chip_headers/Drivers/STM32F4xx_HAL_Driver/Src/stm32f4xx_ll_sdmmc.d ./chip_headers/Drivers/STM32F4xx_HAL_Driver/Src/stm32f4xx_ll_sdmmc.o ./chip_headers/Drivers/STM32F4xx_HAL_Driver/Src/stm32f4xx_ll_sdmmc.su ./chip_headers/Drivers/STM32F4xx_HAL_Driver/Src/stm32f4xx_ll_spi.cyclo ./chip_headers/Drivers/STM32F4xx_HAL_Driver/Src/stm32f4xx_ll_spi.d ./chip_headers/Drivers/STM32F4xx_HAL_Driver/Src/stm32f4xx_ll_spi.o ./chip_headers/Drivers/STM32F4xx_HAL_Driver/Src/stm32f4xx_ll_spi.su ./chip_headers/Drivers/STM32F4xx_HAL_Driver/Src/stm32f4xx_ll_tim.cyclo ./chip_headers/Drivers/STM32F4xx_HAL_Driver/Src/stm32f4xx_ll_tim.d ./chip_headers/Drivers/STM32F4xx_HAL_Driver/Src/stm32f4xx_ll_tim.o ./chip_headers/Drivers/STM32F4xx_HAL_Driver/Src/stm32f4xx_ll_tim.su ./chip_headers/Drivers/STM32F4xx_HAL_Driver/Src/stm32f4xx_ll_usart.cyclo ./chip_headers/Drivers/STM32F4xx_HAL_Driver/Src/stm32f4xx_ll_usart.d ./chip_headers/Drivers/STM32F4xx_HAL_Driver/Src/stm32f4xx_ll_usart.o ./chip_headers/Drivers/STM32F4xx_HAL_Driver/Src/stm32f4xx_ll_usart.su ./chip_headers/Drivers/STM32F4xx_HAL_Driver/Src/stm32f4xx_ll_usb.cyclo ./chip_headers/Drivers/STM32F4xx_HAL_Driver/Src/stm32f4xx_ll_usb.d ./chip_headers/Drivers/STM32F4xx_HAL_Driver/Src/stm32f4xx_ll_usb.o ./chip_headers/Drivers/STM32F4xx_HAL_Driver/Src/stm32f4xx_ll_usb.su ./chip_headers/Drivers/STM32F4xx_HAL_Driver/Src/stm32f4xx_ll_utils.cyclo ./chip_headers/Drivers/STM32F4xx_HAL_Driver/Src/stm32f4xx_ll_utils.d ./chip_headers/Drivers/STM32F4xx_HAL_Driver/Src/stm32f4xx_ll_utils.o ./chip_headers/Drivers/STM32F4xx_HAL_Driver/Src/stm32f4xx_ll_utils.su
rm -rf FSR.elf FSR.list FSR.map default.size.stdout
 
19:06:23 **** Build of configuration Debug for project FSR ****
make -j12 all 
arm-none-eabi-gcc "../chip_headers/Drivers/STM32F4xx_HAL_Driver/Src/Legacy/stm32f4xx_hal_can.c" -mcpu=cortex-m4 -std=gnu11 -g3 -DDEBUG -DSTM32 -DSTM32F407G_DISC1 -DSTM32F4 -DSTM32F407VGTx -DARM_MATH_CM4 -DSTM32F407xx -DUSE_HAL_DRIVER -c -I../Inc -I"D:/PROJECTS/Git/HMI_MODEL_PROTHESIS_ARM/STM workspace/FSR/chip_headers/Drivers/CMSIS/Device/ST/STM32F4xx/Include" -I"D:/PROJECTS/Git/HMI_MODEL_PROTHESIS_ARM/STM workspace/FSR/chip_headers/Drivers/CMSIS/Include" -I"D:/PROJECTS/Git/HMI_MODEL_PROTHESIS_ARM/STM workspace/FSR/chip_headers/Drivers/CMSIS/DSP/Include" -I"D:/PROJECTS/Git/HMI_MODEL_PROTHESIS_ARM/STM workspace/FSR/chip_headers/Drivers/CMSIS/DSP/PrivateInclude" -I"D:/PROJECTS/Git/HMI_MODEL_PROTHESIS_ARM/STM workspace/FSR/chip_headers/Drivers/STM32F4xx_HAL_Driver/Inc" -O0 -ffunction-sections -fdata-sections -Wall -fstack-usage -fcyclomatic-complexity -MMD -MP -MF"chip_headers/Drivers/STM32F4xx_HAL_Driver/Src/Legacy/stm32f4xx_hal_can.d" -MT"chip_headers/Drivers/STM32F4xx_HAL_Driver/Src/Legacy/stm32f4xx_hal_can.o" --specs=nano.specs -mfpu=fpv4-sp-d16 -mfloat-abi=hard -mthumb -o "chip_headers/Drivers/STM32F4xx_HAL_Driver/Src/Legacy/stm32f4xx_hal_can.o"
arm-none-eabi-gcc "../chip_headers/Drivers/STM32F4xx_HAL_Driver/Src/Legacy/stm32f4xx_hal_eth.c" -mcpu=cortex-m4 -std=gnu11 -g3 -DDEBUG -DSTM32 -DSTM32F407G_DISC1 -DSTM32F4 -DSTM32F407VGTx -DARM_MATH_CM4 -DSTM32F407xx -DUSE_HAL_DRIVER -c -I../Inc -I"D:/PROJECTS/Git/HMI_MODEL_PROTHESIS_ARM/STM workspace/FSR/chip_headers/Drivers/CMSIS/Device/ST/STM32F4xx/Include" -I"D:/PROJECTS/Git/HMI_MODEL_PROTHESIS_ARM/STM workspace/FSR/chip_headers/Drivers/CMSIS/Include" -I"D:/PROJECTS/Git/HMI_MODEL_PROTHESIS_ARM/STM workspace/FSR/chip_headers/Drivers/CMSIS/DSP/Include" -I"D:/PROJECTS/Git/HMI_MODEL_PROTHESIS_ARM/STM workspace/FSR/chip_headers/Drivers/CMSIS/DSP/PrivateInclude" -I"D:/PROJECTS/Git/HMI_MODEL_PROTHESIS_ARM/STM workspace/FSR/chip_headers/Drivers/STM32F4xx_HAL_Driver/Inc" -O0 -ffunction-sections -fdata-sections -Wall -fstack-usage -fcyclomatic-complexity -MMD -MP -MF"chip_headers/Drivers/STM32F4xx_HAL_Driver/Src/Legacy/stm32f4xx_hal_eth.d" -MT"chip_headers/Drivers/STM32F4xx_HAL_Driver/Src/Legacy/stm32f4xx_hal_eth.o" --specs=nano.specs -mfpu=fpv4-sp-d16 -mfloat-abi=hard -mthumb -o "chip_headers/Drivers/STM32F4xx_HAL_Driver/Src/Legacy/stm32f4xx_hal_eth.o"
arm-none-eabi-gcc "../chip_headers/Drivers/STM32F4xx_HAL_Driver/Src/stm32f4xx_hal.c" -mcpu=cortex-m4 -std=gnu11 -g3 -DDEBUG -DSTM32 -DSTM32F407G_DISC1 -DSTM32F4 -DSTM32F407VGTx -DARM_MATH_CM4 -DSTM32F407xx -DUSE_HAL_DRIVER -c -I../Inc -I"D:/PROJECTS/Git/HMI_MODEL_PROTHESIS_ARM/STM workspace/FSR/chip_headers/Drivers/CMSIS/Device/ST/STM32F4xx/Include" -I"D:/PROJECTS/Git/HMI_MODEL_PROTHESIS_ARM/STM workspace/FSR/chip_headers/Drivers/CMSIS/Include" -I"D:/PROJECTS/Git/HMI_MODEL_PROTHESIS_ARM/STM workspace/FSR/chip_headers/Drivers/CMSIS/DSP/Include" -I"D:/PROJECTS/Git/HMI_MODEL_PROTHESIS_ARM/STM workspace/FSR/chip_headers/Drivers/CMSIS/DSP/PrivateInclude" -I"D:/PROJECTS/Git/HMI_MODEL_PROTHESIS_ARM/STM workspace/FSR/chip_headers/Drivers/STM32F4xx_HAL_Driver/Inc" -O0 -ffunction-sections -fdata-sections -Wall -fstack-usage -fcyclomatic-complexity -MMD -MP -MF"chip_headers/Drivers/STM32F4xx_HAL_Driver/Src/stm32f4xx_hal.d" -MT"chip_headers/Drivers/STM32F4xx_HAL_Driver/Src/stm32f4xx_hal.o" --specs=nano.specs -mfpu=fpv4-sp-d16 -mfloat-abi=hard -mthumb -o "chip_headers/Drivers/STM32F4xx_HAL_Driver/Src/stm32f4xx_hal.o"
arm-none-eabi-gcc "../chip_headers/Drivers/STM32F4xx_HAL_Driver/Src/stm32f4xx_hal_adc.c" -mcpu=cortex-m4 -std=gnu11 -g3 -DDEBUG -DSTM32 -DSTM32F407G_DISC1 -DSTM32F4 -DSTM32F407VGTx -DARM_MATH_CM4 -DSTM32F407xx -DUSE_HAL_DRIVER -c -I../Inc -I"D:/PROJECTS/Git/HMI_MODEL_PROTHESIS_ARM/STM workspace/FSR/chip_headers/Drivers/CMSIS/Device/ST/STM32F4xx/Include" -I"D:/PROJECTS/Git/HMI_MODEL_PROTHESIS_ARM/STM workspace/FSR/chip_headers/Drivers/CMSIS/Include" -I"D:/PROJECTS/Git/HMI_MODEL_PROTHESIS_ARM/STM workspace/FSR/chip_headers/Drivers/CMSIS/DSP/Include" -I"D:/PROJECTS/Git/HMI_MODEL_PROTHESIS_ARM/STM workspace/FSR/chip_headers/Drivers/CMSIS/DSP/PrivateInclude" -I"D:/PROJECTS/Git/HMI_MODEL_PROTHESIS_ARM/STM workspace/FSR/chip_headers/Drivers/STM32F4xx_HAL_Driver/Inc" -O0 -ffunction-sections -fdata-sections -Wall -fstack-usage -fcyclomatic-complexity -MMD -MP -MF"chip_headers/Drivers/STM32F4xx_HAL_Driver/Src/stm32f4xx_hal_adc.d" -MT"chip_headers/Drivers/STM32F4xx_HAL_Driver/Src/stm32f4xx_hal_adc.o" --specs=nano.specs -mfpu=fpv4-sp-d16 -mfloat-abi=hard -mthumb -o "chip_headers/Drivers/STM32F4xx_HAL_Driver/Src/stm32f4xx_hal_adc.o"
arm-none-eabi-gcc "../chip_headers/Drivers/STM32F4xx_HAL_Driver/Src/stm32f4xx_hal_adc_ex.c" -mcpu=cortex-m4 -std=gnu11 -g3 -DDEBUG -DSTM32 -DSTM32F407G_DISC1 -DSTM32F4 -DSTM32F407VGTx -DARM_MATH_CM4 -DSTM32F407xx -DUSE_HAL_DRIVER -c -I../Inc -I"D:/PROJECTS/Git/HMI_MODEL_PROTHESIS_ARM/STM workspace/FSR/chip_headers/Drivers/CMSIS/Device/ST/STM32F4xx/Include" -I"D:/PROJECTS/Git/HMI_MODEL_PROTHESIS_ARM/STM workspace/FSR/chip_headers/Drivers/CMSIS/Include" -I"D:/PROJECTS/Git/HMI_MODEL_PROTHESIS_ARM/STM workspace/FSR/chip_headers/Drivers/CMSIS/DSP/Include" -I"D:/PROJECTS/Git/HMI_MODEL_PROTHESIS_ARM/STM workspace/FSR/chip_headers/Drivers/CMSIS/DSP/PrivateInclude" -I"D:/PROJECTS/Git/HMI_MODEL_PROTHESIS_ARM/STM workspace/FSR/chip_headers/Drivers/STM32F4xx_HAL_Driver/Inc" -O0 -ffunction-sections -fdata-sections -Wall -fstack-usage -fcyclomatic-complexity -MMD -MP -MF"chip_headers/Drivers/STM32F4xx_HAL_Driver/Src/stm32f4xx_hal_adc_ex.d" -MT"chip_headers/Drivers/STM32F4xx_HAL_Driver/Src/stm32f4xx_hal_adc_ex.o" --specs=nano.specs -mfpu=fpv4-sp-d16 -mfloat-abi=hard -mthumb -o "chip_headers/Drivers/STM32F4xx_HAL_Driver/Src/stm32f4xx_hal_adc_ex.o"
arm-none-eabi-gcc "../chip_headers/Drivers/STM32F4xx_HAL_Driver/Src/stm32f4xx_hal_can.c" -mcpu=cortex-m4 -std=gnu11 -g3 -DDEBUG -DSTM32 -DSTM32F407G_DISC1 -DSTM32F4 -DSTM32F407VGTx -DARM_MATH_CM4 -DSTM32F407xx -DUSE_HAL_DRIVER -c -I../Inc -I"D:/PROJECTS/Git/HMI_MODEL_PROTHESIS_ARM/STM workspace/FSR/chip_headers/Drivers/CMSIS/Device/ST/STM32F4xx/Include" -I"D:/PROJECTS/Git/HMI_MODEL_PROTHESIS_ARM/STM workspace/FSR/chip_headers/Drivers/CMSIS/Include" -I"D:/PROJECTS/Git/HMI_MODEL_PROTHESIS_ARM/STM workspace/FSR/chip_headers/Drivers/CMSIS/DSP/Include" -I"D:/PROJECTS/Git/HMI_MODEL_PROTHESIS_ARM/STM workspace/FSR/chip_headers/Drivers/CMSIS/DSP/PrivateInclude" -I"D:/PROJECTS/Git/HMI_MODEL_PROTHESIS_ARM/STM workspace/FSR/chip_headers/Drivers/STM32F4xx_HAL_Driver/Inc" -O0 -ffunction-sections -fdata-sections -Wall -fstack-usage -fcyclomatic-complexity -MMD -MP -MF"chip_headers/Drivers/STM32F4xx_HAL_Driver/Src/stm32f4xx_hal_can.d" -MT"chip_headers/Drivers/STM32F4xx_HAL_Driver/Src/stm32f4xx_hal_can.o" --specs=nano.specs -mfpu=fpv4-sp-d16 -mfloat-abi=hard -mthumb -o "chip_headers/Drivers/STM32F4xx_HAL_Driver/Src/stm32f4xx_hal_can.o"
arm-none-eabi-gcc "../chip_headers/Drivers/STM32F4xx_HAL_Driver/Src/stm32f4xx_hal_cec.c" -mcpu=cortex-m4 -std=gnu11 -g3 -DDEBUG -DSTM32 -DSTM32F407G_DISC1 -DSTM32F4 -DSTM32F407VGTx -DARM_MATH_CM4 -DSTM32F407xx -DUSE_HAL_DRIVER -c -I../Inc -I"D:/PROJECTS/Git/HMI_MODEL_PROTHESIS_ARM/STM workspace/FSR/chip_headers/Drivers/CMSIS/Device/ST/STM32F4xx/Include" -I"D:/PROJECTS/Git/HMI_MODEL_PROTHESIS_ARM/STM workspace/FSR/chip_headers/Drivers/CMSIS/Include" -I"D:/PROJECTS/Git/HMI_MODEL_PROTHESIS_ARM/STM workspace/FSR/chip_headers/Drivers/CMSIS/DSP/Include" -I"D:/PROJECTS/Git/HMI_MODEL_PROTHESIS_ARM/STM workspace/FSR/chip_headers/Drivers/CMSIS/DSP/PrivateInclude" -I"D:/PROJECTS/Git/HMI_MODEL_PROTHESIS_ARM/STM workspace/FSR/chip_headers/Drivers/STM32F4xx_HAL_Driver/Inc" -O0 -ffunction-sections -fdata-sections -Wall -fstack-usage -fcyclomatic-complexity -MMD -MP -MF"chip_headers/Drivers/STM32F4xx_HAL_Driver/Src/stm32f4xx_hal_cec.d" -MT"chip_headers/Drivers/STM32F4xx_HAL_Driver/Src/stm32f4xx_hal_cec.o" --specs=nano.specs -mfpu=fpv4-sp-d16 -mfloat-abi=hard -mthumb -o "chip_headers/Drivers/STM32F4xx_HAL_Driver/Src/stm32f4xx_hal_cec.o"
arm-none-eabi-gcc "../chip_headers/Drivers/STM32F4xx_HAL_Driver/Src/stm32f4xx_hal_cortex.c" -mcpu=cortex-m4 -std=gnu11 -g3 -DDEBUG -DSTM32 -DSTM32F407G_DISC1 -DSTM32F4 -DSTM32F407VGTx -DARM_MATH_CM4 -DSTM32F407xx -DUSE_HAL_DRIVER -c -I../Inc -I"D:/PROJECTS/Git/HMI_MODEL_PROTHESIS_ARM/STM workspace/FSR/chip_headers/Drivers/CMSIS/Device/ST/STM32F4xx/Include" -I"D:/PROJECTS/Git/HMI_MODEL_PROTHESIS_ARM/STM workspace/FSR/chip_headers/Drivers/CMSIS/Include" -I"D:/PROJECTS/Git/HMI_MODEL_PROTHESIS_ARM/STM workspace/FSR/chip_headers/Drivers/CMSIS/DSP/Include" -I"D:/PROJECTS/Git/HMI_MODEL_PROTHESIS_ARM/STM workspace/FSR/chip_headers/Drivers/CMSIS/DSP/PrivateInclude" -I"D:/PROJECTS/Git/HMI_MODEL_PROTHESIS_ARM/STM workspace/FSR/chip_headers/Drivers/STM32F4xx_HAL_Driver/Inc" -O0 -ffunction-sections -fdata-sections -Wall -fstack-usage -fcyclomatic-complexity -MMD -MP -MF"chip_headers/Drivers/STM32F4xx_HAL_Driver/Src/stm32f4xx_hal_cortex.d" -MT"chip_headers/Drivers/STM32F4xx_HAL_Driver/Src/stm32f4xx_hal_cortex.o" --specs=nano.specs -mfpu=fpv4-sp-d16 -mfloat-abi=hard -mthumb -o "chip_headers/Drivers/STM32F4xx_HAL_Driver/Src/stm32f4xx_hal_cortex.o"
arm-none-eabi-gcc "../chip_headers/Drivers/STM32F4xx_HAL_Driver/Src/stm32f4xx_hal_crc.c" -mcpu=cortex-m4 -std=gnu11 -g3 -DDEBUG -DSTM32 -DSTM32F407G_DISC1 -DSTM32F4 -DSTM32F407VGTx -DARM_MATH_CM4 -DSTM32F407xx -DUSE_HAL_DRIVER -c -I../Inc -I"D:/PROJECTS/Git/HMI_MODEL_PROTHESIS_ARM/STM workspace/FSR/chip_headers/Drivers/CMSIS/Device/ST/STM32F4xx/Include" -I"D:/PROJECTS/Git/HMI_MODEL_PROTHESIS_ARM/STM workspace/FSR/chip_headers/Drivers/CMSIS/Include" -I"D:/PROJECTS/Git/HMI_MODEL_PROTHESIS_ARM/STM workspace/FSR/chip_headers/Drivers/CMSIS/DSP/Include" -I"D:/PROJECTS/Git/HMI_MODEL_PROTHESIS_ARM/STM workspace/FSR/chip_headers/Drivers/CMSIS/DSP/PrivateInclude" -I"D:/PROJECTS/Git/HMI_MODEL_PROTHESIS_ARM/STM workspace/FSR/chip_headers/Drivers/STM32F4xx_HAL_Driver/Inc" -O0 -ffunction-sections -fdata-sections -Wall -fstack-usage -fcyclomatic-complexity -MMD -MP -MF"chip_headers/Drivers/STM32F4xx_HAL_Driver/Src/stm32f4xx_hal_crc.d" -MT"chip_headers/Drivers/STM32F4xx_HAL_Driver/Src/stm32f4xx_hal_crc.o" --specs=nano.specs -mfpu=fpv4-sp-d16 -mfloat-abi=hard -mthumb -o "chip_headers/Drivers/STM32F4xx_HAL_Driver/Src/stm32f4xx_hal_crc.o"
arm-none-eabi-gcc "../chip_headers/Drivers/STM32F4xx_HAL_Driver/Src/stm32f4xx_hal_cryp.c" -mcpu=cortex-m4 -std=gnu11 -g3 -DDEBUG -DSTM32 -DSTM32F407G_DISC1 -DSTM32F4 -DSTM32F407VGTx -DARM_MATH_CM4 -DSTM32F407xx -DUSE_HAL_DRIVER -c -I../Inc -I"D:/PROJECTS/Git/HMI_MODEL_PROTHESIS_ARM/STM workspace/FSR/chip_headers/Drivers/CMSIS/Device/ST/STM32F4xx/Include" -I"D:/PROJECTS/Git/HMI_MODEL_PROTHESIS_ARM/STM workspace/FSR/chip_headers/Drivers/CMSIS/Include" -I"D:/PROJECTS/Git/HMI_MODEL_PROTHESIS_ARM/STM workspace/FSR/chip_headers/Drivers/CMSIS/DSP/Include" -I"D:/PROJECTS/Git/HMI_MODEL_PROTHESIS_ARM/STM workspace/FSR/chip_headers/Drivers/CMSIS/DSP/PrivateInclude" -I"D:/PROJECTS/Git/HMI_MODEL_PROTHESIS_ARM/STM workspace/FSR/chip_headers/Drivers/STM32F4xx_HAL_Driver/Inc" -O0 -ffunction-sections -fdata-sections -Wall -fstack-usage -fcyclomatic-complexity -MMD -MP -MF"chip_headers/Drivers/STM32F4xx_HAL_Driver/Src/stm32f4xx_hal_cryp.d" -MT"chip_headers/Drivers/STM32F4xx_HAL_Driver/Src/stm32f4xx_hal_cryp.o" --specs=nano.specs -mfpu=fpv4-sp-d16 -mfloat-abi=hard -mthumb -o "chip_headers/Drivers/STM32F4xx_HAL_Driver/Src/stm32f4xx_hal_cryp.o"
arm-none-eabi-gcc "../chip_headers/Drivers/STM32F4xx_HAL_Driver/Src/stm32f4xx_hal_cryp_ex.c" -mcpu=cortex-m4 -std=gnu11 -g3 -DDEBUG -DSTM32 -DSTM32F407G_DISC1 -DSTM32F4 -DSTM32F407VGTx -DARM_MATH_CM4 -DSTM32F407xx -DUSE_HAL_DRIVER -c -I../Inc -I"D:/PROJECTS/Git/HMI_MODEL_PROTHESIS_ARM/STM workspace/FSR/chip_headers/Drivers/CMSIS/Device/ST/STM32F4xx/Include" -I"D:/PROJECTS/Git/HMI_MODEL_PROTHESIS_ARM/STM workspace/FSR/chip_headers/Drivers/CMSIS/Include" -I"D:/PROJECTS/Git/HMI_MODEL_PROTHESIS_ARM/STM workspace/FSR/chip_headers/Drivers/CMSIS/DSP/Include" -I"D:/PROJECTS/Git/HMI_MODEL_PROTHESIS_ARM/STM workspace/FSR/chip_headers/Drivers/CMSIS/DSP/PrivateInclude" -I"D:/PROJECTS/Git/HMI_MODEL_PROTHESIS_ARM/STM workspace/FSR/chip_headers/Drivers/STM32F4xx_HAL_Driver/Inc" -O0 -ffunction-sections -fdata-sections -Wall -fstack-usage -fcyclomatic-complexity -MMD -MP -MF"chip_headers/Drivers/STM32F4xx_HAL_Driver/Src/stm32f4xx_hal_cryp_ex.d" -MT"chip_headers/Drivers/STM32F4xx_HAL_Driver/Src/stm32f4xx_hal_cryp_ex.o" --specs=nano.specs -mfpu=fpv4-sp-d16 -mfloat-abi=hard -mthumb -o "chip_headers/Drivers/STM32F4xx_HAL_Driver/Src/stm32f4xx_hal_cryp_ex.o"
arm-none-eabi-gcc "../chip_headers/Drivers/STM32F4xx_HAL_Driver/Src/stm32f4xx_hal_dac.c" -mcpu=cortex-m4 -std=gnu11 -g3 -DDEBUG -DSTM32 -DSTM32F407G_DISC1 -DSTM32F4 -DSTM32F407VGTx -DARM_MATH_CM4 -DSTM32F407xx -DUSE_HAL_DRIVER -c -I../Inc -I"D:/PROJECTS/Git/HMI_MODEL_PROTHESIS_ARM/STM workspace/FSR/chip_headers/Drivers/CMSIS/Device/ST/STM32F4xx/Include" -I"D:/PROJECTS/Git/HMI_MODEL_PROTHESIS_ARM/STM workspace/FSR/chip_headers/Drivers/CMSIS/Include" -I"D:/PROJECTS/Git/HMI_MODEL_PROTHESIS_ARM/STM workspace/FSR/chip_headers/Drivers/CMSIS/DSP/Include" -I"D:/PROJECTS/Git/HMI_MODEL_PROTHESIS_ARM/STM workspace/FSR/chip_headers/Drivers/CMSIS/DSP/PrivateInclude" -I"D:/PROJECTS/Git/HMI_MODEL_PROTHESIS_ARM/STM workspace/FSR/chip_headers/Drivers/STM32F4xx_HAL_Driver/Inc" -O0 -ffunction-sections -fdata-sections -Wall -fstack-usage -fcyclomatic-complexity -MMD -MP -MF"chip_headers/Drivers/STM32F4xx_HAL_Driver/Src/stm32f4xx_hal_dac.d" -MT"chip_headers/Drivers/STM32F4xx_HAL_Driver/Src/stm32f4xx_hal_dac.o" --specs=nano.specs -mfpu=fpv4-sp-d16 -mfloat-abi=hard -mthumb -o "chip_headers/Drivers/STM32F4xx_HAL_Driver/Src/stm32f4xx_hal_dac.o"
arm-none-eabi-gcc "../chip_headers/Drivers/STM32F4xx_HAL_Driver/Src/stm32f4xx_hal_dac_ex.c" -mcpu=cortex-m4 -std=gnu11 -g3 -DDEBUG -DSTM32 -DSTM32F407G_DISC1 -DSTM32F4 -DSTM32F407VGTx -DARM_MATH_CM4 -DSTM32F407xx -DUSE_HAL_DRIVER -c -I../Inc -I"D:/PROJECTS/Git/HMI_MODEL_PROTHESIS_ARM/STM workspace/FSR/chip_headers/Drivers/CMSIS/Device/ST/STM32F4xx/Include" -I"D:/PROJECTS/Git/HMI_MODEL_PROTHESIS_ARM/STM workspace/FSR/chip_headers/Drivers/CMSIS/Include" -I"D:/PROJECTS/Git/HMI_MODEL_PROTHESIS_ARM/STM workspace/FSR/chip_headers/Drivers/CMSIS/DSP/Include" -I"D:/PROJECTS/Git/HMI_MODEL_PROTHESIS_ARM/STM workspace/FSR/chip_headers/Drivers/CMSIS/DSP/PrivateInclude" -I"D:/PROJECTS/Git/HMI_MODEL_PROTHESIS_ARM/STM workspace/FSR/chip_headers/Drivers/STM32F4xx_HAL_Driver/Inc" -O0 -ffunction-sections -fdata-sections -Wall -fstack-usage -fcyclomatic-complexity -MMD -MP -MF"chip_headers/Drivers/STM32F4xx_HAL_Driver/Src/stm32f4xx_hal_dac_ex.d" -MT"chip_headers/Drivers/STM32F4xx_HAL_Driver/Src/stm32f4xx_hal_dac_ex.o" --specs=nano.specs -mfpu=fpv4-sp-d16 -mfloat-abi=hard -mthumb -o "chip_headers/Drivers/STM32F4xx_HAL_Driver/Src/stm32f4xx_hal_dac_ex.o"
arm-none-eabi-gcc "../chip_headers/Drivers/STM32F4xx_HAL_Driver/Src/stm32f4xx_hal_dcmi.c" -mcpu=cortex-m4 -std=gnu11 -g3 -DDEBUG -DSTM32 -DSTM32F407G_DISC1 -DSTM32F4 -DSTM32F407VGTx -DARM_MATH_CM4 -DSTM32F407xx -DUSE_HAL_DRIVER -c -I../Inc -I"D:/PROJECTS/Git/HMI_MODEL_PROTHESIS_ARM/STM workspace/FSR/chip_headers/Drivers/CMSIS/Device/ST/STM32F4xx/Include" -I"D:/PROJECTS/Git/HMI_MODEL_PROTHESIS_ARM/STM workspace/FSR/chip_headers/Drivers/CMSIS/Include" -I"D:/PROJECTS/Git/HMI_MODEL_PROTHESIS_ARM/STM workspace/FSR/chip_headers/Drivers/CMSIS/DSP/Include" -I"D:/PROJECTS/Git/HMI_MODEL_PROTHESIS_ARM/STM workspace/FSR/chip_headers/Drivers/CMSIS/DSP/PrivateInclude" -I"D:/PROJECTS/Git/HMI_MODEL_PROTHESIS_ARM/STM workspace/FSR/chip_headers/Drivers/STM32F4xx_HAL_Driver/Inc" -O0 -ffunction-sections -fdata-sections -Wall -fstack-usage -fcyclomatic-complexity -MMD -MP -MF"chip_headers/Drivers/STM32F4xx_HAL_Driver/Src/stm32f4xx_hal_dcmi.d" -MT"chip_headers/Drivers/STM32F4xx_HAL_Driver/Src/stm32f4xx_hal_dcmi.o" --specs=nano.specs -mfpu=fpv4-sp-d16 -mfloat-abi=hard -mthumb -o "chip_headers/Drivers/STM32F4xx_HAL_Driver/Src/stm32f4xx_hal_dcmi.o"
arm-none-eabi-gcc "../chip_headers/Drivers/STM32F4xx_HAL_Driver/Src/stm32f4xx_hal_dcmi_ex.c" -mcpu=cortex-m4 -std=gnu11 -g3 -DDEBUG -DSTM32 -DSTM32F407G_DISC1 -DSTM32F4 -DSTM32F407VGTx -DARM_MATH_CM4 -DSTM32F407xx -DUSE_HAL_DRIVER -c -I../Inc -I"D:/PROJECTS/Git/HMI_MODEL_PROTHESIS_ARM/STM workspace/FSR/chip_headers/Drivers/CMSIS/Device/ST/STM32F4xx/Include" -I"D:/PROJECTS/Git/HMI_MODEL_PROTHESIS_ARM/STM workspace/FSR/chip_headers/Drivers/CMSIS/Include" -I"D:/PROJECTS/Git/HMI_MODEL_PROTHESIS_ARM/STM workspace/FSR/chip_headers/Drivers/CMSIS/DSP/Include" -I"D:/PROJECTS/Git/HMI_MODEL_PROTHESIS_ARM/STM workspace/FSR/chip_headers/Drivers/CMSIS/DSP/PrivateInclude" -I"D:/PROJECTS/Git/HMI_MODEL_PROTHESIS_ARM/STM workspace/FSR/chip_headers/Drivers/STM32F4xx_HAL_Driver/Inc" -O0 -ffunction-sections -fdata-sections -Wall -fstack-usage -fcyclomatic-complexity -MMD -MP -MF"chip_headers/Drivers/STM32F4xx_HAL_Driver/Src/stm32f4xx_hal_dcmi_ex.d" -MT"chip_headers/Drivers/STM32F4xx_HAL_Driver/Src/stm32f4xx_hal_dcmi_ex.o" --specs=nano.specs -mfpu=fpv4-sp-d16 -mfloat-abi=hard -mthumb -o "chip_headers/Drivers/STM32F4xx_HAL_Driver/Src/stm32f4xx_hal_dcmi_ex.o"
arm-none-eabi-gcc "../chip_headers/Drivers/STM32F4xx_HAL_Driver/Src/stm32f4xx_hal_dfsdm.c" -mcpu=cortex-m4 -std=gnu11 -g3 -DDEBUG -DSTM32 -DSTM32F407G_DISC1 -DSTM32F4 -DSTM32F407VGTx -DARM_MATH_CM4 -DSTM32F407xx -DUSE_HAL_DRIVER -c -I../Inc -I"D:/PROJECTS/Git/HMI_MODEL_PROTHESIS_ARM/STM workspace/FSR/chip_headers/Drivers/CMSIS/Device/ST/STM32F4xx/Include" -I"D:/PROJECTS/Git/HMI_MODEL_PROTHESIS_ARM/STM workspace/FSR/chip_headers/Drivers/CMSIS/Include" -I"D:/PROJECTS/Git/HMI_MODEL_PROTHESIS_ARM/STM workspace/FSR/chip_headers/Drivers/CMSIS/DSP/Include" -I"D:/PROJECTS/Git/HMI_MODEL_PROTHESIS_ARM/STM workspace/FSR/chip_headers/Drivers/CMSIS/DSP/PrivateInclude" -I"D:/PROJECTS/Git/HMI_MODEL_PROTHESIS_ARM/STM workspace/FSR/chip_headers/Drivers/STM32F4xx_HAL_Driver/Inc" -O0 -ffunction-sections -fdata-sections -Wall -fstack-usage -fcyclomatic-complexity -MMD -MP -MF"chip_headers/Drivers/STM32F4xx_HAL_Driver/Src/stm32f4xx_hal_dfsdm.d" -MT"chip_headers/Drivers/STM32F4xx_HAL_Driver/Src/stm32f4xx_hal_dfsdm.o" --specs=nano.specs -mfpu=fpv4-sp-d16 -mfloat-abi=hard -mthumb -o "chip_headers/Drivers/STM32F4xx_HAL_Driver/Src/stm32f4xx_hal_dfsdm.o"
arm-none-eabi-gcc "../chip_headers/Drivers/STM32F4xx_HAL_Driver/Src/stm32f4xx_hal_dma.c" -mcpu=cortex-m4 -std=gnu11 -g3 -DDEBUG -DSTM32 -DSTM32F407G_DISC1 -DSTM32F4 -DSTM32F407VGTx -DARM_MATH_CM4 -DSTM32F407xx -DUSE_HAL_DRIVER -c -I../Inc -I"D:/PROJECTS/Git/HMI_MODEL_PROTHESIS_ARM/STM workspace/FSR/chip_headers/Drivers/CMSIS/Device/ST/STM32F4xx/Include" -I"D:/PROJECTS/Git/HMI_MODEL_PROTHESIS_ARM/STM workspace/FSR/chip_headers/Drivers/CMSIS/Include" -I"D:/PROJECTS/Git/HMI_MODEL_PROTHESIS_ARM/STM workspace/FSR/chip_headers/Drivers/CMSIS/DSP/Include" -I"D:/PROJECTS/Git/HMI_MODEL_PROTHESIS_ARM/STM workspace/FSR/chip_headers/Drivers/CMSIS/DSP/PrivateInclude" -I"D:/PROJECTS/Git/HMI_MODEL_PROTHESIS_ARM/STM workspace/FSR/chip_headers/Drivers/STM32F4xx_HAL_Driver/Inc" -O0 -ffunction-sections -fdata-sections -Wall -fstack-usage -fcyclomatic-complexity -MMD -MP -MF"chip_headers/Drivers/STM32F4xx_HAL_Driver/Src/stm32f4xx_hal_dma.d" -MT"chip_headers/Drivers/STM32F4xx_HAL_Driver/Src/stm32f4xx_hal_dma.o" --specs=nano.specs -mfpu=fpv4-sp-d16 -mfloat-abi=hard -mthumb -o "chip_headers/Drivers/STM32F4xx_HAL_Driver/Src/stm32f4xx_hal_dma.o"
arm-none-eabi-gcc "../chip_headers/Drivers/STM32F4xx_HAL_Driver/Src/stm32f4xx_hal_dma2d.c" -mcpu=cortex-m4 -std=gnu11 -g3 -DDEBUG -DSTM32 -DSTM32F407G_DISC1 -DSTM32F4 -DSTM32F407VGTx -DARM_MATH_CM4 -DSTM32F407xx -DUSE_HAL_DRIVER -c -I../Inc -I"D:/PROJECTS/Git/HMI_MODEL_PROTHESIS_ARM/STM workspace/FSR/chip_headers/Drivers/CMSIS/Device/ST/STM32F4xx/Include" -I"D:/PROJECTS/Git/HMI_MODEL_PROTHESIS_ARM/STM workspace/FSR/chip_headers/Drivers/CMSIS/Include" -I"D:/PROJECTS/Git/HMI_MODEL_PROTHESIS_ARM/STM workspace/FSR/chip_headers/Drivers/CMSIS/DSP/Include" -I"D:/PROJECTS/Git/HMI_MODEL_PROTHESIS_ARM/STM workspace/FSR/chip_headers/Drivers/CMSIS/DSP/PrivateInclude" -I"D:/PROJECTS/Git/HMI_MODEL_PROTHESIS_ARM/STM workspace/FSR/chip_headers/Drivers/STM32F4xx_HAL_Driver/Inc" -O0 -ffunction-sections -fdata-sections -Wall -fstack-usage -fcyclomatic-complexity -MMD -MP -MF"chip_headers/Drivers/STM32F4xx_HAL_Driver/Src/stm32f4xx_hal_dma2d.d" -MT"chip_headers/Drivers/STM32F4xx_HAL_Driver/Src/stm32f4xx_hal_dma2d.o" --specs=nano.specs -mfpu=fpv4-sp-d16 -mfloat-abi=hard -mthumb -o "chip_headers/Drivers/STM32F4xx_HAL_Driver/Src/stm32f4xx_hal_dma2d.o"
arm-none-eabi-gcc "../chip_headers/Drivers/STM32F4xx_HAL_Driver/Src/stm32f4xx_hal_dma_ex.c" -mcpu=cortex-m4 -std=gnu11 -g3 -DDEBUG -DSTM32 -DSTM32F407G_DISC1 -DSTM32F4 -DSTM32F407VGTx -DARM_MATH_CM4 -DSTM32F407xx -DUSE_HAL_DRIVER -c -I../Inc -I"D:/PROJECTS/Git/HMI_MODEL_PROTHESIS_ARM/STM workspace/FSR/chip_headers/Drivers/CMSIS/Device/ST/STM32F4xx/Include" -I"D:/PROJECTS/Git/HMI_MODEL_PROTHESIS_ARM/STM workspace/FSR/chip_headers/Drivers/CMSIS/Include" -I"D:/PROJECTS/Git/HMI_MODEL_PROTHESIS_ARM/STM workspace/FSR/chip_headers/Drivers/CMSIS/DSP/Include" -I"D:/PROJECTS/Git/HMI_MODEL_PROTHESIS_ARM/STM workspace/FSR/chip_headers/Drivers/CMSIS/DSP/PrivateInclude" -I"D:/PROJECTS/Git/HMI_MODEL_PROTHESIS_ARM/STM workspace/FSR/chip_headers/Drivers/STM32F4xx_HAL_Driver/Inc" -O0 -ffunction-sections -fdata-sections -Wall -fstack-usage -fcyclomatic-complexity -MMD -MP -MF"chip_headers/Drivers/STM32F4xx_HAL_Driver/Src/stm32f4xx_hal_dma_ex.d" -MT"chip_headers/Drivers/STM32F4xx_HAL_Driver/Src/stm32f4xx_hal_dma_ex.o" --specs=nano.specs -mfpu=fpv4-sp-d16 -mfloat-abi=hard -mthumb -o "chip_headers/Drivers/STM32F4xx_HAL_Driver/Src/stm32f4xx_hal_dma_ex.o"
arm-none-eabi-gcc "../chip_headers/Drivers/STM32F4xx_HAL_Driver/Src/stm32f4xx_hal_dsi.c" -mcpu=cortex-m4 -std=gnu11 -g3 -DDEBUG -DSTM32 -DSTM32F407G_DISC1 -DSTM32F4 -DSTM32F407VGTx -DARM_MATH_CM4 -DSTM32F407xx -DUSE_HAL_DRIVER -c -I../Inc -I"D:/PROJECTS/Git/HMI_MODEL_PROTHESIS_ARM/STM workspace/FSR/chip_headers/Drivers/CMSIS/Device/ST/STM32F4xx/Include" -I"D:/PROJECTS/Git/HMI_MODEL_PROTHESIS_ARM/STM workspace/FSR/chip_headers/Drivers/CMSIS/Include" -I"D:/PROJECTS/Git/HMI_MODEL_PROTHESIS_ARM/STM workspace/FSR/chip_headers/Drivers/CMSIS/DSP/Include" -I"D:/PROJECTS/Git/HMI_MODEL_PROTHESIS_ARM/STM workspace/FSR/chip_headers/Drivers/CMSIS/DSP/PrivateInclude" -I"D:/PROJECTS/Git/HMI_MODEL_PROTHESIS_ARM/STM workspace/FSR/chip_headers/Drivers/STM32F4xx_HAL_Driver/Inc" -O0 -ffunction-sections -fdata-sections -Wall -fstack-usage -fcyclomatic-complexity -MMD -MP -MF"chip_headers/Drivers/STM32F4xx_HAL_Driver/Src/stm32f4xx_hal_dsi.d" -MT"chip_headers/Drivers/STM32F4xx_HAL_Driver/Src/stm32f4xx_hal_dsi.o" --specs=nano.specs -mfpu=fpv4-sp-d16 -mfloat-abi=hard -mthumb -o "chip_headers/Drivers/STM32F4xx_HAL_Driver/Src/stm32f4xx_hal_dsi.o"
arm-none-eabi-gcc "../chip_headers/Drivers/STM32F4xx_HAL_Driver/Src/stm32f4xx_hal_eth.c" -mcpu=cortex-m4 -std=gnu11 -g3 -DDEBUG -DSTM32 -DSTM32F407G_DISC1 -DSTM32F4 -DSTM32F407VGTx -DARM_MATH_CM4 -DSTM32F407xx -DUSE_HAL_DRIVER -c -I../Inc -I"D:/PROJECTS/Git/HMI_MODEL_PROTHESIS_ARM/STM workspace/FSR/chip_headers/Drivers/CMSIS/Device/ST/STM32F4xx/Include" -I"D:/PROJECTS/Git/HMI_MODEL_PROTHESIS_ARM/STM workspace/FSR/chip_headers/Drivers/CMSIS/Include" -I"D:/PROJECTS/Git/HMI_MODEL_PROTHESIS_ARM/STM workspace/FSR/chip_headers/Drivers/CMSIS/DSP/Include" -I"D:/PROJECTS/Git/HMI_MODEL_PROTHESIS_ARM/STM workspace/FSR/chip_headers/Drivers/CMSIS/DSP/PrivateInclude" -I"D:/PROJECTS/Git/HMI_MODEL_PROTHESIS_ARM/STM workspace/FSR/chip_headers/Drivers/STM32F4xx_HAL_Driver/Inc" -O0 -ffunction-sections -fdata-sections -Wall -fstack-usage -fcyclomatic-complexity -MMD -MP -MF"chip_headers/Drivers/STM32F4xx_HAL_Driver/Src/stm32f4xx_hal_eth.d" -MT"chip_headers/Drivers/STM32F4xx_HAL_Driver/Src/stm32f4xx_hal_eth.o" --specs=nano.specs -mfpu=fpv4-sp-d16 -mfloat-abi=hard -mthumb -o "chip_headers/Drivers/STM32F4xx_HAL_Driver/Src/stm32f4xx_hal_eth.o"
arm-none-eabi-gcc "../chip_headers/Drivers/STM32F4xx_HAL_Driver/Src/stm32f4xx_hal_exti.c" -mcpu=cortex-m4 -std=gnu11 -g3 -DDEBUG -DSTM32 -DSTM32F407G_DISC1 -DSTM32F4 -DSTM32F407VGTx -DARM_MATH_CM4 -DSTM32F407xx -DUSE_HAL_DRIVER -c -I../Inc -I"D:/PROJECTS/Git/HMI_MODEL_PROTHESIS_ARM/STM workspace/FSR/chip_headers/Drivers/CMSIS/Device/ST/STM32F4xx/Include" -I"D:/PROJECTS/Git/HMI_MODEL_PROTHESIS_ARM/STM workspace/FSR/chip_headers/Drivers/CMSIS/Include" -I"D:/PROJECTS/Git/HMI_MODEL_PROTHESIS_ARM/STM workspace/FSR/chip_headers/Drivers/CMSIS/DSP/Include" -I"D:/PROJECTS/Git/HMI_MODEL_PROTHESIS_ARM/STM workspace/FSR/chip_headers/Drivers/CMSIS/DSP/PrivateInclude" -I"D:/PROJECTS/Git/HMI_MODEL_PROTHESIS_ARM/STM workspace/FSR/chip_headers/Drivers/STM32F4xx_HAL_Driver/Inc" -O0 -ffunction-sections -fdata-sections -Wall -fstack-usage -fcyclomatic-complexity -MMD -MP -MF"chip_headers/Drivers/STM32F4xx_HAL_Driver/Src/stm32f4xx_hal_exti.d" -MT"chip_headers/Drivers/STM32F4xx_HAL_Driver/Src/stm32f4xx_hal_exti.o" --specs=nano.specs -mfpu=fpv4-sp-d16 -mfloat-abi=hard -mthumb -o "chip_headers/Drivers/STM32F4xx_HAL_Driver/Src/stm32f4xx_hal_exti.o"
arm-none-eabi-gcc "../chip_headers/Drivers/STM32F4xx_HAL_Driver/Src/stm32f4xx_hal_flash.c" -mcpu=cortex-m4 -std=gnu11 -g3 -DDEBUG -DSTM32 -DSTM32F407G_DISC1 -DSTM32F4 -DSTM32F407VGTx -DARM_MATH_CM4 -DSTM32F407xx -DUSE_HAL_DRIVER -c -I../Inc -I"D:/PROJECTS/Git/HMI_MODEL_PROTHESIS_ARM/STM workspace/FSR/chip_headers/Drivers/CMSIS/Device/ST/STM32F4xx/Include" -I"D:/PROJECTS/Git/HMI_MODEL_PROTHESIS_ARM/STM workspace/FSR/chip_headers/Drivers/CMSIS/Include" -I"D:/PROJECTS/Git/HMI_MODEL_PROTHESIS_ARM/STM workspace/FSR/chip_headers/Drivers/CMSIS/DSP/Include" -I"D:/PROJECTS/Git/HMI_MODEL_PROTHESIS_ARM/STM workspace/FSR/chip_headers/Drivers/CMSIS/DSP/PrivateInclude" -I"D:/PROJECTS/Git/HMI_MODEL_PROTHESIS_ARM/STM workspace/FSR/chip_headers/Drivers/STM32F4xx_HAL_Driver/Inc" -O0 -ffunction-sections -fdata-sections -Wall -fstack-usage -fcyclomatic-complexity -MMD -MP -MF"chip_headers/Drivers/STM32F4xx_HAL_Driver/Src/stm32f4xx_hal_flash.d" -MT"chip_headers/Drivers/STM32F4xx_HAL_Driver/Src/stm32f4xx_hal_flash.o" --specs=nano.specs -mfpu=fpv4-sp-d16 -mfloat-abi=hard -mthumb -o "chip_headers/Drivers/STM32F4xx_HAL_Driver/Src/stm32f4xx_hal_flash.o"
arm-none-eabi-gcc "../chip_headers/Drivers/STM32F4xx_HAL_Driver/Src/stm32f4xx_hal_flash_ex.c" -mcpu=cortex-m4 -std=gnu11 -g3 -DDEBUG -DSTM32 -DSTM32F407G_DISC1 -DSTM32F4 -DSTM32F407VGTx -DARM_MATH_CM4 -DSTM32F407xx -DUSE_HAL_DRIVER -c -I../Inc -I"D:/PROJECTS/Git/HMI_MODEL_PROTHESIS_ARM/STM workspace/FSR/chip_headers/Drivers/CMSIS/Device/ST/STM32F4xx/Include" -I"D:/PROJECTS/Git/HMI_MODEL_PROTHESIS_ARM/STM workspace/FSR/chip_headers/Drivers/CMSIS/Include" -I"D:/PROJECTS/Git/HMI_MODEL_PROTHESIS_ARM/STM workspace/FSR/chip_headers/Drivers/CMSIS/DSP/Include" -I"D:/PROJECTS/Git/HMI_MODEL_PROTHESIS_ARM/STM workspace/FSR/chip_headers/Drivers/CMSIS/DSP/PrivateInclude" -I"D:/PROJECTS/Git/HMI_MODEL_PROTHESIS_ARM/STM workspace/FSR/chip_headers/Drivers/STM32F4xx_HAL_Driver/Inc" -O0 -ffunction-sections -fdata-sections -Wall -fstack-usage -fcyclomatic-complexity -MMD -MP -MF"chip_headers/Drivers/STM32F4xx_HAL_Driver/Src/stm32f4xx_hal_flash_ex.d" -MT"chip_headers/Drivers/STM32F4xx_HAL_Driver/Src/stm32f4xx_hal_flash_ex.o" --specs=nano.specs -mfpu=fpv4-sp-d16 -mfloat-abi=hard -mthumb -o "chip_headers/Drivers/STM32F4xx_HAL_Driver/Src/stm32f4xx_hal_flash_ex.o"
arm-none-eabi-gcc "../chip_headers/Drivers/STM32F4xx_HAL_Driver/Src/stm32f4xx_hal_flash_ramfunc.c" -mcpu=cortex-m4 -std=gnu11 -g3 -DDEBUG -DSTM32 -DSTM32F407G_DISC1 -DSTM32F4 -DSTM32F407VGTx -DARM_MATH_CM4 -DSTM32F407xx -DUSE_HAL_DRIVER -c -I../Inc -I"D:/PROJECTS/Git/HMI_MODEL_PROTHESIS_ARM/STM workspace/FSR/chip_headers/Drivers/CMSIS/Device/ST/STM32F4xx/Include" -I"D:/PROJECTS/Git/HMI_MODEL_PROTHESIS_ARM/STM workspace/FSR/chip_headers/Drivers/CMSIS/Include" -I"D:/PROJECTS/Git/HMI_MODEL_PROTHESIS_ARM/STM workspace/FSR/chip_headers/Drivers/CMSIS/DSP/Include" -I"D:/PROJECTS/Git/HMI_MODEL_PROTHESIS_ARM/STM workspace/FSR/chip_headers/Drivers/CMSIS/DSP/PrivateInclude" -I"D:/PROJECTS/Git/HMI_MODEL_PROTHESIS_ARM/STM workspace/FSR/chip_headers/Drivers/STM32F4xx_HAL_Driver/Inc" -O0 -ffunction-sections -fdata-sections -Wall -fstack-usage -fcyclomatic-complexity -MMD -MP -MF"chip_headers/Drivers/STM32F4xx_HAL_Driver/Src/stm32f4xx_hal_flash_ramfunc.d" -MT"chip_headers/Drivers/STM32F4xx_HAL_Driver/Src/stm32f4xx_hal_flash_ramfunc.o" --specs=nano.specs -mfpu=fpv4-sp-d16 -mfloat-abi=hard -mthumb -o "chip_headers/Drivers/STM32F4xx_HAL_Driver/Src/stm32f4xx_hal_flash_ramfunc.o"
arm-none-eabi-gcc "../chip_headers/Drivers/STM32F4xx_HAL_Driver/Src/stm32f4xx_hal_fmpi2c.c" -mcpu=cortex-m4 -std=gnu11 -g3 -DDEBUG -DSTM32 -DSTM32F407G_DISC1 -DSTM32F4 -DSTM32F407VGTx -DARM_MATH_CM4 -DSTM32F407xx -DUSE_HAL_DRIVER -c -I../Inc -I"D:/PROJECTS/Git/HMI_MODEL_PROTHESIS_ARM/STM workspace/FSR/chip_headers/Drivers/CMSIS/Device/ST/STM32F4xx/Include" -I"D:/PROJECTS/Git/HMI_MODEL_PROTHESIS_ARM/STM workspace/FSR/chip_headers/Drivers/CMSIS/Include" -I"D:/PROJECTS/Git/HMI_MODEL_PROTHESIS_ARM/STM workspace/FSR/chip_headers/Drivers/CMSIS/DSP/Include" -I"D:/PROJECTS/Git/HMI_MODEL_PROTHESIS_ARM/STM workspace/FSR/chip_headers/Drivers/CMSIS/DSP/PrivateInclude" -I"D:/PROJECTS/Git/HMI_MODEL_PROTHESIS_ARM/STM workspace/FSR/chip_headers/Drivers/STM32F4xx_HAL_Driver/Inc" -O0 -ffunction-sections -fdata-sections -Wall -fstack-usage -fcyclomatic-complexity -MMD -MP -MF"chip_headers/Drivers/STM32F4xx_HAL_Driver/Src/stm32f4xx_hal_fmpi2c.d" -MT"chip_headers/Drivers/STM32F4xx_HAL_Driver/Src/stm32f4xx_hal_fmpi2c.o" --specs=nano.specs -mfpu=fpv4-sp-d16 -mfloat-abi=hard -mthumb -o "chip_headers/Drivers/STM32F4xx_HAL_Driver/Src/stm32f4xx_hal_fmpi2c.o"
arm-none-eabi-gcc "../chip_headers/Drivers/STM32F4xx_HAL_Driver/Src/stm32f4xx_hal_fmpi2c_ex.c" -mcpu=cortex-m4 -std=gnu11 -g3 -DDEBUG -DSTM32 -DSTM32F407G_DISC1 -DSTM32F4 -DSTM32F407VGTx -DARM_MATH_CM4 -DSTM32F407xx -DUSE_HAL_DRIVER -c -I../Inc -I"D:/PROJECTS/Git/HMI_MODEL_PROTHESIS_ARM/STM workspace/FSR/chip_headers/Drivers/CMSIS/Device/ST/STM32F4xx/Include" -I"D:/PROJECTS/Git/HMI_MODEL_PROTHESIS_ARM/STM workspace/FSR/chip_headers/Drivers/CMSIS/Include" -I"D:/PROJECTS/Git/HMI_MODEL_PROTHESIS_ARM/STM workspace/FSR/chip_headers/Drivers/CMSIS/DSP/Include" -I"D:/PROJECTS/Git/HMI_MODEL_PROTHESIS_ARM/STM workspace/FSR/chip_headers/Drivers/CMSIS/DSP/PrivateInclude" -I"D:/PROJECTS/Git/HMI_MODEL_PROTHESIS_ARM/STM workspace/FSR/chip_headers/Drivers/STM32F4xx_HAL_Driver/Inc" -O0 -ffunction-sections -fdata-sections -Wall -fstack-usage -fcyclomatic-complexity -MMD -MP -MF"chip_headers/Drivers/STM32F4xx_HAL_Driver/Src/stm32f4xx_hal_fmpi2c_ex.d" -MT"chip_headers/Drivers/STM32F4xx_HAL_Driver/Src/stm32f4xx_hal_fmpi2c_ex.o" --specs=nano.specs -mfpu=fpv4-sp-d16 -mfloat-abi=hard -mthumb -o "chip_headers/Drivers/STM32F4xx_HAL_Driver/Src/stm32f4xx_hal_fmpi2c_ex.o"
arm-none-eabi-gcc "../chip_headers/Drivers/STM32F4xx_HAL_Driver/Src/stm32f4xx_hal_fmpsmbus.c" -mcpu=cortex-m4 -std=gnu11 -g3 -DDEBUG -DSTM32 -DSTM32F407G_DISC1 -DSTM32F4 -DSTM32F407VGTx -DARM_MATH_CM4 -DSTM32F407xx -DUSE_HAL_DRIVER -c -I../Inc -I"D:/PROJECTS/Git/HMI_MODEL_PROTHESIS_ARM/STM workspace/FSR/chip_headers/Drivers/CMSIS/Device/ST/STM32F4xx/Include" -I"D:/PROJECTS/Git/HMI_MODEL_PROTHESIS_ARM/STM workspace/FSR/chip_headers/Drivers/CMSIS/Include" -I"D:/PROJECTS/Git/HMI_MODEL_PROTHESIS_ARM/STM workspace/FSR/chip_headers/Drivers/CMSIS/DSP/Include" -I"D:/PROJECTS/Git/HMI_MODEL_PROTHESIS_ARM/STM workspace/FSR/chip_headers/Drivers/CMSIS/DSP/PrivateInclude" -I"D:/PROJECTS/Git/HMI_MODEL_PROTHESIS_ARM/STM workspace/FSR/chip_headers/Drivers/STM32F4xx_HAL_Driver/Inc" -O0 -ffunction-sections -fdata-sections -Wall -fstack-usage -fcyclomatic-complexity -MMD -MP -MF"chip_headers/Drivers/STM32F4xx_HAL_Driver/Src/stm32f4xx_hal_fmpsmbus.d" -MT"chip_headers/Drivers/STM32F4xx_HAL_Driver/Src/stm32f4xx_hal_fmpsmbus.o" --specs=nano.specs -mfpu=fpv4-sp-d16 -mfloat-abi=hard -mthumb -o "chip_headers/Drivers/STM32F4xx_HAL_Driver/Src/stm32f4xx_hal_fmpsmbus.o"
arm-none-eabi-gcc "../chip_headers/Drivers/STM32F4xx_HAL_Driver/Src/stm32f4xx_hal_fmpsmbus_ex.c" -mcpu=cortex-m4 -std=gnu11 -g3 -DDEBUG -DSTM32 -DSTM32F407G_DISC1 -DSTM32F4 -DSTM32F407VGTx -DARM_MATH_CM4 -DSTM32F407xx -DUSE_HAL_DRIVER -c -I../Inc -I"D:/PROJECTS/Git/HMI_MODEL_PROTHESIS_ARM/STM workspace/FSR/chip_headers/Drivers/CMSIS/Device/ST/STM32F4xx/Include" -I"D:/PROJECTS/Git/HMI_MODEL_PROTHESIS_ARM/STM workspace/FSR/chip_headers/Drivers/CMSIS/Include" -I"D:/PROJECTS/Git/HMI_MODEL_PROTHESIS_ARM/STM workspace/FSR/chip_headers/Drivers/CMSIS/DSP/Include" -I"D:/PROJECTS/Git/HMI_MODEL_PROTHESIS_ARM/STM workspace/FSR/chip_headers/Drivers/CMSIS/DSP/PrivateInclude" -I"D:/PROJECTS/Git/HMI_MODEL_PROTHESIS_ARM/STM workspace/FSR/chip_headers/Drivers/STM32F4xx_HAL_Driver/Inc" -O0 -ffunction-sections -fdata-sections -Wall -fstack-usage -fcyclomatic-complexity -MMD -MP -MF"chip_headers/Drivers/STM32F4xx_HAL_Driver/Src/stm32f4xx_hal_fmpsmbus_ex.d" -MT"chip_headers/Drivers/STM32F4xx_HAL_Driver/Src/stm32f4xx_hal_fmpsmbus_ex.o" --specs=nano.specs -mfpu=fpv4-sp-d16 -mfloat-abi=hard -mthumb -o "chip_headers/Drivers/STM32F4xx_HAL_Driver/Src/stm32f4xx_hal_fmpsmbus_ex.o"
arm-none-eabi-gcc "../chip_headers/Drivers/STM32F4xx_HAL_Driver/Src/stm32f4xx_hal_gpio.c" -mcpu=cortex-m4 -std=gnu11 -g3 -DDEBUG -DSTM32 -DSTM32F407G_DISC1 -DSTM32F4 -DSTM32F407VGTx -DARM_MATH_CM4 -DSTM32F407xx -DUSE_HAL_DRIVER -c -I../Inc -I"D:/PROJECTS/Git/HMI_MODEL_PROTHESIS_ARM/STM workspace/FSR/chip_headers/Drivers/CMSIS/Device/ST/STM32F4xx/Include" -I"D:/PROJECTS/Git/HMI_MODEL_PROTHESIS_ARM/STM workspace/FSR/chip_headers/Drivers/CMSIS/Include" -I"D:/PROJECTS/Git/HMI_MODEL_PROTHESIS_ARM/STM workspace/FSR/chip_headers/Drivers/CMSIS/DSP/Include" -I"D:/PROJECTS/Git/HMI_MODEL_PROTHESIS_ARM/STM workspace/FSR/chip_headers/Drivers/CMSIS/DSP/PrivateInclude" -I"D:/PROJECTS/Git/HMI_MODEL_PROTHESIS_ARM/STM workspace/FSR/chip_headers/Drivers/STM32F4xx_HAL_Driver/Inc" -O0 -ffunction-sections -fdata-sections -Wall -fstack-usage -fcyclomatic-complexity -MMD -MP -MF"chip_headers/Drivers/STM32F4xx_HAL_Driver/Src/stm32f4xx_hal_gpio.d" -MT"chip_headers/Drivers/STM32F4xx_HAL_Driver/Src/stm32f4xx_hal_gpio.o" --specs=nano.specs -mfpu=fpv4-sp-d16 -mfloat-abi=hard -mthumb -o "chip_headers/Drivers/STM32F4xx_HAL_Driver/Src/stm32f4xx_hal_gpio.o"
arm-none-eabi-gcc "../chip_headers/Drivers/STM32F4xx_HAL_Driver/Src/stm32f4xx_hal_hash.c" -mcpu=cortex-m4 -std=gnu11 -g3 -DDEBUG -DSTM32 -DSTM32F407G_DISC1 -DSTM32F4 -DSTM32F407VGTx -DARM_MATH_CM4 -DSTM32F407xx -DUSE_HAL_DRIVER -c -I../Inc -I"D:/PROJECTS/Git/HMI_MODEL_PROTHESIS_ARM/STM workspace/FSR/chip_headers/Drivers/CMSIS/Device/ST/STM32F4xx/Include" -I"D:/PROJECTS/Git/HMI_MODEL_PROTHESIS_ARM/STM workspace/FSR/chip_headers/Drivers/CMSIS/Include" -I"D:/PROJECTS/Git/HMI_MODEL_PROTHESIS_ARM/STM workspace/FSR/chip_headers/Drivers/CMSIS/DSP/Include" -I"D:/PROJECTS/Git/HMI_MODEL_PROTHESIS_ARM/STM workspace/FSR/chip_headers/Drivers/CMSIS/DSP/PrivateInclude" -I"D:/PROJECTS/Git/HMI_MODEL_PROTHESIS_ARM/STM workspace/FSR/chip_headers/Drivers/STM32F4xx_HAL_Driver/Inc" -O0 -ffunction-sections -fdata-sections -Wall -fstack-usage -fcyclomatic-complexity -MMD -MP -MF"chip_headers/Drivers/STM32F4xx_HAL_Driver/Src/stm32f4xx_hal_hash.d" -MT"chip_headers/Drivers/STM32F4xx_HAL_Driver/Src/stm32f4xx_hal_hash.o" --specs=nano.specs -mfpu=fpv4-sp-d16 -mfloat-abi=hard -mthumb -o "chip_headers/Drivers/STM32F4xx_HAL_Driver/Src/stm32f4xx_hal_hash.o"
arm-none-eabi-gcc "../chip_headers/Drivers/STM32F4xx_HAL_Driver/Src/stm32f4xx_hal_hash_ex.c" -mcpu=cortex-m4 -std=gnu11 -g3 -DDEBUG -DSTM32 -DSTM32F407G_DISC1 -DSTM32F4 -DSTM32F407VGTx -DARM_MATH_CM4 -DSTM32F407xx -DUSE_HAL_DRIVER -c -I../Inc -I"D:/PROJECTS/Git/HMI_MODEL_PROTHESIS_ARM/STM workspace/FSR/chip_headers/Drivers/CMSIS/Device/ST/STM32F4xx/Include" -I"D:/PROJECTS/Git/HMI_MODEL_PROTHESIS_ARM/STM workspace/FSR/chip_headers/Drivers/CMSIS/Include" -I"D:/PROJECTS/Git/HMI_MODEL_PROTHESIS_ARM/STM workspace/FSR/chip_headers/Drivers/CMSIS/DSP/Include" -I"D:/PROJECTS/Git/HMI_MODEL_PROTHESIS_ARM/STM workspace/FSR/chip_headers/Drivers/CMSIS/DSP/PrivateInclude" -I"D:/PROJECTS/Git/HMI_MODEL_PROTHESIS_ARM/STM workspace/FSR/chip_headers/Drivers/STM32F4xx_HAL_Driver/Inc" -O0 -ffunction-sections -fdata-sections -Wall -fstack-usage -fcyclomatic-complexity -MMD -MP -MF"chip_headers/Drivers/STM32F4xx_HAL_Driver/Src/stm32f4xx_hal_hash_ex.d" -MT"chip_headers/Drivers/STM32F4xx_HAL_Driver/Src/stm32f4xx_hal_hash_ex.o" --specs=nano.specs -mfpu=fpv4-sp-d16 -mfloat-abi=hard -mthumb -o "chip_headers/Drivers/STM32F4xx_HAL_Driver/Src/stm32f4xx_hal_hash_ex.o"
arm-none-eabi-gcc "../chip_headers/Drivers/STM32F4xx_HAL_Driver/Src/stm32f4xx_hal_hcd.c" -mcpu=cortex-m4 -std=gnu11 -g3 -DDEBUG -DSTM32 -DSTM32F407G_DISC1 -DSTM32F4 -DSTM32F407VGTx -DARM_MATH_CM4 -DSTM32F407xx -DUSE_HAL_DRIVER -c -I../Inc -I"D:/PROJECTS/Git/HMI_MODEL_PROTHESIS_ARM/STM workspace/FSR/chip_headers/Drivers/CMSIS/Device/ST/STM32F4xx/Include" -I"D:/PROJECTS/Git/HMI_MODEL_PROTHESIS_ARM/STM workspace/FSR/chip_headers/Drivers/CMSIS/Include" -I"D:/PROJECTS/Git/HMI_MODEL_PROTHESIS_ARM/STM workspace/FSR/chip_headers/Drivers/CMSIS/DSP/Include" -I"D:/PROJECTS/Git/HMI_MODEL_PROTHESIS_ARM/STM workspace/FSR/chip_headers/Drivers/CMSIS/DSP/PrivateInclude" -I"D:/PROJECTS/Git/HMI_MODEL_PROTHESIS_ARM/STM workspace/FSR/chip_headers/Drivers/STM32F4xx_HAL_Driver/Inc" -O0 -ffunction-sections -fdata-sections -Wall -fstack-usage -fcyclomatic-complexity -MMD -MP -MF"chip_headers/Drivers/STM32F4xx_HAL_Driver/Src/stm32f4xx_hal_hcd.d" -MT"chip_headers/Drivers/STM32F4xx_HAL_Driver/Src/stm32f4xx_hal_hcd.o" --specs=nano.specs -mfpu=fpv4-sp-d16 -mfloat-abi=hard -mthumb -o "chip_headers/Drivers/STM32F4xx_HAL_Driver/Src/stm32f4xx_hal_hcd.o"
arm-none-eabi-gcc "../chip_headers/Drivers/STM32F4xx_HAL_Driver/Src/stm32f4xx_hal_i2c.c" -mcpu=cortex-m4 -std=gnu11 -g3 -DDEBUG -DSTM32 -DSTM32F407G_DISC1 -DSTM32F4 -DSTM32F407VGTx -DARM_MATH_CM4 -DSTM32F407xx -DUSE_HAL_DRIVER -c -I../Inc -I"D:/PROJECTS/Git/HMI_MODEL_PROTHESIS_ARM/STM workspace/FSR/chip_headers/Drivers/CMSIS/Device/ST/STM32F4xx/Include" -I"D:/PROJECTS/Git/HMI_MODEL_PROTHESIS_ARM/STM workspace/FSR/chip_headers/Drivers/CMSIS/Include" -I"D:/PROJECTS/Git/HMI_MODEL_PROTHESIS_ARM/STM workspace/FSR/chip_headers/Drivers/CMSIS/DSP/Include" -I"D:/PROJECTS/Git/HMI_MODEL_PROTHESIS_ARM/STM workspace/FSR/chip_headers/Drivers/CMSIS/DSP/PrivateInclude" -I"D:/PROJECTS/Git/HMI_MODEL_PROTHESIS_ARM/STM workspace/FSR/chip_headers/Drivers/STM32F4xx_HAL_Driver/Inc" -O0 -ffunction-sections -fdata-sections -Wall -fstack-usage -fcyclomatic-complexity -MMD -MP -MF"chip_headers/Drivers/STM32F4xx_HAL_Driver/Src/stm32f4xx_hal_i2c.d" -MT"chip_headers/Drivers/STM32F4xx_HAL_Driver/Src/stm32f4xx_hal_i2c.o" --specs=nano.specs -mfpu=fpv4-sp-d16 -mfloat-abi=hard -mthumb -o "chip_headers/Drivers/STM32F4xx_HAL_Driver/Src/stm32f4xx_hal_i2c.o"
arm-none-eabi-gcc "../chip_headers/Drivers/STM32F4xx_HAL_Driver/Src/stm32f4xx_hal_i2c_ex.c" -mcpu=cortex-m4 -std=gnu11 -g3 -DDEBUG -DSTM32 -DSTM32F407G_DISC1 -DSTM32F4 -DSTM32F407VGTx -DARM_MATH_CM4 -DSTM32F407xx -DUSE_HAL_DRIVER -c -I../Inc -I"D:/PROJECTS/Git/HMI_MODEL_PROTHESIS_ARM/STM workspace/FSR/chip_headers/Drivers/CMSIS/Device/ST/STM32F4xx/Include" -I"D:/PROJECTS/Git/HMI_MODEL_PROTHESIS_ARM/STM workspace/FSR/chip_headers/Drivers/CMSIS/Include" -I"D:/PROJECTS/Git/HMI_MODEL_PROTHESIS_ARM/STM workspace/FSR/chip_headers/Drivers/CMSIS/DSP/Include" -I"D:/PROJECTS/Git/HMI_MODEL_PROTHESIS_ARM/STM workspace/FSR/chip_headers/Drivers/CMSIS/DSP/PrivateInclude" -I"D:/PROJECTS/Git/HMI_MODEL_PROTHESIS_ARM/STM workspace/FSR/chip_headers/Drivers/STM32F4xx_HAL_Driver/Inc" -O0 -ffunction-sections -fdata-sections -Wall -fstack-usage -fcyclomatic-complexity -MMD -MP -MF"chip_headers/Drivers/STM32F4xx_HAL_Driver/Src/stm32f4xx_hal_i2c_ex.d" -MT"chip_headers/Drivers/STM32F4xx_HAL_Driver/Src/stm32f4xx_hal_i2c_ex.o" --specs=nano.specs -mfpu=fpv4-sp-d16 -mfloat-abi=hard -mthumb -o "chip_headers/Drivers/STM32F4xx_HAL_Driver/Src/stm32f4xx_hal_i2c_ex.o"
arm-none-eabi-gcc "../chip_headers/Drivers/STM32F4xx_HAL_Driver/Src/stm32f4xx_hal_i2s.c" -mcpu=cortex-m4 -std=gnu11 -g3 -DDEBUG -DSTM32 -DSTM32F407G_DISC1 -DSTM32F4 -DSTM32F407VGTx -DARM_MATH_CM4 -DSTM32F407xx -DUSE_HAL_DRIVER -c -I../Inc -I"D:/PROJECTS/Git/HMI_MODEL_PROTHESIS_ARM/STM workspace/FSR/chip_headers/Drivers/CMSIS/Device/ST/STM32F4xx/Include" -I"D:/PROJECTS/Git/HMI_MODEL_PROTHESIS_ARM/STM workspace/FSR/chip_headers/Drivers/CMSIS/Include" -I"D:/PROJECTS/Git/HMI_MODEL_PROTHESIS_ARM/STM workspace/FSR/chip_headers/Drivers/CMSIS/DSP/Include" -I"D:/PROJECTS/Git/HMI_MODEL_PROTHESIS_ARM/STM workspace/FSR/chip_headers/Drivers/CMSIS/DSP/PrivateInclude" -I"D:/PROJECTS/Git/HMI_MODEL_PROTHESIS_ARM/STM workspace/FSR/chip_headers/Drivers/STM32F4xx_HAL_Driver/Inc" -O0 -ffunction-sections -fdata-sections -Wall -fstack-usage -fcyclomatic-complexity -MMD -MP -MF"chip_headers/Drivers/STM32F4xx_HAL_Driver/Src/stm32f4xx_hal_i2s.d" -MT"chip_headers/Drivers/STM32F4xx_HAL_Driver/Src/stm32f4xx_hal_i2s.o" --specs=nano.specs -mfpu=fpv4-sp-d16 -mfloat-abi=hard -mthumb -o "chip_headers/Drivers/STM32F4xx_HAL_Driver/Src/stm32f4xx_hal_i2s.o"
arm-none-eabi-gcc "../chip_headers/Drivers/STM32F4xx_HAL_Driver/Src/stm32f4xx_hal_i2s_ex.c" -mcpu=cortex-m4 -std=gnu11 -g3 -DDEBUG -DSTM32 -DSTM32F407G_DISC1 -DSTM32F4 -DSTM32F407VGTx -DARM_MATH_CM4 -DSTM32F407xx -DUSE_HAL_DRIVER -c -I../Inc -I"D:/PROJECTS/Git/HMI_MODEL_PROTHESIS_ARM/STM workspace/FSR/chip_headers/Drivers/CMSIS/Device/ST/STM32F4xx/Include" -I"D:/PROJECTS/Git/HMI_MODEL_PROTHESIS_ARM/STM workspace/FSR/chip_headers/Drivers/CMSIS/Include" -I"D:/PROJECTS/Git/HMI_MODEL_PROTHESIS_ARM/STM workspace/FSR/chip_headers/Drivers/CMSIS/DSP/Include" -I"D:/PROJECTS/Git/HMI_MODEL_PROTHESIS_ARM/STM workspace/FSR/chip_headers/Drivers/CMSIS/DSP/PrivateInclude" -I"D:/PROJECTS/Git/HMI_MODEL_PROTHESIS_ARM/STM workspace/FSR/chip_headers/Drivers/STM32F4xx_HAL_Driver/Inc" -O0 -ffunction-sections -fdata-sections -Wall -fstack-usage -fcyclomatic-complexity -MMD -MP -MF"chip_headers/Drivers/STM32F4xx_HAL_Driver/Src/stm32f4xx_hal_i2s_ex.d" -MT"chip_headers/Drivers/STM32F4xx_HAL_Driver/Src/stm32f4xx_hal_i2s_ex.o" --specs=nano.specs -mfpu=fpv4-sp-d16 -mfloat-abi=hard -mthumb -o "chip_headers/Drivers/STM32F4xx_HAL_Driver/Src/stm32f4xx_hal_i2s_ex.o"
arm-none-eabi-gcc "../chip_headers/Drivers/STM32F4xx_HAL_Driver/Src/stm32f4xx_hal_irda.c" -mcpu=cortex-m4 -std=gnu11 -g3 -DDEBUG -DSTM32 -DSTM32F407G_DISC1 -DSTM32F4 -DSTM32F407VGTx -DARM_MATH_CM4 -DSTM32F407xx -DUSE_HAL_DRIVER -c -I../Inc -I"D:/PROJECTS/Git/HMI_MODEL_PROTHESIS_ARM/STM workspace/FSR/chip_headers/Drivers/CMSIS/Device/ST/STM32F4xx/Include" -I"D:/PROJECTS/Git/HMI_MODEL_PROTHESIS_ARM/STM workspace/FSR/chip_headers/Drivers/CMSIS/Include" -I"D:/PROJECTS/Git/HMI_MODEL_PROTHESIS_ARM/STM workspace/FSR/chip_headers/Drivers/CMSIS/DSP/Include" -I"D:/PROJECTS/Git/HMI_MODEL_PROTHESIS_ARM/STM workspace/FSR/chip_headers/Drivers/CMSIS/DSP/PrivateInclude" -I"D:/PROJECTS/Git/HMI_MODEL_PROTHESIS_ARM/STM workspace/FSR/chip_headers/Drivers/STM32F4xx_HAL_Driver/Inc" -O0 -ffunction-sections -fdata-sections -Wall -fstack-usage -fcyclomatic-complexity -MMD -MP -MF"chip_headers/Drivers/STM32F4xx_HAL_Driver/Src/stm32f4xx_hal_irda.d" -MT"chip_headers/Drivers/STM32F4xx_HAL_Driver/Src/stm32f4xx_hal_irda.o" --specs=nano.specs -mfpu=fpv4-sp-d16 -mfloat-abi=hard -mthumb -o "chip_headers/Drivers/STM32F4xx_HAL_Driver/Src/stm32f4xx_hal_irda.o"
[...]
arm-none-eabi-gcc "../Drivers/STM32F4xx_HAL_Driver/Src/stm32f4xx_hal_dma_ex.c" -mcpu=cortex-m4 -std=gnu11 -g3 -DDEBUG -DUSE_HAL_DRIVER -DSTM32F407xx -c -I../Core/Inc -I../Drivers/STM32F4xx_HAL_Driver/Inc -I../Drivers/STM32F4xx_HAL_Driver/Inc/Legacy -I../Drivers/CMSIS/Device/ST/STM32F4xx/Include -I../Drivers/CMSIS/Include -O0 -ffunction-sections -fdata-sections -Wall -fstack-usage -fcyclomatic-complexity -MMD -MP -MF"Drivers/STM32F4xx_HAL_Driver/Src/stm32f4xx_hal_dma_ex.d" -MT"Drivers/STM32F4xx_HAL_Driver/Src/stm32f4xx_hal_dma_ex.o" --specs=nano.specs -mfpu=fpv4-sp-d16 -mfloat-abi=hard -mthumb -o "Drivers/STM32F4xx_HAL_Driver/Src/stm32f4xx_hal_dma_ex.o"
arm-none-eabi-gcc "../Drivers/STM32F4xx_HAL_Driver/Src/stm32f4xx_hal_exti.c" -mcpu=cortex-m4 -std=gnu11 -g3 -DDEBUG -DUSE_HAL_DRIVER -DSTM32F407xx -c -I../Core/Inc -I../Drivers/STM32F4xx_HAL_Driver/Inc -I../Drivers/STM32F4xx_HAL_Driver/Inc/Legacy -I../Drivers/CMSIS/Device/ST/STM32F4xx/Include -I../Drivers/CMSIS/Include -O0 -ffunction-sections -fdata-sections -Wall -fstack-usage -fcyclomatic-complexity -MMD -MP -MF"Drivers/STM32F4xx_HAL_Driver/Src/stm32f4xx_hal_exti.d" -MT"Drivers/STM32F4xx_HAL_Driver/Src/stm32f4xx_hal_exti.o" --specs=nano.specs -mfpu=fpv4-sp-d16 -mfloat-abi=hard -mthumb -o "Drivers/STM32F4xx_HAL_Driver/Src/stm32f4xx_hal_exti.o"
arm-none-eabi-gcc "../Drivers/STM32F4xx_HAL_Driver/Src/stm32f4xx_hal_flash.c" -mcpu=cortex-m4 -std=gnu11 -g3 -DDEBUG -DUSE_HAL_DRIVER -DSTM32F407xx -c -I../Core/Inc -I../Drivers/STM32F4xx_HAL_Driver/Inc -I../Drivers/STM32F4xx_HAL_Driver/Inc/Legacy -I../Drivers/CMSIS/Device/ST/STM32F4xx/Include -I../Drivers/CMSIS/Include -O0 -ffunction-sections -fdata-sections -Wall -fstack-usage -fcyclomatic-complexity -MMD -MP -MF"Drivers/STM32F4xx_HAL_Driver/Src/stm32f4xx_hal_flash.d" -MT"Drivers/STM32F4xx_HAL_Driver/Src/stm32f4xx_hal_flash.o" --specs=nano.specs -mfpu=fpv4-sp-d16 -mfloat-abi=hard -mthumb -o "Drivers/STM32F4xx_HAL_Driver/Src/stm32f4xx_hal_flash.o"
arm-none-eabi-gcc "../Drivers/STM32F4xx_HAL_Driver/Src/stm32f4xx_hal_flash_ex.c" -mcpu=cortex-m4 -std=gnu11 -g3 -DDEBUG -DUSE_HAL_DRIVER -DSTM32F407xx -c -I../Core/Inc -I../Drivers/STM32F4xx_HAL_Driver/Inc -I../Drivers/STM32F4xx_HAL_Driver/Inc/Legacy -I../Drivers/CMSIS/Device/ST/STM32F4xx/Include -I../Drivers/CMSIS/Include -O0 -ffunction-sections -fdata-sections -Wall -fstack-usage -fcyclomatic-complexity -MMD -MP -MF"Drivers/STM32F4xx_HAL_Driver/Src/stm32f4xx_hal_flash_ex.d" -MT"Drivers/STM32F4xx_HAL_Driver/Src/stm32f4xx_hal_flash_ex.o" --specs=nano.specs -mfpu=fpv4-sp-d16 -mfloat-abi=hard -mthumb -o "Drivers/STM32F4xx_HAL_Driver/Src/stm32f4xx_hal_flash_ex.o"
arm-none-eabi-gcc "../Drivers/STM32F4xx_HAL_Driver/Src/stm32f4xx_hal_flash_ramfunc.c" -mcpu=cortex-m4 -std=gnu11 -g3 -DDEBUG -DUSE_HAL_DRIVER -DSTM32F407xx -c -I../Core/Inc -I../Drivers/STM32F4xx_HAL_Driver/Inc -I../Drivers/STM32F4xx_HAL_Driver/Inc/Legacy -I../Drivers/CMSIS/Device/ST/STM32F4xx/Include -I../Drivers/CMSIS/Include -O0 -ffunction-sections -fdata-sections -Wall -fstack-usage -fcyclomatic-complexity -MMD -MP -MF"Drivers/STM32F4xx_HAL_Driver/Src/stm32f4xx_hal_flash_ramfunc.d" -MT"Drivers/STM32F4xx_HAL_Driver/Src/stm32f4xx_hal_flash_ramfunc.o" --specs=nano.specs -mfpu=fpv4-sp-d16 -mfloat-abi=hard -mthumb -o "Drivers/STM32F4xx_HAL_Driver/Src/stm32f4xx_hal_flash_ramfunc.o"
arm-none-eabi-gcc "../Drivers/STM32F4xx_HAL_Driver/Src/stm32f4xx_hal_gpio.c" -mcpu=cortex-m4 -std=gnu11 -g3 -DDEBUG -DUSE_HAL_DRIVER -DSTM32F407xx -c -I../Core/Inc -I../Drivers/STM32F4xx_HAL_Driver/Inc -I../Drivers/STM32F4xx_HAL_Driver/Inc/Legacy -I../Drivers/CMSIS/Device/ST/STM32F4xx/Include -I../Drivers/CMSIS/Include -O0 -ffunction-sections -fdata-sections -Wall -fstack-usage -fcyclomatic-complexity -MMD -MP -MF"Drivers/STM32F4xx_HAL_Driver/Src/stm32f4xx_hal_gpio.d" -MT"Drivers/STM32F4xx_HAL_Driver/Src/stm32f4xx_hal_gpio.o" --specs=nano.specs -mfpu=fpv4-sp-d16 -mfloat-abi=hard -mthumb -o "Drivers/STM32F4xx_HAL_Driver/Src/stm32f4xx_hal_gpio.o"
arm-none-eabi-gcc "../Drivers/STM32F4xx_HAL_Driver/Src/stm32f4xx_hal_pwr.c" -mcpu=cortex-m4 -std=gnu11 -g3 -DDEBUG -DUSE_HAL_DRIVER -DSTM32F407xx -c -I../Core/Inc -I../Drivers/STM32F4xx_HAL_Driver/Inc -I../Drivers/STM32F4xx_HAL_Driver/Inc/Legacy -I../Drivers/CMSIS/Device/ST/STM32F4xx/Include -I../Drivers/CMSIS/Include -O0 -ffunction-sections -fdata-sections -Wall -fstack-usage -fcyclomatic-complexity -MMD -MP -MF"Drivers/STM32F4xx_HAL_Driver/Src/stm32f4xx_hal_pwr.d" -MT"Drivers/STM32F4xx_HAL_Driver/Src/stm32f4xx_hal_pwr.o" --specs=nano.specs -mfpu=fpv4-sp-d16 -mfloat-abi=hard -mthumb -o "Drivers/STM32F4xx_HAL_Driver/Src/stm32f4xx_hal_pwr.o"
arm-none-eabi-gcc "../Drivers/STM32F4xx_HAL_Driver/Src/stm32f4xx_hal_pwr_ex.c" -mcpu=cortex-m4 -std=gnu11 -g3 -DDEBUG -DUSE_HAL_DRIVER -DSTM32F407xx -c -I../Core/Inc -I../Drivers/STM32F4xx_HAL_Driver/Inc -I../Drivers/STM32F4xx_HAL_Driver/Inc/Legacy -I../Drivers/CMSIS/Device/ST/STM32F4xx/Include -I../Drivers/CMSIS/Include -O0 -ffunction-sections -fdata-sections -Wall -fstack-usage -fcyclomatic-complexity -MMD -MP -MF"Drivers/STM32F4xx_HAL_Driver/Src/stm32f4xx_hal_pwr_ex.d" -MT"Drivers/STM32F4xx_HAL_Driver/Src/stm32f4xx_hal_pwr_ex.o" --specs=nano.specs -mfpu=fpv4-sp-d16 -mfloat-abi=hard -mthumb -o "Drivers/STM32F4xx_HAL_Driver/Src/stm32f4xx_hal_pwr_ex.o"
arm-none-eabi-gcc "../Drivers/STM32F4xx_HAL_Driver/Src/stm32f4xx_hal_rcc.c" -mcpu=cortex-m4 -std=gnu11 -g3 -DDEBUG -DUSE_HAL_DRIVER -DSTM32F407xx -c -I../Core/Inc -I../Drivers/STM32F4xx_HAL_Driver/Inc -I../Drivers/STM32F4xx_HAL_Driver/Inc/Legacy -I../Drivers/CMSIS/Device/ST/STM32F4xx/Include -I../Drivers/CMSIS/Include -O0 -ffunction-sections -fdata-sections -Wall -fstack-usage -fcyclomatic-complexity -MMD -MP -MF"Drivers/STM32F4xx_HAL_Driver/Src/stm32f4xx_hal_rcc.d" -MT"Drivers/STM32F4xx_HAL_Driver/Src/stm32f4xx_hal_rcc.o" --specs=nano.specs -mfpu=fpv4-sp-d16 -mfloat-abi=hard -mthumb -o "Drivers/STM32F4xx_HAL_Driver/Src/stm32f4xx_hal_rcc.o"
arm-none-eabi-gcc "../Drivers/STM32F4xx_HAL_Driver/Src/stm32f4xx_hal_rcc_ex.c" -mcpu=cortex-m4 -std=gnu11 -g3 -DDEBUG -DUSE_HAL_DRIVER -DSTM32F407xx -c -I../Core/Inc -I../Drivers/STM32F4xx_HAL_Driver/Inc -I../Drivers/STM32F4xx_HAL_Driver/Inc/Legacy -I../Drivers/CMSIS/Device/ST/STM32F4xx/Include -I../Drivers/CMSIS/Include -O0 -ffunction-sections -fdata-sections -Wall -fstack-usage -fcyclomatic-complexity -MMD -MP -MF"Drivers/STM32F4xx_HAL_Driver/Src/stm32f4xx_hal_rcc_ex.d" -MT"Drivers/STM32F4xx_HAL_Driver/Src/stm32f4xx_hal_rcc_ex.o" --specs=nano.specs -mfpu=fpv4-sp-d16 -mfloat-abi=hard -mthumb -o "Drivers/STM32F4xx_HAL_Driver/Src/stm32f4xx_hal_rcc_ex.o"
arm-none-eabi-gcc "../Drivers/STM32F4xx_HAL_Driver/Src/stm32f4xx_hal_tim.c" -mcpu=cortex-m4 -std=gnu11 -g3 -DDEBUG -DUSE_HAL_DRIVER -DSTM32F407xx -c -I../Core/Inc -I../Drivers/STM32F4xx_HAL_Driver/Inc -I../Drivers/STM32F4xx_HAL_Driver/Inc/Legacy -I../Drivers/CMSIS/Device/ST/STM32F4xx/Include -I../Drivers/CMSIS/Include -O0 -ffunction-sections -fdata-sections -Wall -fstack-usage -fcyclomatic-complexity -MMD -MP -MF"Drivers/STM32F4xx_HAL_Driver/Src/stm32f4xx_hal_tim.d" -MT"Drivers/STM32F4xx_HAL_Driver/Src/stm32f4xx_hal_tim.o" --specs=nano.specs -mfpu=fpv4-sp-d16 -mfloat-abi=hard -mthumb -o "Drivers/STM32F4xx_HAL_Driver/Src/stm32f4xx_hal_tim.o"
arm-none-eabi-gcc "../Drivers/STM32F4xx_HAL_Driver/Src/stm32f4xx_hal_tim_ex.c" -mcpu=cortex-m4 -std=gnu11 -g3 -DDEBUG -DUSE_HAL_DRIVER -DSTM32F407xx -c -I../Core/Inc -I../Drivers/STM32F4xx_HAL_Driver/Inc -I../Drivers/STM32F4xx_HAL_Driver/Inc/Legacy -I../Drivers/CMSIS/Device/ST/STM32F4xx/Include -I../Drivers/CMSIS/Include -O0 -ffunction-sections -fdata-sections -Wall -fstack-usage -fcyclomatic-complexity -MMD -MP -MF"Drivers/STM32F4xx_HAL_Driver/Src/stm32f4xx_hal_tim_ex.d" -MT"Drivers/STM32F4xx_HAL_Driver/Src/stm32f4xx_hal_tim_ex.o" --specs=nano.specs -mfpu=fpv4-sp-d16 -mfloat-abi=hard -mthumb -o "Drivers/STM32F4xx_HAL_Driver/Src/stm32f4xx_hal_tim_ex.o"
arm-none-eabi-gcc "../Drivers/STM32F4xx_HAL_Driver/Src/stm32f4xx_ll_adc.c" -mcpu=cortex-m4 -std=gnu11 -g3 -DDEBUG -DUSE_HAL_DRIVER -DSTM32F407xx -c -I../Core/Inc -I../Drivers/STM32F4xx_HAL_Driver/Inc -I../Drivers/STM32F4xx_HAL_Driver/Inc/Legacy -I../Drivers/CMSIS/Device/ST/STM32F4xx/Include -I../Drivers/CMSIS/Include -O0 -ffunction-sections -fdata-sections -Wall -fstack-usage -fcyclomatic-complexity -MMD -MP -MF"Drivers/STM32F4xx_HAL_Driver/Src/stm32f4xx_ll_adc.d" -MT"Drivers/STM32F4xx_HAL_Driver/Src/stm32f4xx_ll_adc.o" --specs=nano.specs -mfpu=fpv4-sp-d16 -mfloat-abi=hard -mthumb -o "Drivers/STM32F4xx_HAL_Driver/Src/stm32f4xx_ll_adc.o"
arm-none-eabi-gcc -mcpu=cortex-m4 -g3 -DDEBUG -c -x assembler-with-cpp -MMD -MP -MF"Core/Startup/startup_stm32f407vgtx.d" -MT"Core/Startup/startup_stm32f407vgtx.o" --specs=nano.specs -mfpu=fpv4-sp-d16 -mfloat-abi=hard -mthumb -o "Core/Startup/startup_stm32f407vgtx.o" "../Core/Startup/startup_stm32f407vgtx.s"
arm-none-eabi-gcc "../Core/Src/main.c" -mcpu=cortex-m4 -std=gnu11 -g3 -DDEBUG -DUSE_HAL_DRIVER -DSTM32F407xx -c -I../Core/Inc -I../Drivers/STM32F4xx_HAL_Driver/Inc -I../Drivers/STM32F4xx_HAL_Driver/Inc/Legacy -I../Drivers/CMSIS/Device/ST/STM32F4xx/Include -I../Drivers/CMSIS/Include -O0 -ffunction-sections -fdata-sections -Wall -fstack-usage -fcyclomatic-complexity -MMD -MP -MF"Core/Src/main.d" -MT"Core/Src/main.o" --specs=nano.specs -mfpu=fpv4-sp-d16 -mfloat-abi=hard -mthumb -o "Core/Src/main.o"
arm-none-eabi-gcc "../Core/Src/stm32f4xx_hal_msp.c" -mcpu=cortex-m4 -std=gnu11 -g3 -DDEBUG -DUSE_HAL_DRIVER -DSTM32F407xx -c -I../Core/Inc -I../Drivers/STM32F4xx_HAL_Driver/Inc -I../Drivers/STM32F4xx_HAL_Driver/Inc/Legacy -I../Drivers/CMSIS/Device/ST/STM32F4xx/Include -I../Drivers/CMSIS/Include -O0 -ffunction-sections -fdata-sections -Wall -fstack-usage -fcyclomatic-complexity -MMD -MP -MF"Core/Src/stm32f4xx_hal_msp.d" -MT"Core/Src/stm32f4xx_hal_msp.o" --specs=nano.specs -mfpu=fpv4-sp-d16 -mfloat-abi=hard -mthumb -o "Core/Src/stm32f4xx_hal_msp.o"
arm-none-eabi-gcc "../Core/Src/stm32f4xx_it.c" -mcpu=cortex-m4 -std=gnu11 -g3 -DDEBUG -DUSE_HAL_DRIVER -DSTM32F407xx -c -I../Core/Inc -I../Drivers/STM32F4xx_HAL_Driver/Inc -I../Drivers/STM32F4xx_HAL_Driver/Inc/Legacy -I../Drivers/CMSIS/Device/ST/STM32F4xx/Include -I../Drivers/CMSIS/Include -O0 -ffunction-sections -fdata-sections -Wall -fstack-usage -fcyclomatic-complexity -MMD -MP -MF"Core/Src/stm32f4xx_it.d" -MT"Core/Src/stm32f4xx_it.o" --specs=nano.specs -mfpu=fpv4-sp-d16 -mfloat-abi=hard -mthumb -o "Core/Src/stm32f4xx_it.o"
arm-none-eabi-gcc "../Core/Src/syscalls.c" -mcpu=cortex-m4 -std=gnu11 -g3 -DDEBUG -DUSE_HAL_DRIVER -DSTM32F407xx -c -I../Core/Inc -I../Drivers/STM32F4xx_HAL_Driver/Inc -I../Drivers/STM32F4xx_HAL_Driver/Inc/Legacy -I../Drivers/CMSIS/Device/ST/STM32F4xx/Include -I../Drivers/CMSIS/Include -O0 -ffunction-sections -fdata-sections -Wall -fstack-usage -fcyclomatic-complexity -MMD -MP -MF"Core/Src/syscalls.d" -MT"Core/Src/syscalls.o" --specs=nano.specs -mfpu=fpv4-sp-d16 -mfloat-abi=hard -mthumb -o "Core/Src/syscalls.o"
arm-none-eabi-gcc "../Core/Src/sysmem.c" -mcpu=cortex-m4 -std=gnu11 -g3 -DDEBUG -DUSE_HAL_DRIVER -DSTM32F407xx -c -I../Core/Inc -I../Drivers/STM32F4xx_HAL_Driver/Inc -I../Drivers/STM32F4xx_HAL_Driver/Inc/Legacy -I../Drivers/CMSIS/Device/ST/STM32F4xx/Include -I../Drivers/CMSIS/Include -O0 -ffunction-sections -fdata-sections -Wall -fstack-usage -fcyclomatic-complexity -MMD -MP -MF"Core/Src/sysmem.d" -MT"Core/Src/sysmem.o" --specs=nano.specs -mfpu=fpv4-sp-d16 -mfloat-abi=hard -mthumb -o "Core/Src/sysmem.o"
arm-none-eabi-gcc "../Core/Src/system_stm32f4xx.c" -mcpu=cortex-m4 -std=gnu11 -g3 -DDEBUG -DUSE_HAL_DRIVER -DSTM32F407xx -c -I../Core/Inc -I../Drivers/STM32F4xx_HAL_Driver/Inc -I../Drivers/STM32F4xx_HAL_Driver/Inc/Legacy -I../Drivers/CMSIS/Device/ST/STM32F4xx/Include -I../Drivers/CMSIS/Include -O0 -ffunction-sections -fdata-sections -Wall -fstack-usage -fcyclomatic-complexity -MMD -MP -MF"Core/Src/system_stm32f4xx.d" -MT"Core/Src/system_stm32f4xx.o" --specs=nano.specs -mfpu=fpv4-sp-d16 -mfloat-abi=hard -mthumb -o "Core/Src/system_stm32f4xx.o"
arm-none-eabi-gcc -o "test.elf" @"objects.list"   -mcpu=cortex-m4 -T"D:\PROJECTS\Git\HMI_MODEL_PROTHESIS_ARM\STM workspace\test\STM32F407VGTX_FLASH.ld" --specs=nosys.specs -Wl,-Map="test.map" -Wl,--gc-sections -static --specs=nano.specs -mfpu=fpv4-sp-d16 -mfloat-abi=hard -mthumb -Wl,--start-group -lc -lm -Wl,--end-group
Finished building target: test.elf
 
arm-none-eabi-size  test.elf 
arm-none-eabi-objdump -h -S test.elf  > "test.list"
   text	   data	    bss	    dec	    hex	filename
   7940	     12	   1788	   9740	   260c	test.elf
Finished building: default.size.stdout
 
Finished building: test.list
 
19:06:41 **** Incremental Build of configuration Debug for project FSR ****
make -j12 all 
arm-none-eabi-gcc "../Src/adc.c" -mcpu=cortex-m4 -std=gnu11 -g3 -DDEBUG -DSTM32 -DSTM32F407G_DISC1 -DSTM32F4 -DSTM32F407VGTx -DARM_MATH_CM4 -DSTM32F407xx -DUSE_HAL_DRIVER -c -I../Inc -I"D:/PROJECTS/Git/HMI_MODEL_PROTHESIS_ARM/STM workspace/FSR/chip_headers/Drivers/CMSIS/Device/ST/STM32F4xx/Include" -I"D:/PROJECTS/Git/HMI_MODEL_PROTHESIS_ARM/STM workspace/FSR/chip_headers/Drivers/CMSIS/Include" -I"D:/PROJECTS/Git/HMI_MODEL_PROTHESIS_ARM/STM workspace/FSR/chip_headers/Drivers/CMSIS/DSP/Include" -I"D:/PROJECTS/Git/HMI_MODEL_PROTHESIS_ARM/STM workspace/FSR/chip_headers/Drivers/CMSIS/DSP/PrivateInclude" -I"D:/PROJECTS/Git/HMI_MODEL_PROTHESIS_ARM/STM workspace/FSR/chip_headers/Drivers/STM32F4xx_HAL_Driver/Inc" -O0 -ffunction-sections -fdata-sections -Wall -fstack-usage -fcyclomatic-complexity -MMD -MP -MF"Src/adc.d" -MT"Src/adc.o" --specs=nano.specs -mfpu=fpv4-sp-d16 -mfloat-abi=hard -mthumb -o "Src/adc.o"
arm-none-eabi-gcc "../Src/main.c" -mcpu=cortex-m4 -std=gnu11 -g3 -DDEBUG -DSTM32 -DSTM32F407G_DISC1 -DSTM32F4 -DSTM32F407VGTx -DARM_MATH_CM4 -DSTM32F407xx -DUSE_HAL_DRIVER -c -I../Inc -I"D:/PROJECTS/Git/HMI_MODEL_PROTHESIS_ARM/STM workspace/FSR/chip_headers/Drivers/CMSIS/Device/ST/STM32F4xx/Include" -I"D:/PROJECTS/Git/HMI_MODEL_PROTHESIS_ARM/STM workspace/FSR/chip_headers/Drivers/CMSIS/Include" -I"D:/PROJECTS/Git/HMI_MODEL_PROTHESIS_ARM/STM workspace/FSR/chip_headers/Drivers/CMSIS/DSP/Include" -I"D:/PROJECTS/Git/HMI_MODEL_PROTHESIS_ARM/STM workspace/FSR/chip_headers/Drivers/CMSIS/DSP/PrivateInclude" -I"D:/PROJECTS/Git/HMI_MODEL_PROTHESIS_ARM/STM workspace/FSR/chip_headers/Drivers/STM32F4xx_HAL_Driver/Inc" -O0 -ffunction-sections -fdata-sections -Wall -fstack-usage -fcyclomatic-complexity -MMD -MP -MF"Src/main.d" -MT"Src/main.o" --specs=nano.specs -mfpu=fpv4-sp-d16 -mfloat-abi=hard -mthumb -o "Src/main.o"
../Src/main.c:42:1: error: expected identifier or '(' before '}' token
   42 | }
      | ^
make: *** [Src/subdir.mk:31: Src/main.o] Error 1
make: *** Waiting for unfinished jobs....
"make -j12 all" terminated with exit code 2. Build might be incomplete.
19:07:02 **** Incremental Build of configuration Debug for project FSR ****
make -j12 all 
arm-none-eabi-gcc "../Src/main.c" -mcpu=cortex-m4 -std=gnu11 -g3 -DDEBUG -DSTM32 -DSTM32F407G_DISC1 -DSTM32F4 -DSTM32F407VGTx -DARM_MATH_CM4 -DSTM32F407xx -DUSE_HAL_DRIVER -c -I../Inc -I"D:/PROJECTS/Git/HMI_MODEL_PROTHESIS_ARM/STM workspace/FSR/chip_headers/Drivers/CMSIS/Device/ST/STM32F4xx/Include" -I"D:/PROJECTS/Git/HMI_MODEL_PROTHESIS_ARM/STM workspace/FSR/chip_headers/Drivers/CMSIS/Include" -I"D:/PROJECTS/Git/HMI_MODEL_PROTHESIS_ARM/STM workspace/FSR/chip_headers/Drivers/CMSIS/DSP/Include" -I"D:/PROJECTS/Git/HMI_MODEL_PROTHESIS_ARM/STM workspace/FSR/chip_headers/Drivers/CMSIS/DSP/PrivateInclude" -I"D:/PROJECTS/Git/HMI_MODEL_PROTHESIS_ARM/STM workspace/FSR/chip_headers/Drivers/STM32F4xx_HAL_Driver/Inc" -O0 -ffunction-sections -fdata-sections -Wall -fstack-usage -fcyclomatic-complexity -MMD -MP -MF"Src/main.d" -MT"Src/main.o" --specs=nano.specs -mfpu=fpv4-sp-d16 -mfloat-abi=hard -mthumb -o "Src/main.o"
arm-none-eabi-gcc -o "FSR.elf" @"objects.list"   -mcpu=cortex-m4 -T"D:\PROJECTS\Git\HMI_MODEL_PROTHESIS_ARM\STM workspace\FSR\STM32F407VGTX_FLASH.ld" --specs=nosys.specs -Wl,-Map="FSR.map" -Wl,--gc-sections -static --specs=nano.specs -mfpu=fpv4-sp-d16 -mfloat-abi=hard -mthumb -Wl,--start-group -lc -lm -Wl,--end-group
Finished building target: FSR.elf
 
arm-none-eabi-size  FSR.elf 
arm-none-eabi-objdump -h -S FSR.elf  > "FSR.list"
   text	   data	    bss	    dec	    hex	filename
   1152	      0	   1568	   2720	    aa0	FSR.elf
Finished building: default.size.stdout
 
Finished building: FSR.list
 
19:08:54 **** Incremental Build of configuration Debug for project FSR ****
make -j12 all 
arm-none-eabi-gcc "../Src/adc.c" -mcpu=cortex-m4 -std=gnu11 -g3 -DDEBUG -DSTM32 -DSTM32F407G_DISC1 -DSTM32F4 -DSTM32F407VGTx -DARM_MATH_CM4 -DSTM32F407xx -DUSE_HAL_DRIVER -c -I../Inc -I"D:/PROJECTS/Git/HMI_MODEL_PROTHESIS_ARM/STM workspace/FSR/chip_headers/Drivers/CMSIS/Device/ST/STM32F4xx/Include" -I"D:/PROJECTS/Git/HMI_MODEL_PROTHESIS_ARM/STM workspace/FSR/chip_headers/Drivers/CMSIS/Include" -I"D:/PROJECTS/Git/HMI_MODEL_PROTHESIS_ARM/STM workspace/FSR/chip_headers/Drivers/CMSIS/DSP/Include" -I"D:/PROJECTS/Git/HMI_MODEL_PROTHESIS_ARM/STM workspace/FSR/chip_headers/Drivers/CMSIS/DSP/PrivateInclude" -I"D:/PROJECTS/Git/HMI_MODEL_PROTHESIS_ARM/STM workspace/FSR/chip_headers/Drivers/STM32F4xx_HAL_Driver/Inc" -O0 -ffunction-sections -fdata-sections -Wall -fstack-usage -fcyclomatic-complexity -MMD -MP -MF"Src/adc.d" -MT"Src/adc.o" --specs=nano.specs -mfpu=fpv4-sp-d16 -mfloat-abi=hard -mthumb -o "Src/adc.o"
arm-none-eabi-gcc -o "FSR.elf" @"objects.list"   -mcpu=cortex-m4 -T"D:\PROJECTS\Git\HMI_MODEL_PROTHESIS_ARM\STM workspace\FSR\STM32F407VGTX_FLASH.ld" --specs=nosys.specs -Wl,-Map="FSR.map" -Wl,--gc-sections -static --specs=nano.specs -mfpu=fpv4-sp-d16 -mfloat-abi=hard -mthumb -Wl,--start-group -lc -lm -Wl,--end-group
Finished building target: FSR.elf
 
arm-none-eabi-size  FSR.elf 
arm-none-eabi-objdump -h -S FSR.elf  > "FSR.list"
   text	   data	    bss	    dec	    hex	filename
   1124	      0	   1568	   2692	    a84	FSR.elf
Finished building: default.size.stdout
 
Finished building: FSR.list
 
19:10:29 **** Incremental Build of configuration Debug for project FSR ****
make -j12 all 
arm-none-eabi-gcc "../Src/adc.c" -mcpu=cortex-m4 -std=gnu11 -g3 -DDEBUG -DSTM32 -DSTM32F407G_DISC1 -DSTM32F4 -DSTM32F407VGTx -DARM_MATH_CM4 -DSTM32F407xx -DUSE_HAL_DRIVER -c -I../Inc -I"D:/PROJECTS/Git/HMI_MODEL_PROTHESIS_ARM/STM workspace/FSR/chip_headers/Drivers/CMSIS/Device/ST/STM32F4xx/Include" -I"D:/PROJECTS/Git/HMI_MODEL_PROTHESIS_ARM/STM workspace/FSR/chip_headers/Drivers/CMSIS/Include" -I"D:/PROJECTS/Git/HMI_MODEL_PROTHESIS_ARM/STM workspace/FSR/chip_headers/Drivers/CMSIS/DSP/Include" -I"D:/PROJECTS/Git/HMI_MODEL_PROTHESIS_ARM/STM workspace/FSR/chip_headers/Drivers/CMSIS/DSP/PrivateInclude" -I"D:/PROJECTS/Git/HMI_MODEL_PROTHESIS_ARM/STM workspace/FSR/chip_headers/Drivers/STM32F4xx_HAL_Driver/Inc" -O0 -ffunction-sections -fdata-sections -Wall -fstack-usage -fcyclomatic-complexity -MMD -MP -MF"Src/adc.d" -MT"Src/adc.o" --specs=nano.specs -mfpu=fpv4-sp-d16 -mfloat-abi=hard -mthumb -o "Src/adc.o"
arm-none-eabi-gcc -o "FSR.elf" @"objects.list"   -mcpu=cortex-m4 -T"D:\PROJECTS\Git\HMI_MODEL_PROTHESIS_ARM\STM workspace\FSR\STM32F407VGTX_FLASH.ld" --specs=nosys.specs -Wl,-Map="FSR.map" -Wl,--gc-sections -static --specs=nano.specs -mfpu=fpv4-sp-d16 -mfloat-abi=hard -mthumb -Wl,--start-group -lc -lm -Wl,--end-group
Finished building target: FSR.elf
 
arm-none-eabi-size  FSR.elf 
arm-none-eabi-objdump -h -S FSR.elf  > "FSR.list"
   text	   data	    bss	    dec	    hex	filename
   1152	      0	   1568	   2720	    aa0	FSR.elf
Finished building: default.size.stdout
 
Finished building: FSR.list
 
