Archive member included to satisfy reference by file (symbol)

C:/ST/STM32CubeIDE_1.16.1/STM32CubeIDE/plugins/com.st.stm32cube.ide.mcu.externaltools.gnu-tools-for-stm32.12.3.rel1.win32_1.0.200.202406191623/tools/bin/../lib/gcc/arm-none-eabi/12.3.1/../../../../arm-none-eabi/lib/thumb/v7e-m+fp/hard\libc_nano.a(libc_a-exit.o)
                              C:/ST/STM32CubeIDE_1.16.1/STM32CubeIDE/plugins/com.st.stm32cube.ide.mcu.externaltools.gnu-tools-for-stm32.12.3.rel1.win32_1.0.200.202406191623/tools/bin/../lib/gcc/arm-none-eabi/12.3.1/../../../../arm-none-eabi/lib/thumb/v7e-m+fp/hard/crt0.o (exit)
C:/ST/STM32CubeIDE_1.16.1/STM32CubeIDE/plugins/com.st.stm32cube.ide.mcu.externaltools.gnu-tools-for-stm32.12.3.rel1.win32_1.0.200.202406191623/tools/bin/../lib/gcc/arm-none-eabi/12.3.1/../../../../arm-none-eabi/lib/thumb/v7e-m+fp/hard\libc_nano.a(libc_a-findfp.o)
                              C:/ST/STM32CubeIDE_1.16.1/STM32CubeIDE/plugins/com.st.stm32cube.ide.mcu.externaltools.gnu-tools-for-stm32.12.3.rel1.win32_1.0.200.202406191623/tools/bin/../lib/gcc/arm-none-eabi/12.3.1/../../../../arm-none-eabi/lib/thumb/v7e-m+fp/hard\libc_nano.a(libc_a-exit.o) (__stdio_exit_handler)
C:/ST/STM32CubeIDE_1.16.1/STM32CubeIDE/plugins/com.st.stm32cube.ide.mcu.externaltools.gnu-tools-for-stm32.12.3.rel1.win32_1.0.200.202406191623/tools/bin/../lib/gcc/arm-none-eabi/12.3.1/../../../../arm-none-eabi/lib/thumb/v7e-m+fp/hard\libc_nano.a(libc_a-fwalk.o)
                              C:/ST/STM32CubeIDE_1.16.1/STM32CubeIDE/plugins/com.st.stm32cube.ide.mcu.externaltools.gnu-tools-for-stm32.12.3.rel1.win32_1.0.200.202406191623/tools/bin/../lib/gcc/arm-none-eabi/12.3.1/../../../../arm-none-eabi/lib/thumb/v7e-m+fp/hard\libc_nano.a(libc_a-findfp.o) (_fwalk_sglue)
C:/ST/STM32CubeIDE_1.16.1/STM32CubeIDE/plugins/com.st.stm32cube.ide.mcu.externaltools.gnu-tools-for-stm32.12.3.rel1.win32_1.0.200.202406191623/tools/bin/../lib/gcc/arm-none-eabi/12.3.1/../../../../arm-none-eabi/lib/thumb/v7e-m+fp/hard\libc_nano.a(libc_a-stdio.o)
                              C:/ST/STM32CubeIDE_1.16.1/STM32CubeIDE/plugins/com.st.stm32cube.ide.mcu.externaltools.gnu-tools-for-stm32.12.3.rel1.win32_1.0.200.202406191623/tools/bin/../lib/gcc/arm-none-eabi/12.3.1/../../../../arm-none-eabi/lib/thumb/v7e-m+fp/hard\libc_nano.a(libc_a-findfp.o) (__sread)
C:/ST/STM32CubeIDE_1.16.1/STM32CubeIDE/plugins/com.st.stm32cube.ide.mcu.externaltools.gnu-tools-for-stm32.12.3.rel1.win32_1.0.200.202406191623/tools/bin/../lib/gcc/arm-none-eabi/12.3.1/../../../../arm-none-eabi/lib/thumb/v7e-m+fp/hard\libc_nano.a(libc_a-memset.o)
                              C:/ST/STM32CubeIDE_1.16.1/STM32CubeIDE/plugins/com.st.stm32cube.ide.mcu.externaltools.gnu-tools-for-stm32.12.3.rel1.win32_1.0.200.202406191623/tools/bin/../lib/gcc/arm-none-eabi/12.3.1/../../../../arm-none-eabi/lib/thumb/v7e-m+fp/hard/crt0.o (memset)
C:/ST/STM32CubeIDE_1.16.1/STM32CubeIDE/plugins/com.st.stm32cube.ide.mcu.externaltools.gnu-tools-for-stm32.12.3.rel1.win32_1.0.200.202406191623/tools/bin/../lib/gcc/arm-none-eabi/12.3.1/../../../../arm-none-eabi/lib/thumb/v7e-m+fp/hard\libc_nano.a(libc_a-closer.o)
                              C:/ST/STM32CubeIDE_1.16.1/STM32CubeIDE/plugins/com.st.stm32cube.ide.mcu.externaltools.gnu-tools-for-stm32.12.3.rel1.win32_1.0.200.202406191623/tools/bin/../lib/gcc/arm-none-eabi/12.3.1/../../../../arm-none-eabi/lib/thumb/v7e-m+fp/hard\libc_nano.a(libc_a-stdio.o) (_close_r)
C:/ST/STM32CubeIDE_1.16.1/STM32CubeIDE/plugins/com.st.stm32cube.ide.mcu.externaltools.gnu-tools-for-stm32.12.3.rel1.win32_1.0.200.202406191623/tools/bin/../lib/gcc/arm-none-eabi/12.3.1/../../../../arm-none-eabi/lib/thumb/v7e-m+fp/hard\libc_nano.a(libc_a-reent.o)
                              C:/ST/STM32CubeIDE_1.16.1/STM32CubeIDE/plugins/com.st.stm32cube.ide.mcu.externaltools.gnu-tools-for-stm32.12.3.rel1.win32_1.0.200.202406191623/tools/bin/../lib/gcc/arm-none-eabi/12.3.1/../../../../arm-none-eabi/lib/thumb/v7e-m+fp/hard\libc_nano.a(libc_a-closer.o) (errno)
C:/ST/STM32CubeIDE_1.16.1/STM32CubeIDE/plugins/com.st.stm32cube.ide.mcu.externaltools.gnu-tools-for-stm32.12.3.rel1.win32_1.0.200.202406191623/tools/bin/../lib/gcc/arm-none-eabi/12.3.1/../../../../arm-none-eabi/lib/thumb/v7e-m+fp/hard\libc_nano.a(libc_a-impure.o)
                              C:/ST/STM32CubeIDE_1.16.1/STM32CubeIDE/plugins/com.st.stm32cube.ide.mcu.externaltools.gnu-tools-for-stm32.12.3.rel1.win32_1.0.200.202406191623/tools/bin/../lib/gcc/arm-none-eabi/12.3.1/../../../../arm-none-eabi/lib/thumb/v7e-m+fp/hard\libc_nano.a(libc_a-reent.o) (_impure_ptr)
C:/ST/STM32CubeIDE_1.16.1/STM32CubeIDE/plugins/com.st.stm32cube.ide.mcu.externaltools.gnu-tools-for-stm32.12.3.rel1.win32_1.0.200.202406191623/tools/bin/../lib/gcc/arm-none-eabi/12.3.1/../../../../arm-none-eabi/lib/thumb/v7e-m+fp/hard\libc_nano.a(libc_a-lseekr.o)
[...]
Memory Configuration

Name             Origin             Length             Attributes
CCMRAM           0x10000000         0x00010000         xrw
RAM              0x20000000         0x00020000         xrw
FLASH            0x08000000         0x00100000         xr
*default*        0x00000000         0xffffffff

Linker script and memory map

LOAD C:/ST/STM32CubeIDE_1.16.1/STM32CubeIDE/plugins/com.st.stm32cube.ide.mcu.externaltools.gnu-tools-for-stm32.12.3.rel1.win32_1.0.200.202406191623/tools/bin/../lib/gcc/arm-none-eabi/12.3.1/thumb/v7e-m+fp/hard/crti.o
LOAD C:/ST/STM32CubeIDE_1.16.1/STM32CubeIDE/plugins/com.st.stm32cube.ide.mcu.externaltools.gnu-tools-for-stm32.12.3.rel1.win32_1.0.200.202406191623/tools/bin/../lib/gcc/arm-none-eabi/12.3.1/thumb/v7e-m+fp/hard/crtbegin.o
LOAD C:/ST/STM32CubeIDE_1.16.1/STM32CubeIDE/plugins/com.st.stm32cube.ide.mcu.externaltools.gnu-tools-for-stm32.12.3.rel1.win32_1.0.200.202406191623/tools/bin/../lib/gcc/arm-none-eabi/12.3.1/../../../../arm-none-eabi/lib/thumb/v7e-m+fp/hard/crt0.o
LOAD ./Src/adc.o
LOAD ./Src/clock.o
LOAD ./Src/delayms.o
LOAD ./Src/main.o
LOAD ./Src/syscalls.o
LOAD ./Src/sysmem.o
LOAD ./Src/uart.o
LOAD ./Startup/startup_stm32f407vgtx.o
START GROUP
LOAD C:/ST/STM32CubeIDE_1.16.1/STM32CubeIDE/plugins/com.st.stm32cube.ide.mcu.externaltools.gnu-tools-for-stm32.12.3.rel1.win32_1.0.200.202406191623/tools/bin/../lib/gcc/arm-none-eabi/12.3.1/../../../../arm-none-eabi/lib/thumb/v7e-m+fp/hard\libc_nano.a
LOAD C:/ST/STM32CubeIDE_1.16.1/STM32CubeIDE/plugins/com.st.stm32cube.ide.mcu.externaltools.gnu-tools-for-stm32.12.3.rel1.win32_1.0.200.202406191623/tools/bin/../lib/gcc/arm-none-eabi/12.3.1/../../../../arm-none-eabi/lib/thumb/v7e-m+fp/hard\libm.a
END GROUP
START GROUP
LOAD C:/ST/STM32CubeIDE_1.16.1/STM32CubeIDE/plugins/com.st.stm32cube.ide.mcu.externaltools.gnu-tools-for-stm32.12.3.rel1.win32_1.0.200.202406191623/tools/bin/../lib/gcc/arm-none-eabi/12.3.1/thumb/v7e-m+fp/hard\libgcc.a
LOAD C:/ST/STM32CubeIDE_1.16.1/STM32CubeIDE/plugins/com.st.stm32cube.ide.mcu.externaltools.gnu-tools-for-stm32.12.3.rel1.win32_1.0.200.202406191623/tools/bin/../lib/gcc/arm-none-eabi/12.3.1/../../../../arm-none-eabi/lib/thumb/v7e-m+fp/hard\libc_nano.a
END GROUP
START GROUP
LOAD C:/ST/STM32CubeIDE_1.16.1/STM32CubeIDE/plugins/com.st.stm32cube.ide.mcu.externaltools.gnu-tools-for-stm32.12.3.rel1.win32_1.0.200.202406191623/tools/bin/../lib/gcc/arm-none-eabi/12.3.1/thumb/v7e-m+fp/hard\libgcc.a
LOAD C:/ST/STM32CubeIDE_1.16.1/STM32CubeIDE/plugins/com.st.stm32cube.ide.mcu.externaltools.gnu-tools-for-stm32.12.3.rel1.win32_1.0.200.202406191623/tools/bin/../lib/gcc/arm-none-eabi/12.3.1/../../../../arm-none-eabi/lib/thumb/v7e-m+fp/hard\libc_nano.a
LOAD C:/ST/STM32CubeIDE_1.16.1/STM32CubeIDE/plugins/com.st.stm32cube.ide.mcu.externaltools.gnu-tools-for-stm32.12.3.rel1.win32_1.0.200.202406191623/tools/bin/../lib/gcc/arm-none-eabi/12.3.1/../../../../arm-none-eabi/lib/thumb/v7e-m+fp/hard\libnosys.a
END GROUP
START GROUP
LOAD C:/ST/STM32CubeIDE_1.16.1/STM32CubeIDE/plugins/com.st.stm32cube.ide.mcu.externaltools.gnu-tools-for-stm32.12.3.rel1.win32_1.0.200.202406191623/tools/bin/../lib/gcc/arm-none-eabi/12.3.1/thumb/v7e-m+fp/hard\libgcc.a
LOAD C:/ST/STM32CubeIDE_1.16.1/STM32CubeIDE/plugins/com.st.stm32cube.ide.mcu.externaltools.gnu-tools-for-stm32.12.3.rel1.win32_1.0.200.202406191623/tools/bin/../lib/gcc/arm-none-eabi/12.3.1/../../../../arm-none-eabi/lib/thumb/v7e-m+fp/hard\libc_nano.a
LOAD C:/ST/STM32CubeIDE_1.16.1/STM32CubeIDE/plugins/com.st.stm32cube.ide.mcu.externaltools.gnu-tools-for-stm32.12.3.rel1.win32_1.0.200.202406191623/tools/bin/../lib/gcc/arm-none-eabi/12.3.1/../../../../arm-none-eabi/lib/thumb/v7e-m+fp/hard\libnosys.a
END GROUP
LOAD C:/ST/STM32CubeIDE_1.16.1/STM32CubeIDE/plugins/com.st.stm32cube.ide.mcu.externaltools.gnu-tools-for-stm32.12.3.rel1.win32_1.0.200.202406191623/tools/bin/../lib/gcc/arm-none-eabi/12.3.1/thumb/v7e-m+fp/hard/crtend.o
LOAD C:/ST/STM32CubeIDE_1.16.1/STM32CubeIDE/plugins/com.st.stm32cube.ide.mcu.externaltools.gnu-tools-for-stm32.12.3.rel1.win32_1.0.200.202406191623/tools/bin/../lib/gcc/arm-none-eabi/12.3.1/thumb/v7e-m+fp/hard/crtn.o
                0x20020000                        _estack = (ORIGIN (RAM) + LENGTH (RAM))
                0x00000200                        _Min_Heap_Size = 0x200
                0x00000400                        _Min_Stack_Size = 0x400

.isr_vector     0x08000000      0x188
                0x08000000                        . = ALIGN (0x4)
 *(.isr_vector)
 .isr_vector    0x08000000      0x188 ./Startup/startup_stm32f407vgtx.o
                0x08000000                g_pfnVectors
                0x08000188                        . = ALIGN (0x4)

.text           0x08000188      0xd78
                0x08000188                        . = ALIGN (0x4)
 *(.text)
 .text          0x08000188       0x40 C:/ST/STM32CubeIDE_1.16.1/STM32CubeIDE/plugins/com.st.stm32cube.ide.mcu.externaltools.gnu-tools-for-stm32.12.3.rel1.win32_1.0.200.202406191623/tools/bin/../lib/gcc/arm-none-eabi/12.3.1/thumb/v7e-m+fp/hard/crtbegin.o
 .text          0x080001c8      0x378 C:/ST/STM32CubeIDE_1.16.1/STM32CubeIDE/plugins/com.st.stm32cube.ide.mcu.externaltools.gnu-tools-for-stm32.12.3.rel1.win32_1.0.200.202406191623/tools/bin/../lib/gcc/arm-none-eabi/12.3.1/thumb/v7e-m+fp/hard\libgcc.a(_arm_addsubdf3.o)
                0x080001c8                __aeabi_drsub
                0x080001d0                __aeabi_dsub
                0x080001d0                __subdf3
                0x080001d4                __aeabi_dadd
                0x080001d4                __adddf3
                0x0800044c                __floatunsidf
                0x0800044c                __aeabi_ui2d
                0x0800046c                __floatsidf
                0x0800046c                __aeabi_i2d
                0x08000490                __aeabi_f2d
                0x08000490                __extendsfdf2
                0x080004d4                __floatundidf
                0x080004d4                __aeabi_ul2d
                0x080004e4                __floatdidf
                0x080004e4                __aeabi_l2d
 .text          0x08000540      0x424 C:/ST/STM32CubeIDE_1.16.1/STM32CubeIDE/plugins/com.st.stm32cube.ide.mcu.externaltools.gnu-tools-for-stm32.12.3.rel1.win32_1.0.200.202406191623/tools/bin/../lib/gcc/arm-none-eabi/12.3.1/thumb/v7e-m+fp/hard\libgcc.a(_arm_muldivdf3.o)
                0x08000540                __aeabi_dmul
                0x08000540                __muldf3
                0x08000794                __divdf3
                0x08000794                __aeabi_ddiv
 .text          0x08000964       0xa0 C:/ST/STM32CubeIDE_1.16.1/STM32CubeIDE/plugins/com.st.stm32cube.ide.mcu.externaltools.gnu-tools-for-stm32.12.3.rel1.win32_1.0.200.202406191623/tools/bin/../lib/gcc/arm-none-eabi/12.3.1/thumb/v7e-m+fp/hard\libgcc.a(_arm_truncdfsf2.o)
                0x08000964                __truncdfsf2
                0x08000964                __aeabi_d2f
 *(.text*)
 .text.__NVIC_EnableIRQ
                0x08000a04       0x3c ./Src/adc.o
 .text.adc_init
                0x08000a40      0x214 ./Src/adc.o
                0x08000a40                adc_init
 .text.adc_start
                0x08000c54       0x30 ./Src/adc.o
                0x08000c54                adc_start
 *fill*         0x08000c84        0x4 
 .text.adc_convert
                0x08000c88       0x80 ./Src/adc.o
                0x08000c88                adc_convert
 .text.DMA2_Stream0_IRQHandler
                0x08000d08       0x34 ./Src/adc.o
                0x08000d08                DMA2_Stream0_IRQHandler
 .text.clock_max_config
                0x08000d3c       0xe8 ./Src/clock.o
                0x08000d3c                clock_max_config
 .text.main     0x08000e24       0x28 ./Src/main.o
                0x08000e24                main
 .text.Reset_Handler
                0x08000e4c       0x50 ./Startup/startup_stm32f407vgtx.o
                0x08000e4c                Reset_Handler
 .text.Default_Handler
                0x08000e9c        0x2 ./Startup/startup_stm32f407vgtx.o
                0x08000e9c                RTC_Alarm_IRQHandler
                0x08000e9c                HASH_RNG_IRQHandler
                0x08000e9c                EXTI2_IRQHandler
                0x08000e9c                TIM8_CC_IRQHandler
                0x08000e9c                DebugMon_Handler
                0x08000e9c                TIM1_CC_IRQHandler
                0x08000e9c                DMA2_Stream5_IRQHandler
                0x08000e9c                HardFault_Handler
                0x08000e9c                DMA1_Stream5_IRQHandler
                0x08000e9c                SysTick_Handler
                0x08000e9c                PVD_IRQHandler
                0x08000e9c                SDIO_IRQHandler
                0x08000e9c                TAMP_STAMP_IRQHandler
                0x08000e9c                PendSV_Handler
                0x08000e9c                NMI_Handler
                0x08000e9c                CAN2_RX1_IRQHandler
                0x08000e9c                EXTI3_IRQHandler
                0x08000e9c                TIM8_TRG_COM_TIM14_IRQHandler
                0x08000e9c                TIM1_UP_TIM10_IRQHandler
                0x08000e9c                TIM8_UP_TIM13_IRQHandler
                0x08000e9c                I2C3_ER_IRQHandler
                0x08000e9c                EXTI0_IRQHandler
                0x08000e9c                I2C2_EV_IRQHandler
                0x08000e9c                DMA1_Stream2_IRQHandler
                0x08000e9c                CAN1_RX0_IRQHandler
                0x08000e9c                FPU_IRQHandler
                0x08000e9c                OTG_HS_WKUP_IRQHandler
                0x08000e9c                UsageFault_Handler
                0x08000e9c                CAN2_SCE_IRQHandler
                0x08000e9c                DMA2_Stream2_IRQHandler
                0x08000e9c                SPI1_IRQHandler
                0x08000e9c                TIM6_DAC_IRQHandler
                0x08000e9c                TIM1_BRK_TIM9_IRQHandler
                0x08000e9c                DCMI_IRQHandler
                0x08000e9c                CAN2_RX0_IRQHandler
                0x08000e9c                DMA2_Stream3_IRQHandler
                0x08000e9c                USART6_IRQHandler
                0x08000e9c                USART3_IRQHandler
                0x08000e9c                CRYP_IRQHandler
                0x08000e9c                CAN1_RX1_IRQHandler
                0x08000e9c                UART5_IRQHandler
                0x08000e9c                TIM4_IRQHandler
                0x08000e9c                I2C1_EV_IRQHandler
                0x08000e9c                DMA1_Stream6_IRQHandler
                0x08000e9c                DMA1_Stream1_IRQHandler
                0x08000e9c                UART4_IRQHandler
                0x08000e9c                TIM3_IRQHandler
                0x08000e9c                RCC_IRQHandler
                0x08000e9c                TIM8_BRK_TIM12_IRQHandler
                0x08000e9c                Default_Handler
                0x08000e9c                EXTI15_10_IRQHandler
                0x08000e9c                ADC_IRQHandler
                0x08000e9c                DMA1_Stream7_IRQHandler
                0x08000e9c                TIM7_IRQHandler
                0x08000e9c                CAN2_TX_IRQHandler
                0x08000e9c                TIM5_IRQHandler
                0x08000e9c                DMA2_Stream7_IRQHandler
                0x08000e9c                I2C3_EV_IRQHandler
                0x08000e9c                EXTI9_5_IRQHandler
                0x08000e9c                RTC_WKUP_IRQHandler
                0x08000e9c                ETH_WKUP_IRQHandler
                0x08000e9c                SPI2_IRQHandler
                0x08000e9c                OTG_HS_EP1_IN_IRQHandler
                0x08000e9c                MemManage_Handler
                0x08000e9c                DMA1_Stream0_IRQHandler
                0x08000e9c                CAN1_TX_IRQHandler
                0x08000e9c                SVC_Handler
                0x08000e9c                EXTI4_IRQHandler
                0x08000e9c                FSMC_IRQHandler
                0x08000e9c                ETH_IRQHandler
                0x08000e9c                OTG_HS_EP1_OUT_IRQHandler
                0x08000e9c                WWDG_IRQHandler
                0x08000e9c                TIM2_IRQHandler
                0x08000e9c                OTG_FS_WKUP_IRQHandler
                0x08000e9c                TIM1_TRG_COM_TIM11_IRQHandler
                0x08000e9c                OTG_HS_IRQHandler
                0x08000e9c                EXTI1_IRQHandler
                0x08000e9c                USART2_IRQHandler
                0x08000e9c                I2C2_ER_IRQHandler
                0x08000e9c                DMA2_Stream1_IRQHandler
                0x08000e9c                CAN1_SCE_IRQHandler
                0x08000e9c                DMA2_Stream4_IRQHandler
                0x08000e9c                BusFault_Handler
                0x08000e9c                USART1_IRQHandler
                0x08000e9c                OTG_FS_IRQHandler
                0x08000e9c                SPI3_IRQHandler
                0x08000e9c                DMA1_Stream4_IRQHandler
                0x08000e9c                I2C1_ER_IRQHandler
                0x08000e9c                DMA2_Stream6_IRQHandler
                0x08000e9c                DMA1_Stream3_IRQHandler
 *fill*         0x08000e9e        0x2 
 .text.__libc_init_array
                0x08000ea0       0x48 C:/ST/STM32CubeIDE_1.16.1/STM32CubeIDE/plugins/com.st.stm32cube.ide.mcu.externaltools.gnu-tools-for-stm32.12.3.rel1.win32_1.0.200.202406191623/tools/bin/../lib/gcc/arm-none-eabi/12.3.1/../../../../arm-none-eabi/lib/thumb/v7e-m+fp/hard\libc_nano.a(libc_a-init.o)
                0x08000ea0                __libc_init_array
 *(.glue_7)
 .glue_7        0x08000ee8        0x0 linker stubs
 *(.glue_7t)
 .glue_7t       0x08000ee8        0x0 linker stubs
 *(.eh_frame)
 .eh_frame      0x08000ee8        0x0 C:/ST/STM32CubeIDE_1.16.1/STM32CubeIDE/plugins/com.st.stm32cube.ide.mcu.externaltools.gnu-tools-for-stm32.12.3.rel1.win32_1.0.200.202406191623/tools/bin/../lib/gcc/arm-none-eabi/12.3.1/thumb/v7e-m+fp/hard/crtbegin.o
 *(.init)
 .init          0x08000ee8        0x4 C:/ST/STM32CubeIDE_1.16.1/STM32CubeIDE/plugins/com.st.stm32cube.ide.mcu.externaltools.gnu-tools-for-stm32.12.3.rel1.win32_1.0.200.202406191623/tools/bin/../lib/gcc/arm-none-eabi/12.3.1/thumb/v7e-m+fp/hard/crti.o
                0x08000ee8                _init
 .init          0x08000eec        0x8 C:/ST/STM32CubeIDE_1.16.1/STM32CubeIDE/plugins/com.st.stm32cube.ide.mcu.externaltools.gnu-tools-for-stm32.12.3.rel1.win32_1.0.200.202406191623/tools/bin/../lib/gcc/arm-none-eabi/12.3.1/thumb/v7e-m+fp/hard/crtn.o
 *(.fini)
 .fini          0x08000ef4        0x4 C:/ST/STM32CubeIDE_1.16.1/STM32CubeIDE/plugins/com.st.stm32cube.ide.mcu.externaltools.gnu-tools-for-stm32.12.3.rel1.win32_1.0.200.202406191623/tools/bin/../lib/gcc/arm-none-eabi/12.3.1/thumb/v7e-m+fp/hard/crti.o
                0x08000ef4                _fini
 .fini          0x08000ef8        0x8 C:/ST/STM32CubeIDE_1.16.1/STM32CubeIDE/plugins/com.st.stm32cube.ide.mcu.externaltools.gnu-tools-for-stm32.12.3.rel1.win32_1.0.200.202406191623/tools/bin/../lib/gcc/arm-none-eabi/12.3.1/thumb/v7e-m+fp/hard/crtn.o
                0x08000f00                        . = ALIGN (0x4)
                0x08000f00                        _etext = .

.vfp11_veneer   0x08000f00        0x0
 .vfp11_veneer  0x08000f00        0x0 linker stubs

.v4_bx          0x08000f00        0x0
 .v4_bx         0x08000f00        0x0 linker stubs

.iplt           0x08000f00        0x0
 .iplt          0x08000f00        0x0 C:/ST/STM32CubeIDE_1.16.1/STM32CubeIDE/plugins/com.st.stm32cube.ide.mcu.externaltools.gnu-tools-for-stm32.12.3.rel1.win32_1.0.200.202406191623/tools/bin/../lib/gcc/arm-none-eabi/12.3.1/thumb/v7e-m+fp/hard/crtbegin.o

.rodata         0x08000f00        0x0
                0x08000f00                        . = ALIGN (0x4)
 *(.rodata)
 *(.rodata*)
                0x08000f00                        . = ALIGN (0x4)

.ARM.extab      0x08000f00        0x0
                0x08000f00                        . = ALIGN (0x4)
 *(.ARM.extab* .gnu.linkonce.armextab.*)
                0x08000f00                        . = ALIGN (0x4)

.ARM            0x08000f00        0x0
                0x08000f00                        . = ALIGN (0x4)
                0x08000f00                        __exidx_start = .
 *(.ARM.exidx*)
                0x08000f00                        __exidx_end = .
                0x08000f00                        . = ALIGN (0x4)

.preinit_array  0x08000f00        0x0
                0x08000f00                        . = ALIGN (0x4)
                0x08000f00                        PROVIDE (__preinit_array_start = .)
 *(.preinit_array*)
                0x08000f00                        PROVIDE (__preinit_array_end = .)
                0x08000f00                        . = ALIGN (0x4)

.init_array     0x08000f00        0x4
                0x08000f00                        . = ALIGN (0x4)
                0x08000f00                        PROVIDE (__init_array_start = .)
 *(SORT_BY_NAME(.init_array.*))
 *(.init_array*)
 .init_array    0x08000f00        0x4 C:/ST/STM32CubeIDE_1.16.1/STM32CubeIDE/plugins/com.st.stm32cube.ide.mcu.externaltools.gnu-tools-for-stm32.12.3.rel1.win32_1.0.200.202406191623/tools/bin/../lib/gcc/arm-none-eabi/12.3.1/thumb/v7e-m+fp/hard/crtbegin.o
                0x08000f04                        PROVIDE (__init_array_end = .)
                0x08000f04                        . = ALIGN (0x4)

.fini_array     0x08000f04        0x4
                0x08000f04                        . = ALIGN (0x4)
                [!provide]                        PROVIDE (__fini_array_start = .)
 *(SORT_BY_NAME(.fini_array.*))
 *(.fini_array*)
 .fini_array    0x08000f04        0x4 C:/ST/STM32CubeIDE_1.16.1/STM32CubeIDE/plugins/com.st.stm32cube.ide.mcu.externaltools.gnu-tools-for-stm32.12.3.rel1.win32_1.0.200.202406191623/tools/bin/../lib/gcc/arm-none-eabi/12.3.1/thumb/v7e-m+fp/hard/crtbegin.o
                [!provide]                        PROVIDE (__fini_array_end = .)
                0x08000f08                        . = ALIGN (0x4)
                0x08000f08                        _sidata = LOADADDR (.data)

.rel.dyn        0x08000f08        0x0
 .rel.iplt      0x08000f08        0x0 C:/ST/STM32CubeIDE_1.16.1/STM32CubeIDE/plugins/com.st.stm32cube.ide.mcu.externaltools.gnu-tools-for-stm32.12.3.rel1.win32_1.0.200.202406191623/tools/bin/../lib/gcc/arm-none-eabi/12.3.1/thumb/v7e-m+fp/hard/crtbegin.o

.data           0x20000000        0x0 load address 0x08000f08
                0x20000000                        . = ALIGN (0x4)
                0x20000000                        _sdata = .
 *(.data)
 *(.data*)
 *(.RamFunc)
 *(.RamFunc*)
                0x20000000                        . = ALIGN (0x4)
                0x20000000                        _edata = .
                0x08000f08                        _siccmram = LOADADDR (.ccmram)

.igot.plt       0x20000000        0x0 load address 0x08000f08
 .igot.plt      0x20000000        0x0 C:/ST/STM32CubeIDE_1.16.1/STM32CubeIDE/plugins/com.st.stm32cube.ide.mcu.externaltools.gnu-tools-for-stm32.12.3.rel1.win32_1.0.200.202406191623/tools/bin/../lib/gcc/arm-none-eabi/12.3.1/thumb/v7e-m+fp/hard/crtbegin.o

.ccmram         0x10000000        0x0 load address 0x08000f08
                0x10000000                        . = ALIGN (0x4)
                0x10000000                        _sccmram = .
 *(.ccmram)
 *(.ccmram*)
                0x10000000                        . = ALIGN (0x4)
                0x10000000                        _eccmram = .
                0x10000000                        . = ALIGN (0x4)

.bss            0x20000000       0x38
                0x20000000                        _sbss = .
                0x20000000                        __bss_start__ = _sbss
 *(.bss)
 .bss           0x20000000       0x1c C:/ST/STM32CubeIDE_1.16.1/STM32CubeIDE/plugins/com.st.stm32cube.ide.mcu.externaltools.gnu-tools-for-stm32.12.3.rel1.win32_1.0.200.202406191623/tools/bin/../lib/gcc/arm-none-eabi/12.3.1/thumb/v7e-m+fp/hard/crtbegin.o
 *(.bss*)
 .bss.adc_data  0x2000001c        0xc ./Src/adc.o
                0x2000001c                adc_data
 .bss.dma2_status
                0x20000028        0x2 ./Src/adc.o
                0x20000028                dma2_status
 *fill*         0x2000002a        0x2 
 .bss.adc_vdata
                0x2000002c        0xc ./Src/adc.o
                0x2000002c                adc_vdata
 *(COMMON)
                0x20000038                        . = ALIGN (0x4)
                0x20000038                        _ebss = .
                0x20000038                        __bss_end__ = _ebss

._user_heap_stack
                0x20000038      0x600
                0x20000038                        . = ALIGN (0x8)
                [!provide]                        PROVIDE (end = .)
                0x20000038                        PROVIDE (_end = .)
                0x20000238                        . = (. + _Min_Heap_Size)
 *fill*         0x20000038      0x200 
                0x20000638                        . = (. + _Min_Stack_Size)
 *fill*         0x20000238      0x400 
                0x20000638                        . = ALIGN (0x8)

/DISCARD/
 libc.a(*)
 libm.a(*)
 libgcc.a(*)

.ARM.attributes
                0x00000000       0x30
 *(.ARM.attributes)
 .ARM.attributes
                0x00000000       0x22 C:/ST/STM32CubeIDE_1.16.1/STM32CubeIDE/plugins/com.st.stm32cube.ide.mcu.externaltools.gnu-tools-for-stm32.12.3.rel1.win32_1.0.200.202406191623/tools/bin/../lib/gcc/arm-none-eabi/12.3.1/thumb/v7e-m+fp/hard/crti.o
 .ARM.attributes
                0x00000022       0x34 C:/ST/STM32CubeIDE_1.16.1/STM32CubeIDE/plugins/com.st.stm32cube.ide.mcu.externaltools.gnu-tools-for-stm32.12.3.rel1.win32_1.0.200.202406191623/tools/bin/../lib/gcc/arm-none-eabi/12.3.1/thumb/v7e-m+fp/hard/crtbegin.o
 .ARM.attributes
                0x00000056       0x34 ./Src/adc.o
 .ARM.attributes
                0x0000008a       0x34 ./Src/clock.o
 .ARM.attributes
                0x000000be       0x34 ./Src/main.o
 .ARM.attributes
                0x000000f2       0x21 ./Startup/startup_stm32f407vgtx.o
 .ARM.attributes
                0x00000113       0x34 C:/ST/STM32CubeIDE_1.16.1/STM32CubeIDE/plugins/com.st.stm32cube.ide.mcu.externaltools.gnu-tools-for-stm32.12.3.rel1.win32_1.0.200.202406191623/tools/bin/../lib/gcc/arm-none-eabi/12.3.1/../../../../arm-none-eabi/lib/thumb/v7e-m+fp/hard\libc_nano.a(libc_a-init.o)
 .ARM.attributes
                0x00000147       0x22 C:/ST/STM32CubeIDE_1.16.1/STM32CubeIDE/plugins/com.st.stm32cube.ide.mcu.externaltools.gnu-tools-for-stm32.12.3.rel1.win32_1.0.200.202406191623/tools/bin/../lib/gcc/arm-none-eabi/12.3.1/thumb/v7e-m+fp/hard\libgcc.a(_arm_addsubdf3.o)
 .ARM.attributes
                0x00000169       0x22 C:/ST/STM32CubeIDE_1.16.1/STM32CubeIDE/plugins/com.st.stm32cube.ide.mcu.externaltools.gnu-tools-for-stm32.12.3.rel1.win32_1.0.200.202406191623/tools/bin/../lib/gcc/arm-none-eabi/12.3.1/thumb/v7e-m+fp/hard\libgcc.a(_arm_muldivdf3.o)
 .ARM.attributes
                0x0000018b       0x22 C:/ST/STM32CubeIDE_1.16.1/STM32CubeIDE/plugins/com.st.stm32cube.ide.mcu.externaltools.gnu-tools-for-stm32.12.3.rel1.win32_1.0.200.202406191623/tools/bin/../lib/gcc/arm-none-eabi/12.3.1/thumb/v7e-m+fp/hard\libgcc.a(_arm_truncdfsf2.o)
 .ARM.attributes
                0x000001ad       0x22 C:/ST/STM32CubeIDE_1.16.1/STM32CubeIDE/plugins/com.st.stm32cube.ide.mcu.externaltools.gnu-tools-for-stm32.12.3.rel1.win32_1.0.200.202406191623/tools/bin/../lib/gcc/arm-none-eabi/12.3.1/thumb/v7e-m+fp/hard/crtn.o
OUTPUT(FSR.elf elf32-littlearm)
LOAD linker stubs
LOAD C:/ST/STM32CubeIDE_1.16.1/STM32CubeIDE/plugins/com.st.stm32cube.ide.mcu.externaltools.gnu-tools-for-stm32.12.3.rel1.win32_1.0.200.202406191623/tools/bin/../lib/gcc/arm-none-eabi/12.3.1/../../../../arm-none-eabi/lib/thumb/v7e-m+fp/hard\libc.a
LOAD C:/ST/STM32CubeIDE_1.16.1/STM32CubeIDE/plugins/com.st.stm32cube.ide.mcu.externaltools.gnu-tools-for-stm32.12.3.rel1.win32_1.0.200.202406191623/tools/bin/../lib/gcc/arm-none-eabi/12.3.1/../../../../arm-none-eabi/lib/thumb/v7e-m+fp/hard\libm.a
LOAD C:/ST/STM32CubeIDE_1.16.1/STM32CubeIDE/plugins/com.st.stm32cube.ide.mcu.externaltools.gnu-tools-for-stm32.12.3.rel1.win32_1.0.200.202406191623/tools/bin/../lib/gcc/arm-none-eabi/12.3.1/thumb/v7e-m+fp/hard\libgcc.a

.debug_info     0x00000000      0xe4e
 .debug_info    0x00000000      0xaac ./Src/adc.o
 .debug_info    0x00000aac      0x291 ./Src/clock.o
 .debug_info    0x00000d3d       0xe1 ./Src/main.o
 .debug_info    0x00000e1e       0x30 ./Startup/startup_stm32f407vgtx.o

.debug_abbrev   0x00000000      0x342
 .debug_abbrev  0x00000000      0x1e5 ./Src/adc.o
 .debug_abbrev  0x000001e5       0xb5 ./Src/clock.o
 .debug_abbrev  0x0000029a       0x84 ./Src/main.o
 .debug_abbrev  0x0000031e       0x24 ./Startup/startup_stm32f407vgtx.o

.debug_aranges  0x00000000       0xa8
 .debug_aranges
                0x00000000       0x40 ./Src/adc.o
 .debug_aranges
                0x00000040       0x20 ./Src/clock.o
 .debug_aranges
                0x00000060       0x20 ./Src/main.o
 .debug_aranges
                0x00000080       0x28 ./Startup/startup_stm32f407vgtx.o

.debug_rnglists
                0x00000000       0x6d
 .debug_rnglists
                0x00000000       0x2d ./Src/adc.o
 .debug_rnglists
                0x0000002d       0x14 ./Src/clock.o
 .debug_rnglists
                0x00000041       0x13 ./Src/main.o
 .debug_rnglists
                0x00000054       0x19 ./Startup/startup_stm32f407vgtx.o

.debug_macro    0x00000000    0x19acf
 .debug_macro   0x00000000      0x356 ./Src/adc.o
 .debug_macro   0x00000356      0xacc ./Src/adc.o
 .debug_macro   0x00000e22       0x22 ./Src/adc.o
 .debug_macro   0x00000e44       0x8e ./Src/adc.o
 .debug_macro   0x00000ed2       0x51 ./Src/adc.o
 .debug_macro   0x00000f23      0x103 ./Src/adc.o
 .debug_macro   0x00001026       0x6a ./Src/adc.o
 .debug_macro   0x00001090      0x1df ./Src/adc.o
 .debug_macro   0x0000126f       0x61 ./Src/adc.o
 .debug_macro   0x000012d0       0x2a ./Src/adc.o
 .debug_macro   0x000012fa       0x43 ./Src/adc.o
 .debug_macro   0x0000133d       0x34 ./Src/adc.o
 .debug_macro   0x00001371       0x16 ./Src/adc.o
 .debug_macro   0x00001387       0x9e ./Src/adc.o
 .debug_macro   0x00001425      0x369 ./Src/adc.o
 .debug_macro   0x0000178e      0x10b ./Src/adc.o
 .debug_macro   0x00001899       0x10 ./Src/adc.o
 .debug_macro   0x000018a9       0x16 ./Src/adc.o
 .debug_macro   0x000018bf       0x43 ./Src/adc.o
 .debug_macro   0x00001902       0x34 ./Src/adc.o
 .debug_macro   0x00001936       0x10 ./Src/adc.o
 .debug_macro   0x00001946       0x58 ./Src/adc.o
 .debug_macro   0x0000199e       0x8e ./Src/adc.o
 .debug_macro   0x00001a2c       0x1c ./Src/adc.o
 .debug_macro   0x00001a48      0x177 ./Src/adc.o
 .debug_macro   0x00001bbf       0x16 ./Src/adc.o
 .debug_macro   0x00001bd5       0x16 ./Src/adc.o
 .debug_macro   0x00001beb      0x146 ./Src/adc.o
 .debug_macro   0x00001d31       0xfb ./Src/adc.o
 .debug_macro   0x00001e2c       0x16 ./Src/adc.o
 .debug_macro   0x00001e42       0x35 ./Src/adc.o
 .debug_macro   0x00001e77       0x20 ./Src/adc.o
 .debug_macro   0x00001e97      0x19b ./Src/adc.o
 .debug_macro   0x00002032      0x201 ./Src/adc.o
 .debug_macro   0x00002233       0x7c ./Src/adc.o
 .debug_macro   0x000022af       0x17 ./Src/adc.o
 .debug_macro   0x000022c6      0x118 ./Src/adc.o
 .debug_macro   0x000023de       0xb9 ./Src/adc.o
 .debug_macro   0x00002497       0x42 ./Src/adc.o
 .debug_macro   0x000024d9       0x35 ./Src/adc.o
 .debug_macro   0x0000250e       0x1c ./Src/adc.o
 .debug_macro   0x0000252a       0x22 ./Src/adc.o
 .debug_macro   0x0000254c       0x16 ./Src/adc.o
 .debug_macro   0x00002562       0x10 ./Src/adc.o
 .debug_macro   0x00002572       0x28 ./Src/adc.o
 .debug_macro   0x0000259a       0x2f ./Src/adc.o
 .debug_macro   0x000025c9       0x1c ./Src/adc.o
 .debug_macro   0x000025e5       0x22 ./Src/adc.o
 .debug_macro   0x00002607     0x1011 ./Src/adc.o
 .debug_macro   0x00003618      0x11f ./Src/adc.o
 .debug_macro   0x00003737    0x15e97 ./Src/adc.o
 .debug_macro   0x000195ce       0x6d ./Src/adc.o
 .debug_macro   0x0001963b       0x16 ./Src/adc.o
 .debug_macro   0x00019651       0xf0 ./Src/clock.o
 .debug_macro   0x00019741      0x372 ./Src/main.o
 .debug_macro   0x00019ab3       0x1c ./Src/main.o

.debug_line     0x00000000     0x1d9c
 .debug_line    0x00000000      0xc63 ./Src/adc.o
 .debug_line    0x00000c63      0x5fd ./Src/clock.o
 .debug_line    0x00001260      0xac1 ./Src/main.o
 .debug_line    0x00001d21       0x7b ./Startup/startup_stm32f407vgtx.o

.debug_str      0x00000000    0x8e18d
 .debug_str     0x00000000    0x8e0ae ./Src/adc.o
                              0x8e40a (size before relaxing)
 .debug_str     0x0008e0ae       0x7b ./Src/clock.o
                              0x8851a (size before relaxing)
 .debug_str     0x0008e129       0x25 ./Src/main.o
                              0x8dc6e (size before relaxing)
 .debug_str     0x0008e14e       0x3f ./Startup/startup_stm32f407vgtx.o
                                 0x7f (size before relaxing)

.comment        0x00000000       0x43
 .comment       0x00000000       0x43 ./Src/adc.o
                                 0x44 (size before relaxing)
 .comment       0x00000043       0x44 ./Src/clock.o
 .comment       0x00000043       0x44 ./Src/main.o

.debug_frame    0x00000000      0x25c
 .debug_frame   0x00000000       0xb4 ./Src/adc.o
 .debug_frame   0x000000b4       0x30 ./Src/clock.o
 .debug_frame   0x000000e4       0x2c ./Src/main.o
 .debug_frame   0x00000110       0x2c C:/ST/STM32CubeIDE_1.16.1/STM32CubeIDE/plugins/com.st.stm32cube.ide.mcu.externaltools.gnu-tools-for-stm32.12.3.rel1.win32_1.0.200.202406191623/tools/bin/../lib/gcc/arm-none-eabi/12.3.1/../../../../arm-none-eabi/lib/thumb/v7e-m+fp/hard\libc_nano.a(libc_a-init.o)
 .debug_frame   0x0000013c       0xac C:/ST/STM32CubeIDE_1.16.1/STM32CubeIDE/plugins/com.st.stm32cube.ide.mcu.externaltools.gnu-tools-for-stm32.12.3.rel1.win32_1.0.200.202406191623/tools/bin/../lib/gcc/arm-none-eabi/12.3.1/thumb/v7e-m+fp/hard\libgcc.a(_arm_addsubdf3.o)
 .debug_frame   0x000001e8       0x50 C:/ST/STM32CubeIDE_1.16.1/STM32CubeIDE/plugins/com.st.stm32cube.ide.mcu.externaltools.gnu-tools-for-stm32.12.3.rel1.win32_1.0.200.202406191623/tools/bin/../lib/gcc/arm-none-eabi/12.3.1/thumb/v7e-m+fp/hard\libgcc.a(_arm_muldivdf3.o)
 .debug_frame   0x00000238       0x24 C:/ST/STM32CubeIDE_1.16.1/STM32CubeIDE/plugins/com.st.stm32cube.ide.mcu.externaltools.gnu-tools-for-stm32.12.3.rel1.win32_1.0.200.202406191623/tools/bin/../lib/gcc/arm-none-eabi/12.3.1/thumb/v7e-m+fp/hard\libgcc.a(_arm_truncdfsf2.o)

.debug_line_str
                0x00000000       0x63
 .debug_line_str
                0x00000000       0x63 ./Startup/startup_stm32f407vgtx.o
